Copyright 1986-2018 Xilinx, Inc. All Rights Reserved.
----------------------------------------------------------------------------------------------------------------------------------------------------------------------
| Tool Version     : Vivado v.2018.3 (win64) Build 2405991 Thu Dec  6 23:38:27 MST 2018
| Date             : Sun Jul 26 02:11:01 2026
| Host             : Toph running 64-bit major release  (build 9200)
| Command          : report_power -file design_1_wrapper_power_routed.rpt -pb design_1_wrapper_power_summary_routed.pb -rpx design_1_wrapper_power_routed.rpx
| Design           : design_1_wrapper
| Device           : xc7z020clg400-2
| Design State     : routed
| Grade            : commercial
| Process          : typical
| Characterization : Production
----------------------------------------------------------------------------------------------------------------------------------------------------------------------

Power Report

Table of Contents
-----------------
1. Summary
1.1 On-Chip Components
1.2 Power Supply Summary
1.3 Confidence Level
2. Settings
2.1 Environment
2.2 Clock Constraints
3. Detailed Reports
3.1 By Hierarchy

1. Summary
----------

+--------------------------+--------------+
| Total On-Chip Power (W)  | 2.095        |
| Design Power Budget (W)  | Unspecified* |
| Power Budget Margin (W)  | NA           |
| Dynamic (W)              | 1.935        |
| Device Static (W)        | 0.159        |
| Effective TJA (C/W)      | 11.5         |
| Max Ambient (C)          | 60.8         |
| Junction Temperature (C) | 49.2         |
| Confidence Level         | Low          |
| Setting File             | ---          |
| Simulation Activity File | ---          |
| Design Nets Matched      | NA           |
+--------------------------+--------------+
* Specify Design Power Budget using, set_operating_conditions -design_power_budget <value in Watts>


1.1 On-Chip Components
----------------------

+--------------------------+-----------+----------+-----------+-----------------+
| On-Chip                  | Power (W) | Used     | Available | Utilization (%) |
+--------------------------+-----------+----------+-----------+-----------------+
| Clocks                   |     0.046 |       12 |       --- |             --- |
| Slice Logic              |     0.049 |    47140 |       --- |             --- |
|   LUT as Logic           |     0.040 |    15564 |     53200 |           29.26 |
|   CARRY4                 |     0.005 |     1834 |     13300 |           13.79 |
|   Register               |     0.003 |    21577 |    106400 |           20.28 |
|   LUT as Distributed RAM |    <0.001 |      592 |     17400 |            3.40 |
|   LUT as Shift Register  |    <0.001 |     1062 |     17400 |            6.10 |
|   F7/F8 Muxes            |    <0.001 |      576 |     53200 |            1.08 |
|   Others                 |     0.000 |     2443 |       --- |             --- |
| Signals                  |     0.053 |    33033 |       --- |             --- |
| Block RAM                |     0.014 |     57.5 |       140 |           41.07 |
| MMCM                     |     0.216 |        2 |         4 |           50.00 |
| DSPs                     |     0.014 |       24 |       220 |           10.91 |
| I/O                      |     0.011 |       42 |       125 |           33.60 |
| PS7                      |     1.532 |        1 |       --- |             --- |
| Static Power             |     0.159 |          |           |                 |
| Total                    |     2.095 |          |           |                 |
+--------------------------+-----------+----------+-----------+-----------------+


1.2 Power Supply Summary
------------------------

+-----------+-------------+-----------+-------------+------------+
| Source    | Voltage (V) | Total (A) | Dynamic (A) | Static (A) |
+-----------+-------------+-----------+-------------+------------+
| Vccint    |       1.000 |     0.196 |       0.176 |      0.020 |
| Vccaux    |       1.800 |     0.137 |       0.120 |      0.017 |
| Vcco33    |       3.300 |     0.004 |       0.003 |      0.001 |
| Vcco25    |       2.500 |     0.000 |       0.000 |      0.000 |
| Vcco18    |       1.800 |     0.000 |       0.000 |      0.000 |
| Vcco15    |       1.500 |     0.000 |       0.000 |      0.000 |
| Vcco135   |       1.350 |     0.000 |       0.000 |      0.000 |
| Vcco12    |       1.200 |     0.000 |       0.000 |      0.000 |
| Vccaux_io |       1.800 |     0.000 |       0.000 |      0.000 |
| Vccbram   |       1.000 |     0.006 |       0.001 |      0.005 |
| MGTAVcc   |       1.000 |     0.000 |       0.000 |      0.000 |
| MGTAVtt   |       1.200 |     0.000 |       0.000 |      0.000 |
| MGTVccaux |       1.800 |     0.000 |       0.000 |      0.000 |
| Vccpint   |       1.000 |     0.762 |       0.727 |      0.035 |
| Vccpaux   |       1.800 |     0.061 |       0.050 |      0.010 |
| Vccpll    |       1.800 |     0.019 |       0.016 |      0.003 |
| Vcco_ddr  |       1.500 |     0.459 |       0.457 |      0.002 |
| Vcco_mio0 |       1.800 |     0.001 |       0.000 |      0.001 |
| Vcco_mio1 |       1.800 |     0.000 |       0.000 |      0.000 |
| Vccadc    |       1.800 |     0.020 |       0.000 |      0.020 |
+-----------+-------------+-----------+-------------+------------+


1.3 Confidence Level
--------------------

+-----------------------------+------------+--------------------------------------------------------+------------------------------------------------------------------------------------------------------------+
| User Input Data             | Confidence | Details                                                | Action                                                                                                     |
+-----------------------------+------------+--------------------------------------------------------+------------------------------------------------------------------------------------------------------------+
| Design implementation state | High       | Design is routed                                       |                                                                                                            |
| Clock nodes activity        | High       | User specified more than 95% of clocks                 |                                                                                                            |
| I/O nodes activity          | Low        | More than 75% of inputs are missing user specification | Provide missing input activity with simulation results or by editing the "By Resource Type -> I/Os" view   |
| Internal nodes activity     | Medium     | User specified less than 25% of internal nodes         | Provide missing internal nodes activity with simulation results or by editing the "By Resource Type" views |
| Device models               | High       | Device models are Production                           |                                                                                                            |
|                             |            |                                                        |                                                                                                            |
| Overall confidence level    | Low        |                                                        |                                                                                                            |
+-----------------------------+------------+--------------------------------------------------------+------------------------------------------------------------------------------------------------------------+


2. Settings
-----------

2.1 Environment
---------------

+-----------------------+------------------------+
| Ambient Temp (C)      | 25.0                   |
| ThetaJA (C/W)         | 11.5                   |
| Airflow (LFM)         | 250                    |
| Heat Sink             | none                   |
| ThetaSA (C/W)         | 0.0                    |
| Board Selection       | medium (10"x10")       |
| # of Board Layers     | 8to11 (8 to 11 Layers) |
| Board Temperature (C) | 25.0                   |
+-----------------------+------------------------+


2.2 Clock Constraints
---------------------

+--------------------------------------------------------------------------------------------+----------------------------------------------------------------------+-----------------+
| Clock                                                                                      | Domain                                                               | Constraint (ns) |
+--------------------------------------------------------------------------------------------+----------------------------------------------------------------------+-----------------+
| clk_fpga_0                                                                                 | design_1_i/processing_system7_0/inst/FCLK_CLK0                       |            16.7 |
| clk_fpga_0                                                                                 | design_1_i/processing_system7_0/inst/FCLK_CLK_unbuffered[0]          |            16.7 |
| clk_out1_design_1_clk_wiz_0_0                                                              | design_1_i/clk_wiz_0/inst/clk_out1_design_1_clk_wiz_0_0              |            16.7 |
| clk_out1_design_1_clk_wiz_1_0_1                                                            | design_1_i/clk_wiz_lcd/inst/clk_out1_design_1_clk_wiz_1_0            |            30.0 |
| clk_out2_design_1_clk_wiz_0_0                                                              | design_1_i/clk_wiz_0/inst/clk_out2_design_1_clk_wiz_0_0              |            16.7 |
| clkfbout_design_1_clk_wiz_0_0                                                              | design_1_i/clk_wiz_0/inst/clkfbout_design_1_clk_wiz_0_0              |            16.7 |
| clkfbout_design_1_clk_wiz_1_0_1                                                            | design_1_i/clk_wiz_lcd/inst/clkfbout_design_1_clk_wiz_1_0            |            16.7 |
| dbg_hub/inst/BSCANID.u_xsdbm_id/SWITCH_N_EXT_BSCAN.bscan_inst/SERIES7_BSCAN.bscan_inst/TCK | dbg_hub/inst/BSCANID.u_xsdbm_id/SWITCH_N_EXT_BSCAN.bscan_inst/tck_bs |            33.0 |
+--------------------------------------------------------------------------------------------+----------------------------------------------------------------------+-----------------+


3. Detailed Reports
-------------------

3.1 By Hierarchy
----------------

+----------------------------+-----------+
| Name                       | Power (W) |
+----------------------------+-----------+
| design_1_wrapper           |     1.935 |
|   dbg_hub                  |     0.002 |
|     inst                   |     0.002 |
|       BSCANID.u_xsdbm_id   |     0.002 |
|   design_1_i               |     1.922 |
|     ad9226_stage1_driver_0 |     0.002 |
|       inst                 |     0.002 |
|     axi_bram_ctrl_0        |     0.001 |
|       U0                   |     0.001 |
|     axi_smc                |     0.032 |
|       inst                 |     0.032 |
|     axi_smc_vdma_hp0       |     0.004 |
|       inst                 |     0.004 |
|     axi_vdma_0             |     0.005 |
|       U0                   |     0.005 |
|     blk_mem_gen_0          |     0.003 |
|       U0                   |     0.003 |
|     clk_wiz_0              |     0.107 |
|       inst                 |     0.107 |
|     clk_wiz_lcd            |     0.110 |
|       inst                 |     0.110 |
|     ddc_stage1_pl2_top_0   |     0.024 |
|       inst                 |     0.024 |
|     demod_pool_core_bpsk_0 |     0.076 |
|       inst                 |     0.076 |
|     ila_bpsk_0             |     0.020 |
|       inst                 |     0.020 |
|     processing_system7_0   |     1.532 |
|       inst                 |     1.532 |
|     smart_mux_stream_0     |     0.001 |
|       inst                 |     0.001 |
|     v_axi4s_vid_out_0      |     0.002 |
|       inst                 |     0.002 |
+----------------------------+-----------+


