
*** Running vivado
    with args -log design_1_wrapper.vdi -applog -m64 -product Vivado -messageDb vivado.pb -mode batch -source design_1_wrapper.tcl -notrace


****** Vivado v2018.3 (64-bit)
  **** SW Build 2405991 on Thu Dec  6 23:38:27 MST 2018
  **** IP Build 2404404 on Fri Dec  7 01:43:56 MST 2018
    ** Copyright 1986-2018 Xilinx, Inc. All Rights Reserved.

source design_1_wrapper.tcl -notrace
add_files: Time (s): cpu = 00:00:01 ; elapsed = 00:00:11 . Memory (MB): peak = 422.234 ; gain = 51.988
Command: link_design -top design_1_wrapper -part xc7z020clg400-2
Design is defaulting to srcset: sources_1
Design is defaulting to constrset: constrs_1
INFO: [Project 1-454] Reading design checkpoint 'c:/Users/Toph Beifong/Desktop/2023_step2_by_ygw_v4/2023_step2_by_ygw.srcs/sources_1/bd/design_1/ip/design_1_ad9226_stage1_driver_0_0/design_1_ad9226_stage1_driver_0_0.dcp' for cell 'design_1_i/ad9226_stage1_driver_0'
INFO: [Project 1-454] Reading design checkpoint 'c:/Users/Toph Beifong/Desktop/2023_step2_by_ygw_v4/2023_step2_by_ygw.srcs/sources_1/bd/design_1/ip/design_1_axi_bram_ctrl_0_0/design_1_axi_bram_ctrl_0_0.dcp' for cell 'design_1_i/axi_bram_ctrl_0'
INFO: [Project 1-454] Reading design checkpoint 'c:/Users/Toph Beifong/Desktop/2023_step2_by_ygw_v4/2023_step2_by_ygw.srcs/sources_1/bd/design_1/ip/design_1_axi_smc_1/design_1_axi_smc_1.dcp' for cell 'design_1_i/axi_smc'
INFO: [Project 1-454] Reading design checkpoint 'c:/Users/Toph Beifong/Desktop/2023_step2_by_ygw_v4/2023_step2_by_ygw.srcs/sources_1/bd/design_1/ip/design_1_blk_mem_gen_0_0/design_1_blk_mem_gen_0_0.dcp' for cell 'design_1_i/blk_mem_gen_0'
INFO: [Project 1-454] Reading design checkpoint 'c:/Users/Toph Beifong/Desktop/2023_step2_by_ygw_v4/2023_step2_by_ygw.srcs/sources_1/bd/design_1/ip/design_1_clk_wiz_0_0/design_1_clk_wiz_0_0.dcp' for cell 'design_1_i/clk_wiz_0'
INFO: [Project 1-454] Reading design checkpoint 'c:/Users/Toph Beifong/Desktop/2023_step2_by_ygw_v4/2023_step2_by_ygw.srcs/sources_1/bd/design_1/ip/design_1_dac904_driver_0_0/design_1_dac904_driver_0_0.dcp' for cell 'design_1_i/dac904_driver_0'
INFO: [Project 1-454] Reading design checkpoint 'c:/Users/Toph Beifong/Desktop/2023_step2_by_ygw_v4/2023_step2_by_ygw.srcs/sources_1/bd/design_1/ip/design_1_ddc_stage1_pl2_top_0_0/design_1_ddc_stage1_pl2_top_0_0.dcp' for cell 'design_1_i/ddc_stage1_pl2_top_0'
INFO: [Project 1-454] Reading design checkpoint 'c:/Users/Toph Beifong/Desktop/2023_step2_by_ygw_v4/2023_step2_by_ygw.srcs/sources_1/bd/design_1/ip/design_1_demod_pool_core_bpsk_0_0/design_1_demod_pool_core_bpsk_0_0.dcp' for cell 'design_1_i/demod_pool_core_bpsk_0'
INFO: [Project 1-454] Reading design checkpoint 'c:/Users/Toph Beifong/Desktop/2023_step2_by_ygw_v4/2023_step2_by_ygw.srcs/sources_1/bd/design_1/ip/design_1_feature_bram_writer_0_0/design_1_feature_bram_writer_0_0.dcp' for cell 'design_1_i/feature_bram_writer_0'
INFO: [Project 1-454] Reading design checkpoint 'c:/Users/Toph Beifong/Desktop/2023_step2_by_ygw_v4/2023_step2_by_ygw.srcs/sources_1/bd/design_1/ip/design_1_ila_bpsk_0_0/design_1_ila_bpsk_0_0.dcp' for cell 'design_1_i/ila_bpsk_0'
INFO: [Project 1-454] Reading design checkpoint 'c:/Users/Toph Beifong/Desktop/2023_step2_by_ygw_v4/2023_step2_by_ygw.srcs/sources_1/bd/design_1/ip/design_1_processing_system7_0_0/design_1_processing_system7_0_0.dcp' for cell 'design_1_i/processing_system7_0'
INFO: [Project 1-454] Reading design checkpoint 'c:/Users/Toph Beifong/Desktop/2023_step2_by_ygw_v4/2023_step2_by_ygw.srcs/sources_1/bd/design_1/ip/design_1_rst_ps7_0_100M_1/design_1_rst_ps7_0_100M_1.dcp' for cell 'design_1_i/rst_ps7_0_60M'
INFO: [Project 1-454] Reading design checkpoint 'c:/Users/Toph Beifong/Desktop/2023_step2_by_ygw_v4/2023_step2_by_ygw.srcs/sources_1/bd/design_1/ip/design_1_proc_sys_reset_0_1/design_1_proc_sys_reset_0_1.dcp' for cell 'design_1_i/rst_sample_60M'
INFO: [Project 1-454] Reading design checkpoint 'c:/Users/Toph Beifong/Desktop/2023_step2_by_ygw_v4/2023_step2_by_ygw.srcs/sources_1/bd/design_1/ip/design_1_util_vector_logic_0_0/design_1_util_vector_logic_0_0.dcp' for cell 'design_1_i/util_vector_logic_0'
INFO: [Project 1-454] Reading design checkpoint 'c:/Users/Toph Beifong/Desktop/2023_step2_by_ygw_v4/2023_step2_by_ygw.srcs/sources_1/bd/design_1/ip/design_1_util_vector_logic_0_1/design_1_util_vector_logic_0_1.dcp' for cell 'design_1_i/util_vector_logic_1'
INFO: [Netlist 29-17] Analyzing 2932 Unisim elements for replacement
INFO: [Netlist 29-28] Unisim Transformation completed in 0 CPU seconds
INFO: [Project 1-479] Netlist was created with Vivado 2018.3
INFO: [Device 21-403] Loading part xc7z020clg400-2
INFO: [Project 1-570] Preparing netlist for logic optimization
WARNING: [Opt 31-32] Removing redundant IBUF since it is not being driven by a top-level port. design_1_i/clk_wiz_0/inst/clkin1_ibufg 
Resolution: The tool has removed redundant IBUF. To resolve this warning, check for redundant IBUF in the input design.
WARNING: [Constraints 18-550] Could not create 'IBUF_LOW_PWR' constraint because net 'design_1_i/clk_wiz_0/clk_in1' is not directly connected to top level port. Synthesis is ignored for IBUF_LOW_PWR but preserved for implementation.
INFO: [Chipscope 16-324] Core: design_1_i/ila_bpsk_0 UUID: 9b5b8d06-65a9-5bae-9180-38ba20404ea8 
Parsing XDC File [c:/Users/Toph Beifong/Desktop/2023_step2_by_ygw_v4/2023_step2_by_ygw.srcs/sources_1/bd/design_1/ip/design_1_processing_system7_0_0/design_1_processing_system7_0_0.xdc] for cell 'design_1_i/processing_system7_0/inst'
WARNING: [Vivado 12-2489] -input_jitter contains time 0.499980 which will be rounded to 0.500 to ensure it is an integer multiple of 1 picosecond [c:/Users/Toph Beifong/Desktop/2023_step2_by_ygw_v4/2023_step2_by_ygw.srcs/sources_1/bd/design_1/ip/design_1_processing_system7_0_0/design_1_processing_system7_0_0.xdc:21]
Finished Parsing XDC File [c:/Users/Toph Beifong/Desktop/2023_step2_by_ygw_v4/2023_step2_by_ygw.srcs/sources_1/bd/design_1/ip/design_1_processing_system7_0_0/design_1_processing_system7_0_0.xdc] for cell 'design_1_i/processing_system7_0/inst'
Parsing XDC File [c:/Users/Toph Beifong/Desktop/2023_step2_by_ygw_v4/2023_step2_by_ygw.srcs/sources_1/bd/design_1/ip/design_1_rst_ps7_0_100M_1/design_1_rst_ps7_0_100M_1_board.xdc] for cell 'design_1_i/rst_ps7_0_60M/U0'
Finished Parsing XDC File [c:/Users/Toph Beifong/Desktop/2023_step2_by_ygw_v4/2023_step2_by_ygw.srcs/sources_1/bd/design_1/ip/design_1_rst_ps7_0_100M_1/design_1_rst_ps7_0_100M_1_board.xdc] for cell 'design_1_i/rst_ps7_0_60M/U0'
Parsing XDC File [c:/Users/Toph Beifong/Desktop/2023_step2_by_ygw_v4/2023_step2_by_ygw.srcs/sources_1/bd/design_1/ip/design_1_rst_ps7_0_100M_1/design_1_rst_ps7_0_100M_1.xdc] for cell 'design_1_i/rst_ps7_0_60M/U0'
Finished Parsing XDC File [c:/Users/Toph Beifong/Desktop/2023_step2_by_ygw_v4/2023_step2_by_ygw.srcs/sources_1/bd/design_1/ip/design_1_rst_ps7_0_100M_1/design_1_rst_ps7_0_100M_1.xdc] for cell 'design_1_i/rst_ps7_0_60M/U0'
Parsing XDC File [c:/Users/Toph Beifong/Desktop/2023_step2_by_ygw_v4/2023_step2_by_ygw.srcs/sources_1/bd/design_1/ip/design_1_axi_smc_1/bd_0/ip/ip_1/bd_6f02_psr_aclk_0_board.xdc] for cell 'design_1_i/axi_smc/inst/clk_map/psr_aclk/U0'
Finished Parsing XDC File [c:/Users/Toph Beifong/Desktop/2023_step2_by_ygw_v4/2023_step2_by_ygw.srcs/sources_1/bd/design_1/ip/design_1_axi_smc_1/bd_0/ip/ip_1/bd_6f02_psr_aclk_0_board.xdc] for cell 'design_1_i/axi_smc/inst/clk_map/psr_aclk/U0'
Parsing XDC File [c:/Users/Toph Beifong/Desktop/2023_step2_by_ygw_v4/2023_step2_by_ygw.srcs/sources_1/bd/design_1/ip/design_1_axi_smc_1/bd_0/ip/ip_1/bd_6f02_psr_aclk_0.xdc] for cell 'design_1_i/axi_smc/inst/clk_map/psr_aclk/U0'
Finished Parsing XDC File [c:/Users/Toph Beifong/Desktop/2023_step2_by_ygw_v4/2023_step2_by_ygw.srcs/sources_1/bd/design_1/ip/design_1_axi_smc_1/bd_0/ip/ip_1/bd_6f02_psr_aclk_0.xdc] for cell 'design_1_i/axi_smc/inst/clk_map/psr_aclk/U0'
Parsing XDC File [c:/Users/Toph Beifong/Desktop/2023_step2_by_ygw_v4/2023_step2_by_ygw.srcs/sources_1/bd/design_1/ip/design_1_clk_wiz_0_0/design_1_clk_wiz_0_0_board.xdc] for cell 'design_1_i/clk_wiz_0/inst'
Finished Parsing XDC File [c:/Users/Toph Beifong/Desktop/2023_step2_by_ygw_v4/2023_step2_by_ygw.srcs/sources_1/bd/design_1/ip/design_1_clk_wiz_0_0/design_1_clk_wiz_0_0_board.xdc] for cell 'design_1_i/clk_wiz_0/inst'
Parsing XDC File [c:/Users/Toph Beifong/Desktop/2023_step2_by_ygw_v4/2023_step2_by_ygw.srcs/sources_1/bd/design_1/ip/design_1_clk_wiz_0_0/design_1_clk_wiz_0_0.xdc] for cell 'design_1_i/clk_wiz_0/inst'
INFO: [Timing 38-35] Done setting XDC timing constraints. [c:/Users/Toph Beifong/Desktop/2023_step2_by_ygw_v4/2023_step2_by_ygw.srcs/sources_1/bd/design_1/ip/design_1_clk_wiz_0_0/design_1_clk_wiz_0_0.xdc:57]
INFO: [Timing 38-2] Deriving generated clocks [c:/Users/Toph Beifong/Desktop/2023_step2_by_ygw_v4/2023_step2_by_ygw.srcs/sources_1/bd/design_1/ip/design_1_clk_wiz_0_0/design_1_clk_wiz_0_0.xdc:57]
get_clocks: Time (s): cpu = 00:00:05 ; elapsed = 00:00:05 . Memory (MB): peak = 1501.398 ; gain = 596.281
WARNING: [Vivado 12-2489] -input_jitter contains time 0.166660 which will be rounded to 0.167 to ensure it is an integer multiple of 1 picosecond [c:/Users/Toph Beifong/Desktop/2023_step2_by_ygw_v4/2023_step2_by_ygw.srcs/sources_1/bd/design_1/ip/design_1_clk_wiz_0_0/design_1_clk_wiz_0_0.xdc:57]
Finished Parsing XDC File [c:/Users/Toph Beifong/Desktop/2023_step2_by_ygw_v4/2023_step2_by_ygw.srcs/sources_1/bd/design_1/ip/design_1_clk_wiz_0_0/design_1_clk_wiz_0_0.xdc] for cell 'design_1_i/clk_wiz_0/inst'
Parsing XDC File [c:/Users/Toph Beifong/Desktop/2023_step2_by_ygw_v4/2023_step2_by_ygw.srcs/sources_1/bd/design_1/ip/design_1_proc_sys_reset_0_1/design_1_proc_sys_reset_0_1_board.xdc] for cell 'design_1_i/rst_sample_60M/U0'
Finished Parsing XDC File [c:/Users/Toph Beifong/Desktop/2023_step2_by_ygw_v4/2023_step2_by_ygw.srcs/sources_1/bd/design_1/ip/design_1_proc_sys_reset_0_1/design_1_proc_sys_reset_0_1_board.xdc] for cell 'design_1_i/rst_sample_60M/U0'
Parsing XDC File [c:/Users/Toph Beifong/Desktop/2023_step2_by_ygw_v4/2023_step2_by_ygw.srcs/sources_1/bd/design_1/ip/design_1_proc_sys_reset_0_1/design_1_proc_sys_reset_0_1.xdc] for cell 'design_1_i/rst_sample_60M/U0'
Finished Parsing XDC File [c:/Users/Toph Beifong/Desktop/2023_step2_by_ygw_v4/2023_step2_by_ygw.srcs/sources_1/bd/design_1/ip/design_1_proc_sys_reset_0_1/design_1_proc_sys_reset_0_1.xdc] for cell 'design_1_i/rst_sample_60M/U0'
Parsing XDC File [c:/Users/Toph Beifong/Desktop/2023_step2_by_ygw_v4/2023_step2_by_ygw.srcs/sources_1/bd/design_1/ip/design_1_ila_bpsk_0_0/ila_v6_2/constraints/ila_impl.xdc] for cell 'design_1_i/ila_bpsk_0/inst'
Finished Parsing XDC File [c:/Users/Toph Beifong/Desktop/2023_step2_by_ygw_v4/2023_step2_by_ygw.srcs/sources_1/bd/design_1/ip/design_1_ila_bpsk_0_0/ila_v6_2/constraints/ila_impl.xdc] for cell 'design_1_i/ila_bpsk_0/inst'
Parsing XDC File [c:/Users/Toph Beifong/Desktop/2023_step2_by_ygw_v4/2023_step2_by_ygw.srcs/sources_1/bd/design_1/ip/design_1_ila_bpsk_0_0/ila_v6_2/constraints/ila.xdc] for cell 'design_1_i/ila_bpsk_0/inst'
Finished Parsing XDC File [c:/Users/Toph Beifong/Desktop/2023_step2_by_ygw_v4/2023_step2_by_ygw.srcs/sources_1/bd/design_1/ip/design_1_ila_bpsk_0_0/ila_v6_2/constraints/ila.xdc] for cell 'design_1_i/ila_bpsk_0/inst'
Parsing XDC File [C:/Users/Toph Beifong/Desktop/2023_step2_by_ygw_v4/2023_step2_by_ygw.srcs/constrs_1/imports/Desktop/ad9226_60m_io.xdc]
Finished Parsing XDC File [C:/Users/Toph Beifong/Desktop/2023_step2_by_ygw_v4/2023_step2_by_ygw.srcs/constrs_1/imports/Desktop/ad9226_60m_io.xdc]
Sourcing Tcl File [F:/Xilinx/Vivado/2018.3/data/ip/xpm/xpm_memory/tcl/xpm_memory_xdc.tcl] for cell 'design_1_i/axi_smc/inst/s00_nodes/s00_ar_node/inst/inst_mi_handler/gen_normal_area.inst_fifo_node_payld/gen_xpm_memory_fifo.inst_fifo/gen_mem_rep[0].inst_xpm_memory'
Finished Sourcing Tcl File [F:/Xilinx/Vivado/2018.3/data/ip/xpm/xpm_memory/tcl/xpm_memory_xdc.tcl] for cell 'design_1_i/axi_smc/inst/s00_nodes/s00_ar_node/inst/inst_mi_handler/gen_normal_area.inst_fifo_node_payld/gen_xpm_memory_fifo.inst_fifo/gen_mem_rep[0].inst_xpm_memory'
Sourcing Tcl File [F:/Xilinx/Vivado/2018.3/data/ip/xpm/xpm_memory/tcl/xpm_memory_xdc.tcl] for cell 'design_1_i/axi_smc/inst/s00_nodes/s00_aw_node/inst/inst_mi_handler/gen_normal_area.inst_fifo_node_payld/gen_xpm_memory_fifo.inst_fifo/gen_mem_rep[0].inst_xpm_memory'
Finished Sourcing Tcl File [F:/Xilinx/Vivado/2018.3/data/ip/xpm/xpm_memory/tcl/xpm_memory_xdc.tcl] for cell 'design_1_i/axi_smc/inst/s00_nodes/s00_aw_node/inst/inst_mi_handler/gen_normal_area.inst_fifo_node_payld/gen_xpm_memory_fifo.inst_fifo/gen_mem_rep[0].inst_xpm_memory'
Sourcing Tcl File [F:/Xilinx/Vivado/2018.3/data/ip/xpm/xpm_memory/tcl/xpm_memory_xdc.tcl] for cell 'design_1_i/axi_smc/inst/s00_nodes/s00_b_node/inst/inst_mi_handler/gen_normal_area.inst_fifo_node_payld/gen_xpm_memory_fifo.inst_fifo/gen_mem_rep[0].inst_xpm_memory'
Finished Sourcing Tcl File [F:/Xilinx/Vivado/2018.3/data/ip/xpm/xpm_memory/tcl/xpm_memory_xdc.tcl] for cell 'design_1_i/axi_smc/inst/s00_nodes/s00_b_node/inst/inst_mi_handler/gen_normal_area.inst_fifo_node_payld/gen_xpm_memory_fifo.inst_fifo/gen_mem_rep[0].inst_xpm_memory'
Sourcing Tcl File [F:/Xilinx/Vivado/2018.3/data/ip/xpm/xpm_memory/tcl/xpm_memory_xdc.tcl] for cell 'design_1_i/axi_smc/inst/s00_nodes/s00_r_node/inst/inst_mi_handler/gen_normal_area.inst_fifo_node_payld/gen_xpm_memory_fifo.inst_fifo/gen_mem_rep[0].inst_xpm_memory'
Finished Sourcing Tcl File [F:/Xilinx/Vivado/2018.3/data/ip/xpm/xpm_memory/tcl/xpm_memory_xdc.tcl] for cell 'design_1_i/axi_smc/inst/s00_nodes/s00_r_node/inst/inst_mi_handler/gen_normal_area.inst_fifo_node_payld/gen_xpm_memory_fifo.inst_fifo/gen_mem_rep[0].inst_xpm_memory'
Sourcing Tcl File [F:/Xilinx/Vivado/2018.3/data/ip/xpm/xpm_memory/tcl/xpm_memory_xdc.tcl] for cell 'design_1_i/axi_smc/inst/s00_nodes/s00_w_node/inst/inst_mi_handler/gen_normal_area.inst_fifo_node_payld/gen_xpm_memory_fifo.inst_fifo/gen_mem_rep[0].inst_xpm_memory'
Finished Sourcing Tcl File [F:/Xilinx/Vivado/2018.3/data/ip/xpm/xpm_memory/tcl/xpm_memory_xdc.tcl] for cell 'design_1_i/axi_smc/inst/s00_nodes/s00_w_node/inst/inst_mi_handler/gen_normal_area.inst_fifo_node_payld/gen_xpm_memory_fifo.inst_fifo/gen_mem_rep[0].inst_xpm_memory'
INFO: [Opt 31-138] Pushed 0 inverter(s) to 0 load pin(s).
Generating merged BMM file for the design top 'design_1_wrapper'...
Netlist sorting complete. Time (s): cpu = 00:00:00 ; elapsed = 00:00:00.008 . Memory (MB): peak = 1592.414 ; gain = 0.000
INFO: [Project 1-111] Unisim Transformation Summary:
  A total of 362 instances were transformed.
  CFGLUT5 => CFGLUT5 (SRLC32E, SRL16E): 276 instances
  RAM32M => RAM32M (RAMD32, RAMD32, RAMD32, RAMD32, RAMD32, RAMD32, RAMS32, RAMS32): 86 instances

25 Infos, 4 Warnings, 0 Critical Warnings and 0 Errors encountered.
link_design completed successfully
link_design: Time (s): cpu = 00:00:15 ; elapsed = 00:00:23 . Memory (MB): peak = 1592.414 ; gain = 1170.180
Command: opt_design
Attempting to get a license for feature 'Implementation' and/or device 'xc7z020'
INFO: [Common 17-349] Got license for feature 'Implementation' and/or device 'xc7z020'
Running DRC as a precondition to command opt_design

Starting DRC Task
INFO: [DRC 23-27] Running DRC with 2 threads
INFO: [Project 1-461] DRC finished with 0 Errors
INFO: [Project 1-462] Please refer to the DRC report (report_drc) for more information.

Time (s): cpu = 00:00:01 ; elapsed = 00:00:00.430 . Memory (MB): peak = 1592.414 ; gain = 0.000

Starting Cache Timing Information Task
INFO: [Timing 38-35] Done setting XDC timing constraints.
Ending Cache Timing Information Task | Checksum: 21d2e0eaa

Time (s): cpu = 00:00:01 ; elapsed = 00:00:00.780 . Memory (MB): peak = 1592.414 ; gain = 0.000

Starting Logic Optimization Task

Phase 1 Generate And Synthesize Debug Cores
INFO: [Chipscope 16-329] Generating Script for core instance : dbg_hub 
INFO: [IP_Flow 19-3806] Processing IP xilinx.com:ip:xsdbm:3.0 for cell dbg_hub_CV.
Netlist sorting complete. Time (s): cpu = 00:00:00 ; elapsed = 00:00:00.031 . Memory (MB): peak = 1650.809 ; gain = 0.000
Phase 1 Generate And Synthesize Debug Cores | Checksum: 2530a790e

Time (s): cpu = 00:00:02 ; elapsed = 00:00:44 . Memory (MB): peak = 1650.809 ; gain = 18.211

Phase 2 Retarget
INFO: [Opt 31-138] Pushed 14 inverter(s) to 123 load pin(s).
INFO: [Opt 31-49] Retargeted 0 cell(s).
Phase 2 Retarget | Checksum: 1908101b0

Time (s): cpu = 00:00:03 ; elapsed = 00:00:45 . Memory (MB): peak = 1650.809 ; gain = 18.211
INFO: [Opt 31-389] Phase Retarget created 24 cells and removed 194 cells
INFO: [Opt 31-1021] In phase Retarget, 209 netlist objects are constrained preventing optimization. Please run opt_design with -debug_log to get more detail. 

Phase 3 Constant propagation
INFO: [Opt 31-138] Pushed 0 inverter(s) to 0 load pin(s).
Phase 3 Constant propagation | Checksum: 1fbbd5249

Time (s): cpu = 00:00:03 ; elapsed = 00:00:46 . Memory (MB): peak = 1650.809 ; gain = 18.211
INFO: [Opt 31-389] Phase Constant propagation created 11 cells and removed 92 cells
INFO: [Opt 31-1021] In phase Constant propagation, 187 netlist objects are constrained preventing optimization. Please run opt_design with -debug_log to get more detail. 

Phase 4 Sweep
INFO: [Opt 31-120] Instance design_1_i/dac904_driver_0 (design_1_dac904_driver_0_0) has been optimized to an empty box cell during sweep but it has constraints that prevent its removal. Empty box cells do not impact the implementation flow but they have no functional relevance.
Resolution: If this is not expected, please check for DONT_TOUCH properties or timing constraint set on the empty box cell or on nets connected to the cell. If found, remove the relevant DONT_TOUCH property or timing constraint and re-run opt_design.
Phase 4 Sweep | Checksum: e09952c9

Time (s): cpu = 00:00:05 ; elapsed = 00:00:47 . Memory (MB): peak = 1650.809 ; gain = 18.211
INFO: [Opt 31-389] Phase Sweep created 0 cells and removed 1307 cells
INFO: [Opt 31-1021] In phase Sweep, 987 netlist objects are constrained preventing optimization. Please run opt_design with -debug_log to get more detail. 

Phase 5 BUFG optimization
INFO: [Opt 31-194] Inserted BUFG design_1_i/clk_wiz_0/inst/clk_out1_design_1_clk_wiz_0_0_BUFG_inst to drive 0 load(s) on clock net design_1_i/clk_wiz_0/inst/clk_out1_design_1_clk_wiz_0_0_BUFG
INFO: [Opt 31-194] Inserted BUFG design_1_i/clk_wiz_0/inst/clk_out2_design_1_clk_wiz_0_0_BUFG_inst to drive 0 load(s) on clock net design_1_i/clk_wiz_0/inst/clk_out2_design_1_clk_wiz_0_0_BUFG
INFO: [Opt 31-193] Inserted 2 BUFG(s) on clock nets
Phase 5 BUFG optimization | Checksum: 16e2cc55f

Time (s): cpu = 00:00:05 ; elapsed = 00:00:47 . Memory (MB): peak = 1650.809 ; gain = 18.211
INFO: [Opt 31-662] Phase BUFG optimization created 0 cells of which 0 are BUFGs and removed 0 cells.

Phase 6 Shift Register Optimization
Phase 6 Shift Register Optimization | Checksum: 1fda13c4b

Time (s): cpu = 00:00:06 ; elapsed = 00:00:48 . Memory (MB): peak = 1650.809 ; gain = 18.211
INFO: [Opt 31-389] Phase Shift Register Optimization created 0 cells and removed 0 cells

Phase 7 Post Processing Netlist
Phase 7 Post Processing Netlist | Checksum: 1a1d184ae

Time (s): cpu = 00:00:07 ; elapsed = 00:00:49 . Memory (MB): peak = 1650.809 ; gain = 18.211
INFO: [Opt 31-389] Phase Post Processing Netlist created 0 cells and removed 0 cells
INFO: [Opt 31-1021] In phase Post Processing Netlist, 83 netlist objects are constrained preventing optimization. Please run opt_design with -debug_log to get more detail. 
Opt_design Change Summary
=========================


-------------------------------------------------------------------------------------------------------------------------
|  Phase                        |  #Cells created  |  #Cells Removed  |  #Constrained objects preventing optimizations  |
-------------------------------------------------------------------------------------------------------------------------
|  Retarget                     |              24  |             194  |                                            209  |
|  Constant propagation         |              11  |              92  |                                            187  |
|  Sweep                        |               0  |            1307  |                                            987  |
|  BUFG optimization            |               0  |               0  |                                              0  |
|  Shift Register Optimization  |               0  |               0  |                                              0  |
|  Post Processing Netlist      |               0  |               0  |                                             83  |
-------------------------------------------------------------------------------------------------------------------------



Starting Connectivity Check Task

Time (s): cpu = 00:00:00 ; elapsed = 00:00:00.036 . Memory (MB): peak = 1650.809 ; gain = 0.000
Ending Logic Optimization Task | Checksum: 1e79682e3

Time (s): cpu = 00:00:07 ; elapsed = 00:00:49 . Memory (MB): peak = 1650.809 ; gain = 18.211

Starting Power Optimization Task
INFO: [Pwropt 34-132] Skipping clock gating for clocks with a period < 2.00 ns.
INFO: [Timing 38-35] Done setting XDC timing constraints.
INFO: [Pwropt 34-9] Applying IDT optimizations ...
INFO: [Pwropt 34-10] Applying ODC optimizations ...
INFO: [Physopt 32-619] Estimated Timing Summary | WNS=-7.197 | TNS=-37.003 |
Running Vector-less Activity Propagation...

Finished Running Vector-less Activity Propagation


Starting PowerOpt Patch Enables Task
INFO: [Pwropt 34-162] WRITE_MODE attribute of 2 BRAM(s) out of a total of 54 has been updated to save power. Run report_power_opt to get a complete listing of the BRAMs updated.
INFO: [Timing 38-35] Done setting XDC timing constraints.
INFO: [Pwropt 34-201] Structural ODC has moved 2 WE to EN ports
Number of BRAM Ports augmented: 52 newly gated: 2 Total Ports: 108
Ending PowerOpt Patch Enables Task | Checksum: 1136c3c24

Time (s): cpu = 00:00:01 ; elapsed = 00:00:00.877 . Memory (MB): peak = 2061.973 ; gain = 0.000
Ending Power Optimization Task | Checksum: 1136c3c24

Time (s): cpu = 00:00:10 ; elapsed = 00:00:06 . Memory (MB): peak = 2061.973 ; gain = 411.164

Starting Final Cleanup Task
Ending Final Cleanup Task | Checksum: 1136c3c24

Time (s): cpu = 00:00:00 ; elapsed = 00:00:00 . Memory (MB): peak = 2061.973 ; gain = 0.000

Starting Netlist Obfuscation Task
Netlist sorting complete. Time (s): cpu = 00:00:00 ; elapsed = 00:00:00.012 . Memory (MB): peak = 2061.973 ; gain = 0.000
Ending Netlist Obfuscation Task | Checksum: 1b76ab7c8

Time (s): cpu = 00:00:00 ; elapsed = 00:00:00.012 . Memory (MB): peak = 2061.973 ; gain = 0.000
INFO: [Common 17-83] Releasing license: Implementation
61 Infos, 4 Warnings, 0 Critical Warnings and 0 Errors encountered.
opt_design completed successfully
opt_design: Time (s): cpu = 00:00:20 ; elapsed = 00:00:57 . Memory (MB): peak = 2061.973 ; gain = 469.559
Netlist sorting complete. Time (s): cpu = 00:00:00 ; elapsed = 00:00:00.008 . Memory (MB): peak = 2061.973 ; gain = 0.000
INFO: [Timing 38-480] Writing timing data to binary archive.
Writing placer database...
Writing XDEF routing.
Writing XDEF routing logical nets.
Writing XDEF routing special nets.
Write XDEF Complete: Time (s): cpu = 00:00:00 ; elapsed = 00:00:00.032 . Memory (MB): peak = 2061.973 ; gain = 0.000
Netlist sorting complete. Time (s): cpu = 00:00:00 ; elapsed = 00:00:00.008 . Memory (MB): peak = 2061.973 ; gain = 0.000
INFO: [Common 17-1381] The checkpoint 'C:/Users/Toph Beifong/Desktop/2023_step2_by_ygw_v4/2023_step2_by_ygw.runs/impl_1/design_1_wrapper_opt.dcp' has been generated.
INFO: [runtcl-4] Executing : report_drc -file design_1_wrapper_drc_opted.rpt -pb design_1_wrapper_drc_opted.pb -rpx design_1_wrapper_drc_opted.rpx
Command: report_drc -file design_1_wrapper_drc_opted.rpt -pb design_1_wrapper_drc_opted.pb -rpx design_1_wrapper_drc_opted.rpx
INFO: [IP_Flow 19-1839] IP Catalog is up to date.
INFO: [DRC 23-27] Running DRC with 2 threads
WARNING: [Designutils 20-3303] unexpected site type 'IOPAD' in HDPYFinalizeIO
WARNING: [Designutils 20-3303] unexpected site type 'IOPAD' in HDPYFinalizeIO
WARNING: [Designutils 20-3303] unexpected site type 'IOPAD' in HDPYFinalizeIO
WARNING: [Designutils 20-3303] unexpected site type 'IOPAD' in HDPYFinalizeIO
WARNING: [Designutils 20-3303] unexpected site type 'IOPAD' in HDPYFinalizeIO
WARNING: [Designutils 20-3303] unexpected site type 'IOPAD' in HDPYFinalizeIO
WARNING: [Designutils 20-3303] unexpected site type 'IOPAD' in HDPYFinalizeIO
WARNING: [Designutils 20-3303] unexpected site type 'IOPAD' in HDPYFinalizeIO
WARNING: [Designutils 20-3303] unexpected site type 'IOPAD' in HDPYFinalizeIO
WARNING: [Designutils 20-3303] unexpected site type 'IOPAD' in HDPYFinalizeIO
WARNING: [Designutils 20-3303] unexpected site type 'IOPAD' in HDPYFinalizeIO
WARNING: [Designutils 20-3303] unexpected site type 'IOPAD' in HDPYFinalizeIO
WARNING: [Designutils 20-3303] unexpected site type 'IOPAD' in HDPYFinalizeIO
WARNING: [Designutils 20-3303] unexpected site type 'IOPAD' in HDPYFinalizeIO
WARNING: [Designutils 20-3303] unexpected site type 'IOPAD' in HDPYFinalizeIO
WARNING: [Designutils 20-3303] unexpected site type 'IOPAD' in HDPYFinalizeIO
WARNING: [Designutils 20-3303] unexpected site type 'IOPAD' in HDPYFinalizeIO
WARNING: [Designutils 20-3303] unexpected site type 'IOPAD' in HDPYFinalizeIO
WARNING: [Designutils 20-3303] unexpected site type 'IOPAD' in HDPYFinalizeIO
WARNING: [Designutils 20-3303] unexpected site type 'IOPAD' in HDPYFinalizeIO
WARNING: [Designutils 20-3303] unexpected site type 'IOPAD' in HDPYFinalizeIO
WARNING: [Designutils 20-3303] unexpected site type 'IOPAD' in HDPYFinalizeIO
WARNING: [Designutils 20-3303] unexpected site type 'IOPAD' in HDPYFinalizeIO
WARNING: [Designutils 20-3303] unexpected site type 'IOPAD' in HDPYFinalizeIO
WARNING: [Designutils 20-3303] unexpected site type 'IOPAD' in HDPYFinalizeIO
WARNING: [Designutils 20-3303] unexpected site type 'IOPAD' in HDPYFinalizeIO
WARNING: [Designutils 20-3303] unexpected site type 'IOPAD' in HDPYFinalizeIO
WARNING: [Designutils 20-3303] unexpected site type 'IOPAD' in HDPYFinalizeIO
WARNING: [Designutils 20-3303] unexpected site type 'IOPAD' in HDPYFinalizeIO
WARNING: [Designutils 20-3303] unexpected site type 'IOPAD' in HDPYFinalizeIO
WARNING: [Designutils 20-3303] unexpected site type 'IOPAD' in HDPYFinalizeIO
WARNING: [Designutils 20-3303] unexpected site type 'IOPAD' in HDPYFinalizeIO
WARNING: [Designutils 20-3303] unexpected site type 'IOPAD' in HDPYFinalizeIO
WARNING: [Designutils 20-3303] unexpected site type 'IOPAD' in HDPYFinalizeIO
WARNING: [Designutils 20-3303] unexpected site type 'IOPAD' in HDPYFinalizeIO
WARNING: [Designutils 20-3303] unexpected site type 'IOPAD' in HDPYFinalizeIO
WARNING: [Designutils 20-3303] unexpected site type 'IOPAD' in HDPYFinalizeIO
WARNING: [Designutils 20-3303] unexpected site type 'IOPAD' in HDPYFinalizeIO
WARNING: [Designutils 20-3303] unexpected site type 'IOPAD' in HDPYFinalizeIO
WARNING: [Designutils 20-3303] unexpected site type 'IOPAD' in HDPYFinalizeIO
WARNING: [Designutils 20-3303] unexpected site type 'IOPAD' in HDPYFinalizeIO
WARNING: [Designutils 20-3303] unexpected site type 'IOPAD' in HDPYFinalizeIO
WARNING: [Designutils 20-3303] unexpected site type 'IOPAD' in HDPYFinalizeIO
WARNING: [Designutils 20-3303] unexpected site type 'IOPAD' in HDPYFinalizeIO
WARNING: [Designutils 20-3303] unexpected site type 'IOPAD' in HDPYFinalizeIO
WARNING: [Designutils 20-3303] unexpected site type 'IOPAD' in HDPYFinalizeIO
WARNING: [Designutils 20-3303] unexpected site type 'IOPAD' in HDPYFinalizeIO
WARNING: [Designutils 20-3303] unexpected site type 'IOPAD' in HDPYFinalizeIO
WARNING: [Designutils 20-3303] unexpected site type 'IOPAD' in HDPYFinalizeIO
WARNING: [Designutils 20-3303] unexpected site type 'IOPAD' in HDPYFinalizeIO
WARNING: [Designutils 20-3303] unexpected site type 'IOPAD' in HDPYFinalizeIO
WARNING: [Designutils 20-3303] unexpected site type 'IOPAD' in HDPYFinalizeIO
WARNING: [Designutils 20-3303] unexpected site type 'IOPAD' in HDPYFinalizeIO
WARNING: [Designutils 20-3303] unexpected site type 'IOPAD' in HDPYFinalizeIO
WARNING: [Designutils 20-3303] unexpected site type 'IOPAD' in HDPYFinalizeIO
WARNING: [Designutils 20-3303] unexpected site type 'IOPAD' in HDPYFinalizeIO
WARNING: [Designutils 20-3303] unexpected site type 'IOPAD' in HDPYFinalizeIO
WARNING: [Designutils 20-3303] unexpected site type 'IOPAD' in HDPYFinalizeIO
WARNING: [Designutils 20-3303] unexpected site type 'IOPAD' in HDPYFinalizeIO
WARNING: [Designutils 20-3303] unexpected site type 'IOPAD' in HDPYFinalizeIO
WARNING: [Designutils 20-3303] unexpected site type 'IOPAD' in HDPYFinalizeIO
WARNING: [Designutils 20-3303] unexpected site type 'IOPAD' in HDPYFinalizeIO
WARNING: [Designutils 20-3303] unexpected site type 'IOPAD' in HDPYFinalizeIO
WARNING: [Designutils 20-3303] unexpected site type 'IOPAD' in HDPYFinalizeIO
WARNING: [Designutils 20-3303] unexpected site type 'IOPAD' in HDPYFinalizeIO
WARNING: [Designutils 20-3303] unexpected site type 'IOPAD' in HDPYFinalizeIO
WARNING: [Designutils 20-3303] unexpected site type 'IOPAD' in HDPYFinalizeIO
WARNING: [Designutils 20-3303] unexpected site type 'IOPAD' in HDPYFinalizeIO
WARNING: [Designutils 20-3303] unexpected site type 'IOPAD' in HDPYFinalizeIO
WARNING: [Designutils 20-3303] unexpected site type 'IOPAD' in HDPYFinalizeIO
WARNING: [Designutils 20-3303] unexpected site type 'IOPAD' in HDPYFinalizeIO
WARNING: [Designutils 20-3303] unexpected site type 'IOPAD' in HDPYFinalizeIO
WARNING: [Designutils 20-3303] unexpected site type 'IOPAD' in HDPYFinalizeIO
WARNING: [Designutils 20-3303] unexpected site type 'IOPAD' in HDPYFinalizeIO
WARNING: [Designutils 20-3303] unexpected site type 'IOPAD' in HDPYFinalizeIO
WARNING: [Designutils 20-3303] unexpected site type 'IOPAD' in HDPYFinalizeIO
WARNING: [Designutils 20-3303] unexpected site type 'IOPAD' in HDPYFinalizeIO
WARNING: [Designutils 20-3303] unexpected site type 'IOPAD' in HDPYFinalizeIO
WARNING: [Designutils 20-3303] unexpected site type 'IOPAD' in HDPYFinalizeIO
WARNING: [Designutils 20-3303] unexpected site type 'IOPAD' in HDPYFinalizeIO
WARNING: [Designutils 20-3303] unexpected site type 'IOPAD' in HDPYFinalizeIO
WARNING: [Designutils 20-3303] unexpected site type 'IOPAD' in HDPYFinalizeIO
WARNING: [Designutils 20-3303] unexpected site type 'IOPAD' in HDPYFinalizeIO
WARNING: [Designutils 20-3303] unexpected site type 'IOPAD' in HDPYFinalizeIO
WARNING: [Designutils 20-3303] unexpected site type 'IOPAD' in HDPYFinalizeIO
WARNING: [Designutils 20-3303] unexpected site type 'IOPAD' in HDPYFinalizeIO
WARNING: [Designutils 20-3303] unexpected site type 'IOPAD' in HDPYFinalizeIO
WARNING: [Designutils 20-3303] unexpected site type 'IOPAD' in HDPYFinalizeIO
WARNING: [Designutils 20-3303] unexpected site type 'IOPAD' in HDPYFinalizeIO
WARNING: [Designutils 20-3303] unexpected site type 'IOPAD' in HDPYFinalizeIO
WARNING: [Designutils 20-3303] unexpected site type 'IOPAD' in HDPYFinalizeIO
WARNING: [Designutils 20-3303] unexpected site type 'IOPAD' in HDPYFinalizeIO
WARNING: [Designutils 20-3303] unexpected site type 'IOPAD' in HDPYFinalizeIO
WARNING: [Designutils 20-3303] unexpected site type 'IOPAD' in HDPYFinalizeIO
WARNING: [Designutils 20-3303] unexpected site type 'IOPAD' in HDPYFinalizeIO
WARNING: [Designutils 20-3303] unexpected site type 'IOPAD' in HDPYFinalizeIO
WARNING: [Designutils 20-3303] unexpected site type 'IOPAD' in HDPYFinalizeIO
WARNING: [Designutils 20-3303] unexpected site type 'IOPAD' in HDPYFinalizeIO
WARNING: [Designutils 20-3303] unexpected site type 'IOPAD' in HDPYFinalizeIO
WARNING: [Designutils 20-3303] unexpected site type 'IOPAD' in HDPYFinalizeIO
INFO: [Common 17-14] Message 'Designutils 20-3303' appears 100 times and further instances of the messages will be disabled. Use the Tcl command set_msg_config to change the current settings.
INFO: [Coretcl 2-168] The results of DRC are in file C:/Users/Toph Beifong/Desktop/2023_step2_by_ygw_v4/2023_step2_by_ygw.runs/impl_1/design_1_wrapper_drc_opted.rpt.
report_drc completed successfully
INFO: [Chipscope 16-240] Debug cores have already been implemented
Command: place_design
Attempting to get a license for feature 'Implementation' and/or device 'xc7z020'
INFO: [Common 17-349] Got license for feature 'Implementation' and/or device 'xc7z020'
INFO: [DRC 23-27] Running DRC with 2 threads
INFO: [Vivado_Tcl 4-198] DRC finished with 0 Errors
INFO: [Vivado_Tcl 4-199] Please refer to the DRC report (report_drc) for more information.
Running DRC as a precondition to command place_design
INFO: [DRC 23-27] Running DRC with 2 threads
INFO: [Vivado_Tcl 4-198] DRC finished with 0 Errors
INFO: [Vivado_Tcl 4-199] Please refer to the DRC report (report_drc) for more information.

Starting Placer Task
INFO: [Place 30-611] Multithreading enabled for place_design using a maximum of 2 CPUs

Phase 1 Placer Initialization

Phase 1.1 Placer Initialization Netlist Sorting
Netlist sorting complete. Time (s): cpu = 00:00:00 ; elapsed = 00:00:00.009 . Memory (MB): peak = 2061.973 ; gain = 0.000
Phase 1.1 Placer Initialization Netlist Sorting | Checksum: d5e305c2

Time (s): cpu = 00:00:00 ; elapsed = 00:00:00.018 . Memory (MB): peak = 2061.973 ; gain = 0.000
Netlist sorting complete. Time (s): cpu = 00:00:00 ; elapsed = 00:00:00.008 . Memory (MB): peak = 2061.973 ; gain = 0.000

Phase 1.2 IO Placement/ Clock Placement/ Build Placer Device
INFO: [Timing 38-35] Done setting XDC timing constraints.
Phase 1.2 IO Placement/ Clock Placement/ Build Placer Device | Checksum: cb9d1106

Time (s): cpu = 00:00:03 ; elapsed = 00:00:02 . Memory (MB): peak = 2061.973 ; gain = 0.000

Phase 1.3 Build Placer Netlist Model
Phase 1.3 Build Placer Netlist Model | Checksum: 134ae7443

Time (s): cpu = 00:00:07 ; elapsed = 00:00:05 . Memory (MB): peak = 2061.973 ; gain = 0.000

Phase 1.4 Constrain Clocks/Macros
Phase 1.4 Constrain Clocks/Macros | Checksum: 134ae7443

Time (s): cpu = 00:00:07 ; elapsed = 00:00:05 . Memory (MB): peak = 2061.973 ; gain = 0.000
Phase 1 Placer Initialization | Checksum: 134ae7443

Time (s): cpu = 00:00:07 ; elapsed = 00:00:05 . Memory (MB): peak = 2061.973 ; gain = 0.000

Phase 2 Global Placement

Phase 2.1 Floorplanning
Phase 2.1 Floorplanning | Checksum: 9b9213a2

Time (s): cpu = 00:00:08 ; elapsed = 00:00:06 . Memory (MB): peak = 2061.973 ; gain = 0.000

Phase 2.2 Physical Synthesis In Placer
INFO: [Physopt 32-65] No nets found for high-fanout optimization.
INFO: [Physopt 32-232] Optimized 0 net. Created 0 new instance.
INFO: [Physopt 32-775] End 1 Pass. Optimized 0 net or cell. Created 0 new cell, deleted 0 existing cell and moved 0 existing cell
INFO: [Physopt 32-456] No candidate cells for DSP register optimization found in the design.
INFO: [Physopt 32-775] End 2 Pass. Optimized 0 net or cell. Created 0 new cell, deleted 0 existing cell and moved 0 existing cell
INFO: [Physopt 32-677] No candidate cells for Shift Register optimization found in the design
INFO: [Physopt 32-775] End 1 Pass. Optimized 0 net or cell. Created 0 new cell, deleted 0 existing cell and moved 0 existing cell
INFO: [Physopt 32-526] No candidate cells for BRAM register optimization found in the design
INFO: [Physopt 32-775] End 1 Pass. Optimized 0 net or cell. Created 0 new cell, deleted 0 existing cell and moved 0 existing cell
INFO: [Physopt 32-949] No candidate nets found for HD net replication
INFO: [Physopt 32-775] End 1 Pass. Optimized 0 net or cell. Created 0 new cell, deleted 0 existing cell and moved 0 existing cell
Netlist sorting complete. Time (s): cpu = 00:00:00 ; elapsed = 00:00:00.009 . Memory (MB): peak = 2061.973 ; gain = 0.000

Summary of Physical Synthesis Optimizations
============================================


----------------------------------------------------------------------------------------------------------------------------------------
|  Optimization                  |  Added Cells  |  Removed Cells  |  Optimized Cells/Nets  |  Dont Touch  |  Iterations  |  Elapsed   |
----------------------------------------------------------------------------------------------------------------------------------------
|  Very High Fanout              |            0  |              0  |                     0  |           0  |           1  |  00:00:00  |
|  DSP Register                  |            0  |              0  |                     0  |           0  |           1  |  00:00:00  |
|  Shift Register                |            0  |              0  |                     0  |           0  |           1  |  00:00:00  |
|  BRAM Register                 |            0  |              0  |                     0  |           0  |           1  |  00:00:00  |
|  HD Interface Net Replication  |            0  |              0  |                     0  |           0  |           1  |  00:00:00  |
|  Total                         |            0  |              0  |                     0  |           0  |           5  |  00:00:00  |
----------------------------------------------------------------------------------------------------------------------------------------


Phase 2.2 Physical Synthesis In Placer | Checksum: 11453ce6c

Time (s): cpu = 00:00:24 ; elapsed = 00:00:21 . Memory (MB): peak = 2061.973 ; gain = 0.000
Phase 2 Global Placement | Checksum: 133a432a4

Time (s): cpu = 00:00:25 ; elapsed = 00:00:22 . Memory (MB): peak = 2061.973 ; gain = 0.000

Phase 3 Detail Placement

Phase 3.1 Commit Multi Column Macros
Phase 3.1 Commit Multi Column Macros | Checksum: 133a432a4

Time (s): cpu = 00:00:25 ; elapsed = 00:00:22 . Memory (MB): peak = 2061.973 ; gain = 0.000

Phase 3.2 Commit Most Macros & LUTRAMs
Phase 3.2 Commit Most Macros & LUTRAMs | Checksum: ba2dd662

Time (s): cpu = 00:00:28 ; elapsed = 00:00:24 . Memory (MB): peak = 2061.973 ; gain = 0.000

Phase 3.3 Area Swap Optimization
Phase 3.3 Area Swap Optimization | Checksum: 10157b37a

Time (s): cpu = 00:00:29 ; elapsed = 00:00:24 . Memory (MB): peak = 2061.973 ; gain = 0.000

Phase 3.4 Pipeline Register Optimization
Phase 3.4 Pipeline Register Optimization | Checksum: 199d7f139

Time (s): cpu = 00:00:29 ; elapsed = 00:00:25 . Memory (MB): peak = 2061.973 ; gain = 0.000

Phase 3.5 Fast Optimization
Phase 3.5 Fast Optimization | Checksum: 113e02cc4

Time (s): cpu = 00:00:31 ; elapsed = 00:00:27 . Memory (MB): peak = 2061.973 ; gain = 0.000

Phase 3.6 Small Shape Detail Placement
Phase 3.6 Small Shape Detail Placement | Checksum: 10418fdc3

Time (s): cpu = 00:00:34 ; elapsed = 00:00:31 . Memory (MB): peak = 2061.973 ; gain = 0.000

Phase 3.7 Re-assign LUT pins
Phase 3.7 Re-assign LUT pins | Checksum: be0a35c3

Time (s): cpu = 00:00:35 ; elapsed = 00:00:31 . Memory (MB): peak = 2061.973 ; gain = 0.000

Phase 3.8 Pipeline Register Optimization
Phase 3.8 Pipeline Register Optimization | Checksum: b9ea8ac6

Time (s): cpu = 00:00:35 ; elapsed = 00:00:31 . Memory (MB): peak = 2061.973 ; gain = 0.000

Phase 3.9 Fast Optimization
Phase 3.9 Fast Optimization | Checksum: ecf6570a

Time (s): cpu = 00:00:39 ; elapsed = 00:00:36 . Memory (MB): peak = 2061.973 ; gain = 0.000
Phase 3 Detail Placement | Checksum: ecf6570a

Time (s): cpu = 00:00:39 ; elapsed = 00:00:36 . Memory (MB): peak = 2061.973 ; gain = 0.000

Phase 4 Post Placement Optimization and Clean-Up

Phase 4.1 Post Commit Optimization
INFO: [Timing 38-35] Done setting XDC timing constraints.

Phase 4.1.1 Post Placement Optimization
Post Placement Optimization Initialization | Checksum: 132b2d1ea

Phase 4.1.1.1 BUFG Insertion
INFO: [Place 46-33] Processed net design_1_i/ddc_stage1_pl2_top_0/inst/u_ddc_stage1/u_fir_decimator_iq_2/p_0_in, BUFG insertion was skipped due to placement/routing conflicts.
INFO: [Place 46-33] Processed net design_1_i/demod_pool_core_bpsk_0/inst/u_feature_core/u_cordic_translate/U0/i_synth/i_has_aresetn.i_reg_reset/first_q, BUFG insertion was skipped due to placement/routing conflicts.
INFO: [Place 46-33] Processed net design_1_i/demod_pool_core_bpsk_0/inst/u_feature_core/u_hist_freq/SR[0], BUFG insertion was skipped due to placement/routing conflicts.
INFO: [Place 46-33] Processed net design_1_i/ddc_stage1_pl2_top_0/inst/u_ddc_stage1/u_cic_decimator_iq_30/cic_valid, BUFG insertion was skipped due to placement/routing conflicts.
INFO: [Place 46-46] BUFG insertion identified 4 candidate nets, 0 success, 0 bufg driver replicated, 4 skipped for placement/routing, 0 skipped for timing, 0 skipped for netlist change reason
Phase 4.1.1.1 BUFG Insertion | Checksum: 132b2d1ea

Time (s): cpu = 00:00:43 ; elapsed = 00:00:38 . Memory (MB): peak = 2061.973 ; gain = 0.000
INFO: [Place 30-746] Post Placement Timing Summary WNS=-4.387. For the most accurate timing information please run report_timing.
Phase 4.1.1 Post Placement Optimization | Checksum: 1904b6c95

Time (s): cpu = 00:00:51 ; elapsed = 00:00:49 . Memory (MB): peak = 2061.973 ; gain = 0.000
Phase 4.1 Post Commit Optimization | Checksum: 1904b6c95

Time (s): cpu = 00:00:51 ; elapsed = 00:00:49 . Memory (MB): peak = 2061.973 ; gain = 0.000

Phase 4.2 Post Placement Cleanup
Phase 4.2 Post Placement Cleanup | Checksum: 1904b6c95

Time (s): cpu = 00:00:52 ; elapsed = 00:00:49 . Memory (MB): peak = 2061.973 ; gain = 0.000

Phase 4.3 Placer Reporting
Phase 4.3 Placer Reporting | Checksum: 1904b6c95

Time (s): cpu = 00:00:52 ; elapsed = 00:00:49 . Memory (MB): peak = 2061.973 ; gain = 0.000

Phase 4.4 Final Placement Cleanup
Netlist sorting complete. Time (s): cpu = 00:00:00 ; elapsed = 00:00:00.010 . Memory (MB): peak = 2061.973 ; gain = 0.000
Phase 4.4 Final Placement Cleanup | Checksum: 1d9f61ba0

Time (s): cpu = 00:00:52 ; elapsed = 00:00:49 . Memory (MB): peak = 2061.973 ; gain = 0.000
Phase 4 Post Placement Optimization and Clean-Up | Checksum: 1d9f61ba0

Time (s): cpu = 00:00:52 ; elapsed = 00:00:49 . Memory (MB): peak = 2061.973 ; gain = 0.000
Ending Placer Task | Checksum: 17b742906

Time (s): cpu = 00:00:52 ; elapsed = 00:00:49 . Memory (MB): peak = 2061.973 ; gain = 0.000
INFO: [Common 17-83] Releasing license: Implementation
97 Infos, 104 Warnings, 0 Critical Warnings and 0 Errors encountered.
place_design completed successfully
place_design: Time (s): cpu = 00:00:53 ; elapsed = 00:00:50 . Memory (MB): peak = 2061.973 ; gain = 0.000
Netlist sorting complete. Time (s): cpu = 00:00:00 ; elapsed = 00:00:00.008 . Memory (MB): peak = 2061.973 ; gain = 0.000
INFO: [Timing 38-480] Writing timing data to binary archive.
Writing placer database...
Netlist sorting complete. Time (s): cpu = 00:00:00 ; elapsed = 00:00:00.009 . Memory (MB): peak = 2061.973 ; gain = 0.000
Writing XDEF routing.
Writing XDEF routing logical nets.
Writing XDEF routing special nets.
Write XDEF Complete: Time (s): cpu = 00:00:03 ; elapsed = 00:00:01 . Memory (MB): peak = 2061.973 ; gain = 0.000
INFO: [Common 17-1381] The checkpoint 'C:/Users/Toph Beifong/Desktop/2023_step2_by_ygw_v4/2023_step2_by_ygw.runs/impl_1/design_1_wrapper_placed.dcp' has been generated.
INFO: [runtcl-4] Executing : report_io -file design_1_wrapper_io_placed.rpt
report_io: Time (s): cpu = 00:00:00 ; elapsed = 00:00:00.030 . Memory (MB): peak = 2061.973 ; gain = 0.000
INFO: [runtcl-4] Executing : report_utilization -file design_1_wrapper_utilization_placed.rpt -pb design_1_wrapper_utilization_placed.pb
INFO: [runtcl-4] Executing : report_control_sets -verbose -file design_1_wrapper_control_sets_placed.rpt
report_control_sets: Time (s): cpu = 00:00:00 ; elapsed = 00:00:00.057 . Memory (MB): peak = 2061.973 ; gain = 0.000
Command: route_design
Attempting to get a license for feature 'Implementation' and/or device 'xc7z020'
INFO: [Common 17-349] Got license for feature 'Implementation' and/or device 'xc7z020'
Running DRC as a precondition to command route_design
INFO: [DRC 23-27] Running DRC with 2 threads
WARNING: [Designutils 20-3303] unexpected site type 'IOPAD' in HDPYFinalizeIO
WARNING: [Designutils 20-3303] unexpected site type 'IOPAD' in HDPYFinalizeIO
WARNING: [Designutils 20-3303] unexpected site type 'IOPAD' in HDPYFinalizeIO
WARNING: [Designutils 20-3303] unexpected site type 'IOPAD' in HDPYFinalizeIO
WARNING: [Designutils 20-3303] unexpected site type 'IOPAD' in HDPYFinalizeIO
WARNING: [Designutils 20-3303] unexpected site type 'IOPAD' in HDPYFinalizeIO
WARNING: [Designutils 20-3303] unexpected site type 'IOPAD' in HDPYFinalizeIO
WARNING: [Designutils 20-3303] unexpected site type 'IOPAD' in HDPYFinalizeIO
WARNING: [Designutils 20-3303] unexpected site type 'IOPAD' in HDPYFinalizeIO
WARNING: [Designutils 20-3303] unexpected site type 'IOPAD' in HDPYFinalizeIO
WARNING: [Designutils 20-3303] unexpected site type 'IOPAD' in HDPYFinalizeIO
WARNING: [Designutils 20-3303] unexpected site type 'IOPAD' in HDPYFinalizeIO
WARNING: [Designutils 20-3303] unexpected site type 'IOPAD' in HDPYFinalizeIO
WARNING: [Designutils 20-3303] unexpected site type 'IOPAD' in HDPYFinalizeIO
WARNING: [Designutils 20-3303] unexpected site type 'IOPAD' in HDPYFinalizeIO
WARNING: [Designutils 20-3303] unexpected site type 'IOPAD' in HDPYFinalizeIO
WARNING: [Designutils 20-3303] unexpected site type 'IOPAD' in HDPYFinalizeIO
WARNING: [Designutils 20-3303] unexpected site type 'IOPAD' in HDPYFinalizeIO
WARNING: [Designutils 20-3303] unexpected site type 'IOPAD' in HDPYFinalizeIO
WARNING: [Designutils 20-3303] unexpected site type 'IOPAD' in HDPYFinalizeIO
WARNING: [Designutils 20-3303] unexpected site type 'IOPAD' in HDPYFinalizeIO
WARNING: [Designutils 20-3303] unexpected site type 'IOPAD' in HDPYFinalizeIO
WARNING: [Designutils 20-3303] unexpected site type 'IOPAD' in HDPYFinalizeIO
WARNING: [Designutils 20-3303] unexpected site type 'IOPAD' in HDPYFinalizeIO
WARNING: [Designutils 20-3303] unexpected site type 'IOPAD' in HDPYFinalizeIO
WARNING: [Designutils 20-3303] unexpected site type 'IOPAD' in HDPYFinalizeIO
WARNING: [Designutils 20-3303] unexpected site type 'IOPAD' in HDPYFinalizeIO
WARNING: [Designutils 20-3303] unexpected site type 'IOPAD' in HDPYFinalizeIO
WARNING: [Designutils 20-3303] unexpected site type 'IOPAD' in HDPYFinalizeIO
WARNING: [Designutils 20-3303] unexpected site type 'IOPAD' in HDPYFinalizeIO
WARNING: [Designutils 20-3303] unexpected site type 'IOPAD' in HDPYFinalizeIO
WARNING: [Designutils 20-3303] unexpected site type 'IOPAD' in HDPYFinalizeIO
WARNING: [Designutils 20-3303] unexpected site type 'IOPAD' in HDPYFinalizeIO
WARNING: [Designutils 20-3303] unexpected site type 'IOPAD' in HDPYFinalizeIO
WARNING: [Designutils 20-3303] unexpected site type 'IOPAD' in HDPYFinalizeIO
WARNING: [Designutils 20-3303] unexpected site type 'IOPAD' in HDPYFinalizeIO
WARNING: [Designutils 20-3303] unexpected site type 'IOPAD' in HDPYFinalizeIO
WARNING: [Designutils 20-3303] unexpected site type 'IOPAD' in HDPYFinalizeIO
WARNING: [Designutils 20-3303] unexpected site type 'IOPAD' in HDPYFinalizeIO
WARNING: [Designutils 20-3303] unexpected site type 'IOPAD' in HDPYFinalizeIO
WARNING: [Designutils 20-3303] unexpected site type 'IOPAD' in HDPYFinalizeIO
WARNING: [Designutils 20-3303] unexpected site type 'IOPAD' in HDPYFinalizeIO
WARNING: [Designutils 20-3303] unexpected site type 'IOPAD' in HDPYFinalizeIO
WARNING: [Designutils 20-3303] unexpected site type 'IOPAD' in HDPYFinalizeIO
WARNING: [Designutils 20-3303] unexpected site type 'IOPAD' in HDPYFinalizeIO
WARNING: [Designutils 20-3303] unexpected site type 'IOPAD' in HDPYFinalizeIO
WARNING: [Designutils 20-3303] unexpected site type 'IOPAD' in HDPYFinalizeIO
WARNING: [Designutils 20-3303] unexpected site type 'IOPAD' in HDPYFinalizeIO
WARNING: [Designutils 20-3303] unexpected site type 'IOPAD' in HDPYFinalizeIO
WARNING: [Designutils 20-3303] unexpected site type 'IOPAD' in HDPYFinalizeIO
WARNING: [Designutils 20-3303] unexpected site type 'IOPAD' in HDPYFinalizeIO
WARNING: [Designutils 20-3303] unexpected site type 'IOPAD' in HDPYFinalizeIO
WARNING: [Designutils 20-3303] unexpected site type 'IOPAD' in HDPYFinalizeIO
WARNING: [Designutils 20-3303] unexpected site type 'IOPAD' in HDPYFinalizeIO
WARNING: [Designutils 20-3303] unexpected site type 'IOPAD' in HDPYFinalizeIO
WARNING: [Designutils 20-3303] unexpected site type 'IOPAD' in HDPYFinalizeIO
WARNING: [Designutils 20-3303] unexpected site type 'IOPAD' in HDPYFinalizeIO
WARNING: [Designutils 20-3303] unexpected site type 'IOPAD' in HDPYFinalizeIO
WARNING: [Designutils 20-3303] unexpected site type 'IOPAD' in HDPYFinalizeIO
WARNING: [Designutils 20-3303] unexpected site type 'IOPAD' in HDPYFinalizeIO
WARNING: [Designutils 20-3303] unexpected site type 'IOPAD' in HDPYFinalizeIO
WARNING: [Designutils 20-3303] unexpected site type 'IOPAD' in HDPYFinalizeIO
WARNING: [Designutils 20-3303] unexpected site type 'IOPAD' in HDPYFinalizeIO
WARNING: [Designutils 20-3303] unexpected site type 'IOPAD' in HDPYFinalizeIO
WARNING: [Designutils 20-3303] unexpected site type 'IOPAD' in HDPYFinalizeIO
WARNING: [Designutils 20-3303] unexpected site type 'IOPAD' in HDPYFinalizeIO
WARNING: [Designutils 20-3303] unexpected site type 'IOPAD' in HDPYFinalizeIO
WARNING: [Designutils 20-3303] unexpected site type 'IOPAD' in HDPYFinalizeIO
WARNING: [Designutils 20-3303] unexpected site type 'IOPAD' in HDPYFinalizeIO
WARNING: [Designutils 20-3303] unexpected site type 'IOPAD' in HDPYFinalizeIO
WARNING: [Designutils 20-3303] unexpected site type 'IOPAD' in HDPYFinalizeIO
WARNING: [Designutils 20-3303] unexpected site type 'IOPAD' in HDPYFinalizeIO
WARNING: [Designutils 20-3303] unexpected site type 'IOPAD' in HDPYFinalizeIO
WARNING: [Designutils 20-3303] unexpected site type 'IOPAD' in HDPYFinalizeIO
WARNING: [Designutils 20-3303] unexpected site type 'IOPAD' in HDPYFinalizeIO
WARNING: [Designutils 20-3303] unexpected site type 'IOPAD' in HDPYFinalizeIO
WARNING: [Designutils 20-3303] unexpected site type 'IOPAD' in HDPYFinalizeIO
WARNING: [Designutils 20-3303] unexpected site type 'IOPAD' in HDPYFinalizeIO
WARNING: [Designutils 20-3303] unexpected site type 'IOPAD' in HDPYFinalizeIO
WARNING: [Designutils 20-3303] unexpected site type 'IOPAD' in HDPYFinalizeIO
WARNING: [Designutils 20-3303] unexpected site type 'IOPAD' in HDPYFinalizeIO
WARNING: [Designutils 20-3303] unexpected site type 'IOPAD' in HDPYFinalizeIO
WARNING: [Designutils 20-3303] unexpected site type 'IOPAD' in HDPYFinalizeIO
WARNING: [Designutils 20-3303] unexpected site type 'IOPAD' in HDPYFinalizeIO
WARNING: [Designutils 20-3303] unexpected site type 'IOPAD' in HDPYFinalizeIO
WARNING: [Designutils 20-3303] unexpected site type 'IOPAD' in HDPYFinalizeIO
WARNING: [Designutils 20-3303] unexpected site type 'IOPAD' in HDPYFinalizeIO
WARNING: [Designutils 20-3303] unexpected site type 'IOPAD' in HDPYFinalizeIO
WARNING: [Designutils 20-3303] unexpected site type 'IOPAD' in HDPYFinalizeIO
WARNING: [Designutils 20-3303] unexpected site type 'IOPAD' in HDPYFinalizeIO
WARNING: [Designutils 20-3303] unexpected site type 'IOPAD' in HDPYFinalizeIO
WARNING: [Designutils 20-3303] unexpected site type 'IOPAD' in HDPYFinalizeIO
WARNING: [Designutils 20-3303] unexpected site type 'IOPAD' in HDPYFinalizeIO
WARNING: [Designutils 20-3303] unexpected site type 'IOPAD' in HDPYFinalizeIO
WARNING: [Designutils 20-3303] unexpected site type 'IOPAD' in HDPYFinalizeIO
WARNING: [Designutils 20-3303] unexpected site type 'IOPAD' in HDPYFinalizeIO
WARNING: [Designutils 20-3303] unexpected site type 'IOPAD' in HDPYFinalizeIO
WARNING: [Designutils 20-3303] unexpected site type 'IOPAD' in HDPYFinalizeIO
WARNING: [Designutils 20-3303] unexpected site type 'IOPAD' in HDPYFinalizeIO
WARNING: [Designutils 20-3303] unexpected site type 'IOPAD' in HDPYFinalizeIO
INFO: [Common 17-14] Message 'Designutils 20-3303' appears 100 times and further instances of the messages will be disabled. Use the Tcl command set_msg_config to change the current settings.
INFO: [Vivado_Tcl 4-198] DRC finished with 0 Errors
INFO: [Vivado_Tcl 4-199] Please refer to the DRC report (report_drc) for more information.


Starting Routing Task
INFO: [Route 35-254] Multithreading enabled for route_design using a maximum of 2 CPUs
Checksum: PlaceDB: ebc59220 ConstDB: 0 ShapeSum: 8fae96e6 RouteDB: 0

Phase 1 Build RT Design
Phase 1 Build RT Design | Checksum: 183d11d0c

Time (s): cpu = 00:00:14 ; elapsed = 00:00:11 . Memory (MB): peak = 2061.973 ; gain = 0.000
Post Restoration Checksum: NetGraph: d200301e NumContArr: b1d0ecee Constraints: 0 Timing: 0

Phase 2 Router Initialization

Phase 2.1 Create Timer
Phase 2.1 Create Timer | Checksum: 183d11d0c

Time (s): cpu = 00:00:14 ; elapsed = 00:00:12 . Memory (MB): peak = 2061.973 ; gain = 0.000

Phase 2.2 Fix Topology Constraints
Phase 2.2 Fix Topology Constraints | Checksum: 183d11d0c

Time (s): cpu = 00:00:14 ; elapsed = 00:00:12 . Memory (MB): peak = 2061.973 ; gain = 0.000

Phase 2.3 Pre Route Cleanup
Phase 2.3 Pre Route Cleanup | Checksum: 183d11d0c

Time (s): cpu = 00:00:14 ; elapsed = 00:00:12 . Memory (MB): peak = 2061.973 ; gain = 0.000
 Number of Nodes with overlaps = 0

Phase 2.4 Update Timing
Phase 2.4 Update Timing | Checksum: 168e60949

Time (s): cpu = 00:00:19 ; elapsed = 00:00:15 . Memory (MB): peak = 2061.973 ; gain = 0.000
INFO: [Route 35-416] Intermediate Timing Summary | WNS=-3.891 | TNS=-7.926 | WHS=-0.270 | THS=-702.790|


Phase 2.5 Update Timing for Bus Skew

Phase 2.5.1 Update Timing
Phase 2.5.1 Update Timing | Checksum: 121bbef52

Time (s): cpu = 00:00:22 ; elapsed = 00:00:17 . Memory (MB): peak = 2115.117 ; gain = 53.145
INFO: [Route 35-416] Intermediate Timing Summary | WNS=-3.891 | TNS=-7.874 | WHS=N/A    | THS=N/A    |

Phase 2.5 Update Timing for Bus Skew | Checksum: 199fb6bda

Time (s): cpu = 00:00:22 ; elapsed = 00:00:17 . Memory (MB): peak = 2115.117 ; gain = 53.145
Phase 2 Router Initialization | Checksum: 1d7138134

Time (s): cpu = 00:00:22 ; elapsed = 00:00:17 . Memory (MB): peak = 2115.117 ; gain = 53.145

Phase 3 Initial Routing
Phase 3 Initial Routing | Checksum: 20a95410b

Time (s): cpu = 00:00:25 ; elapsed = 00:00:19 . Memory (MB): peak = 2115.117 ; gain = 53.145

Phase 4 Rip-up And Reroute

Phase 4.1 Global Iteration 0
 Number of Nodes with overlaps = 3313
 Number of Nodes with overlaps = 832
 Number of Nodes with overlaps = 240
 Number of Nodes with overlaps = 81
 Number of Nodes with overlaps = 37
 Number of Nodes with overlaps = 10
 Number of Nodes with overlaps = 2
 Number of Nodes with overlaps = 1
 Number of Nodes with overlaps = 0
INFO: [Route 35-416] Intermediate Timing Summary | WNS=-6.537 | TNS=-55.339| WHS=N/A    | THS=N/A    |

Phase 4.1 Global Iteration 0 | Checksum: 18a183b11

Time (s): cpu = 00:00:40 ; elapsed = 00:00:29 . Memory (MB): peak = 2115.117 ; gain = 53.145

Phase 4.2 Global Iteration 1
 Number of Nodes with overlaps = 937
 Number of Nodes with overlaps = 289
 Number of Nodes with overlaps = 82
 Number of Nodes with overlaps = 29
 Number of Nodes with overlaps = 34
 Number of Nodes with overlaps = 15
 Number of Nodes with overlaps = 5
 Number of Nodes with overlaps = 0
INFO: [Route 35-416] Intermediate Timing Summary | WNS=-6.150 | TNS=-45.831| WHS=N/A    | THS=N/A    |

Phase 4.2 Global Iteration 1 | Checksum: 12e1dac5e

Time (s): cpu = 00:00:49 ; elapsed = 00:00:35 . Memory (MB): peak = 2115.117 ; gain = 53.145

Phase 4.3 Global Iteration 2
 Number of Nodes with overlaps = 934
 Number of Nodes with overlaps = 282
 Number of Nodes with overlaps = 73
 Number of Nodes with overlaps = 28
 Number of Nodes with overlaps = 4
 Number of Nodes with overlaps = 2
 Number of Nodes with overlaps = 1
 Number of Nodes with overlaps = 0
INFO: [Route 35-416] Intermediate Timing Summary | WNS=-6.788 | TNS=-49.033| WHS=N/A    | THS=N/A    |

Phase 4.3 Global Iteration 2 | Checksum: b2365aa0

Time (s): cpu = 00:00:55 ; elapsed = 00:00:40 . Memory (MB): peak = 2115.117 ; gain = 53.145
Phase 4 Rip-up And Reroute | Checksum: b2365aa0

Time (s): cpu = 00:00:55 ; elapsed = 00:00:40 . Memory (MB): peak = 2115.117 ; gain = 53.145

Phase 5 Delay and Skew Optimization

Phase 5.1 Delay CleanUp

Phase 5.1.1 Update Timing
Phase 5.1.1 Update Timing | Checksum: 17cea2ff9

Time (s): cpu = 00:00:56 ; elapsed = 00:00:41 . Memory (MB): peak = 2115.117 ; gain = 53.145
INFO: [Route 35-416] Intermediate Timing Summary | WNS=-6.149 | TNS=-45.821| WHS=N/A    | THS=N/A    |

 Number of Nodes with overlaps = 0
Phase 5.1 Delay CleanUp | Checksum: 1e67df140

Time (s): cpu = 00:00:57 ; elapsed = 00:00:41 . Memory (MB): peak = 2115.117 ; gain = 53.145

Phase 5.2 Clock Skew Optimization
Phase 5.2 Clock Skew Optimization | Checksum: 1e67df140

Time (s): cpu = 00:00:57 ; elapsed = 00:00:41 . Memory (MB): peak = 2115.117 ; gain = 53.145
Phase 5 Delay and Skew Optimization | Checksum: 1e67df140

Time (s): cpu = 00:00:57 ; elapsed = 00:00:41 . Memory (MB): peak = 2115.117 ; gain = 53.145

Phase 6 Post Hold Fix

Phase 6.1 Hold Fix Iter

Phase 6.1.1 Update Timing
Phase 6.1.1 Update Timing | Checksum: 1c09c03f0

Time (s): cpu = 00:00:57 ; elapsed = 00:00:42 . Memory (MB): peak = 2115.117 ; gain = 53.145
INFO: [Route 35-416] Intermediate Timing Summary | WNS=-6.095 | TNS=-43.161| WHS=0.031  | THS=0.000  |

Phase 6.1 Hold Fix Iter | Checksum: 20f3001c1

Time (s): cpu = 00:00:57 ; elapsed = 00:00:42 . Memory (MB): peak = 2115.117 ; gain = 53.145
Phase 6 Post Hold Fix | Checksum: 20f3001c1

Time (s): cpu = 00:00:57 ; elapsed = 00:00:42 . Memory (MB): peak = 2115.117 ; gain = 53.145

Phase 7 Route finalize

Router Utilization Summary
  Global Vertical Routing Utilization    = 4.91685 %
  Global Horizontal Routing Utilization  = 6.73065 %
  Routable Net Status*
  *Does not include unroutable nets such as driverless and loadless.
  Run report_route_status for detailed report.
  Number of Failed Nets               = 0
  Number of Unrouted Nets             = 0
  Number of Partially Routed Nets     = 0
  Number of Node Overlaps             = 0

Congestion Report
North Dir 1x1 Area, Max Cong = 70.2703%, No Congested Regions.
South Dir 1x1 Area, Max Cong = 68.4685%, No Congested Regions.
East Dir 1x1 Area, Max Cong = 76.4706%, No Congested Regions.
West Dir 1x1 Area, Max Cong = 77.9412%, No Congested Regions.

------------------------------
Reporting congestion hotspots
------------------------------
Direction: North
----------------
Congested clusters found at Level 0
Effective congestion level: 0 Aspect Ratio: 1 Sparse Ratio: 0
Direction: South
----------------
Congested clusters found at Level 0
Effective congestion level: 0 Aspect Ratio: 1 Sparse Ratio: 0
Direction: East
----------------
Congested clusters found at Level 0
Effective congestion level: 0 Aspect Ratio: 1 Sparse Ratio: 0
Direction: West
----------------
Congested clusters found at Level 0
Effective congestion level: 0 Aspect Ratio: 1 Sparse Ratio: 0

Phase 7 Route finalize | Checksum: 1f8f67c0e

Time (s): cpu = 00:00:58 ; elapsed = 00:00:42 . Memory (MB): peak = 2115.117 ; gain = 53.145

Phase 8 Verifying routed nets

 Verification completed successfully
Phase 8 Verifying routed nets | Checksum: 1f8f67c0e

Time (s): cpu = 00:00:58 ; elapsed = 00:00:42 . Memory (MB): peak = 2115.117 ; gain = 53.145

Phase 9 Depositing Routes
Phase 9 Depositing Routes | Checksum: 24219bd1b

Time (s): cpu = 00:00:59 ; elapsed = 00:00:43 . Memory (MB): peak = 2115.117 ; gain = 53.145

Phase 10 Post Router Timing
INFO: [Route 35-57] Estimated Timing Summary | WNS=-6.095 | TNS=-43.161| WHS=0.031  | THS=0.000  |

WARNING: [Route 35-328] Router estimated timing not met.
Resolution: For a complete and accurate timing signoff, report_timing_summary must be run after route_design. Alternatively, route_design can be run with the -timing_summary option to enable a complete timing signoff at the end of route_design.
Phase 10 Post Router Timing | Checksum: 24219bd1b

Time (s): cpu = 00:00:59 ; elapsed = 00:00:43 . Memory (MB): peak = 2115.117 ; gain = 53.145
INFO: [Route 35-16] Router Completed Successfully

Time (s): cpu = 00:00:59 ; elapsed = 00:00:43 . Memory (MB): peak = 2115.117 ; gain = 53.145

Routing Is Done.
INFO: [Common 17-83] Releasing license: Implementation
118 Infos, 205 Warnings, 0 Critical Warnings and 0 Errors encountered.
route_design completed successfully
route_design: Time (s): cpu = 00:01:01 ; elapsed = 00:00:44 . Memory (MB): peak = 2115.117 ; gain = 53.145
Netlist sorting complete. Time (s): cpu = 00:00:00 ; elapsed = 00:00:00.009 . Memory (MB): peak = 2115.117 ; gain = 0.000
INFO: [Timing 38-480] Writing timing data to binary archive.
Writing placer database...
Netlist sorting complete. Time (s): cpu = 00:00:00 ; elapsed = 00:00:00.009 . Memory (MB): peak = 2115.117 ; gain = 0.000
Writing XDEF routing.
Writing XDEF routing logical nets.
Writing XDEF routing special nets.
Write XDEF Complete: Time (s): cpu = 00:00:04 ; elapsed = 00:00:01 . Memory (MB): peak = 2115.117 ; gain = 0.000
INFO: [Common 17-1381] The checkpoint 'C:/Users/Toph Beifong/Desktop/2023_step2_by_ygw_v4/2023_step2_by_ygw.runs/impl_1/design_1_wrapper_routed.dcp' has been generated.
INFO: [runtcl-4] Executing : report_drc -file design_1_wrapper_drc_routed.rpt -pb design_1_wrapper_drc_routed.pb -rpx design_1_wrapper_drc_routed.rpx
Command: report_drc -file design_1_wrapper_drc_routed.rpt -pb design_1_wrapper_drc_routed.pb -rpx design_1_wrapper_drc_routed.rpx
INFO: [IP_Flow 19-1839] IP Catalog is up to date.
INFO: [DRC 23-27] Running DRC with 2 threads
INFO: [Coretcl 2-168] The results of DRC are in file C:/Users/Toph Beifong/Desktop/2023_step2_by_ygw_v4/2023_step2_by_ygw.runs/impl_1/design_1_wrapper_drc_routed.rpt.
report_drc completed successfully
INFO: [runtcl-4] Executing : report_methodology -file design_1_wrapper_methodology_drc_routed.rpt -pb design_1_wrapper_methodology_drc_routed.pb -rpx design_1_wrapper_methodology_drc_routed.rpx
Command: report_methodology -file design_1_wrapper_methodology_drc_routed.rpt -pb design_1_wrapper_methodology_drc_routed.pb -rpx design_1_wrapper_methodology_drc_routed.rpx
INFO: [Timing 38-35] Done setting XDC timing constraints.
INFO: [DRC 23-133] Running Methodology with 2 threads
INFO: [Coretcl 2-1520] The results of Report Methodology are in file C:/Users/Toph Beifong/Desktop/2023_step2_by_ygw_v4/2023_step2_by_ygw.runs/impl_1/design_1_wrapper_methodology_drc_routed.rpt.
report_methodology completed successfully
INFO: [runtcl-4] Executing : report_power -file design_1_wrapper_power_routed.rpt -pb design_1_wrapper_power_summary_routed.pb -rpx design_1_wrapper_power_routed.rpx
Command: report_power -file design_1_wrapper_power_routed.rpt -pb design_1_wrapper_power_summary_routed.pb -rpx design_1_wrapper_power_routed.rpx
INFO: [Timing 38-35] Done setting XDC timing constraints.
Running Vector-less Activity Propagation...

Finished Running Vector-less Activity Propagation
130 Infos, 205 Warnings, 0 Critical Warnings and 0 Errors encountered.
report_power completed successfully
INFO: [runtcl-4] Executing : report_route_status -file design_1_wrapper_route_status.rpt -pb design_1_wrapper_route_status.pb
INFO: [runtcl-4] Executing : report_timing_summary -max_paths 10 -file design_1_wrapper_timing_summary_routed.rpt -pb design_1_wrapper_timing_summary_routed.pb -rpx design_1_wrapper_timing_summary_routed.rpx -warn_on_violation 
INFO: [Timing 38-91] UpdateTimingParams: Speed grade: -2, Delay Type: min_max.
INFO: [Timing 38-191] Multithreading enabled for timing update using a maximum of 2 CPUs
CRITICAL WARNING: [Timing 38-282] The design failed to meet the timing requirements. Please see the timing summary report for details on the timing violations.
WARNING: [Timing 38-436] There are set_bus_skew constraint(s) in this design. Please run report_bus_skew to ensure that bus skew requirements are met.
INFO: [runtcl-4] Executing : report_incremental_reuse -file design_1_wrapper_incremental_reuse_routed.rpt
INFO: [Vivado_Tcl 4-1062] Incremental flow is disabled. No incremental reuse Info to report.
INFO: [runtcl-4] Executing : report_clock_utilization -file design_1_wrapper_clock_utilization_routed.rpt
INFO: [runtcl-4] Executing : report_bus_skew -warn_on_violation -file design_1_wrapper_bus_skew_routed.rpt -pb design_1_wrapper_bus_skew_routed.pb -rpx design_1_wrapper_bus_skew_routed.rpx
INFO: [Timing 38-91] UpdateTimingParams: Speed grade: -2, Delay Type: min_max.
INFO: [Timing 38-191] Multithreading enabled for timing update using a maximum of 2 CPUs
INFO: [Common 17-206] Exiting Vivado at Sat Jul 25 20:18:18 2026...
