
*** Running vivado
    with args -log design_1_smart_mux_stream_0_0.vds -m64 -product Vivado -mode batch -messageDb vivado.pb -notrace -source design_1_smart_mux_stream_0_0.tcl


****** Vivado v2018.3 (64-bit)
  **** SW Build 2405991 on Thu Dec  6 23:38:27 MST 2018
  **** IP Build 2404404 on Fri Dec  7 01:43:56 MST 2018
    ** Copyright 1986-2018 Xilinx, Inc. All Rights Reserved.

source design_1_smart_mux_stream_0_0.tcl -notrace
Command: synth_design -top design_1_smart_mux_stream_0_0 -part xc7z020clg400-2 -mode out_of_context
Starting synth_design
Attempting to get a license for feature 'Synthesis' and/or device 'xc7z020'
INFO: [Common 17-349] Got license for feature 'Synthesis' and/or device 'xc7z020'
INFO: Launching helper process for spawning children vivado processes
INFO: Helper process launched with PID 43208 
---------------------------------------------------------------------------------
Starting RTL Elaboration : Time (s): cpu = 00:00:02 ; elapsed = 00:00:02 . Memory (MB): peak = 476.199 ; gain = 106.191
---------------------------------------------------------------------------------
INFO: [Synth 8-6157] synthesizing module 'design_1_smart_mux_stream_0_0' [f:/College/verilog_digital_system/Xilinx/2023_step2_by_ygw_v5/2023_step2_by_ygw.srcs/sources_1/bd/design_1/ip/design_1_smart_mux_stream_0_0/synth/design_1_smart_mux_stream_0_0.v:58]
INFO: [Synth 8-6157] synthesizing module 'smart_mux_stream' [F:/College/verilog_digital_system/Xilinx/2023_step2_by_ygw_v5/2023_step2_by_ygw.srcs/sources_1/new/smart_mux_stream.v:39]
	Parameter AXIS_FIFO_DEPTH bound to: 16 - type: integer 
	Parameter AXIS_PTR_WIDTH bound to: 4 - type: integer 
	Parameter AXIS_COUNT_WIDTH bound to: 5 - type: integer 
INFO: [Synth 8-5534] Detected attribute (* mark_debug = "true" *) [F:/College/verilog_digital_system/Xilinx/2023_step2_by_ygw_v5/2023_step2_by_ygw.srcs/sources_1/new/smart_mux_stream.v:55]
INFO: [Synth 8-5534] Detected attribute (* ASYNC_REG = "TRUE" *) [F:/College/verilog_digital_system/Xilinx/2023_step2_by_ygw_v5/2023_step2_by_ygw.srcs/sources_1/new/smart_mux_stream.v:67]
INFO: [Synth 8-5534] Detected attribute (* ASYNC_REG = "TRUE" *) [F:/College/verilog_digital_system/Xilinx/2023_step2_by_ygw_v5/2023_step2_by_ygw.srcs/sources_1/new/smart_mux_stream.v:68]
INFO: [Synth 8-5534] Detected attribute (* ASYNC_REG = "TRUE" *) [F:/College/verilog_digital_system/Xilinx/2023_step2_by_ygw_v5/2023_step2_by_ygw.srcs/sources_1/new/smart_mux_stream.v:72]
INFO: [Synth 8-5534] Detected attribute (* ASYNC_REG = "TRUE" *) [F:/College/verilog_digital_system/Xilinx/2023_step2_by_ygw_v5/2023_step2_by_ygw.srcs/sources_1/new/smart_mux_stream.v:73]
INFO: [Synth 8-5534] Detected attribute (* mark_debug = "true" *) [F:/College/verilog_digital_system/Xilinx/2023_step2_by_ygw_v5/2023_step2_by_ygw.srcs/sources_1/new/smart_mux_stream.v:237]
INFO: [Synth 8-5534] Detected attribute (* mark_debug = "true" *) [F:/College/verilog_digital_system/Xilinx/2023_step2_by_ygw_v5/2023_step2_by_ygw.srcs/sources_1/new/smart_mux_stream.v:239]
INFO: [Synth 8-6155] done synthesizing module 'smart_mux_stream' (1#1) [F:/College/verilog_digital_system/Xilinx/2023_step2_by_ygw_v5/2023_step2_by_ygw.srcs/sources_1/new/smart_mux_stream.v:39]
INFO: [Synth 8-6155] done synthesizing module 'design_1_smart_mux_stream_0_0' (2#1) [f:/College/verilog_digital_system/Xilinx/2023_step2_by_ygw_v5/2023_step2_by_ygw.srcs/sources_1/bd/design_1/ip/design_1_smart_mux_stream_0_0/synth/design_1_smart_mux_stream_0_0.v:58]
WARNING: [Synth 8-3331] design smart_mux_stream has unconnected port mux_ctrl[31]
WARNING: [Synth 8-3331] design smart_mux_stream has unconnected port mux_ctrl[30]
WARNING: [Synth 8-3331] design smart_mux_stream has unconnected port mux_ctrl[29]
WARNING: [Synth 8-3331] design smart_mux_stream has unconnected port mux_ctrl[28]
WARNING: [Synth 8-3331] design smart_mux_stream has unconnected port mux_ctrl[27]
WARNING: [Synth 8-3331] design smart_mux_stream has unconnected port mux_ctrl[26]
WARNING: [Synth 8-3331] design smart_mux_stream has unconnected port mux_ctrl[25]
WARNING: [Synth 8-3331] design smart_mux_stream has unconnected port mux_ctrl[24]
WARNING: [Synth 8-3331] design smart_mux_stream has unconnected port mux_ctrl[23]
WARNING: [Synth 8-3331] design smart_mux_stream has unconnected port mux_ctrl[22]
WARNING: [Synth 8-3331] design smart_mux_stream has unconnected port mux_ctrl[21]
WARNING: [Synth 8-3331] design smart_mux_stream has unconnected port mux_ctrl[20]
WARNING: [Synth 8-3331] design smart_mux_stream has unconnected port mux_ctrl[19]
WARNING: [Synth 8-3331] design smart_mux_stream has unconnected port mux_ctrl[18]
WARNING: [Synth 8-3331] design smart_mux_stream has unconnected port mux_ctrl[17]
WARNING: [Synth 8-3331] design smart_mux_stream has unconnected port mux_ctrl[16]
WARNING: [Synth 8-3331] design smart_mux_stream has unconnected port mux_ctrl[15]
WARNING: [Synth 8-3331] design smart_mux_stream has unconnected port mux_ctrl[14]
WARNING: [Synth 8-3331] design smart_mux_stream has unconnected port mux_ctrl[13]
WARNING: [Synth 8-3331] design smart_mux_stream has unconnected port mux_ctrl[12]
WARNING: [Synth 8-3331] design smart_mux_stream has unconnected port mux_ctrl[11]
WARNING: [Synth 8-3331] design smart_mux_stream has unconnected port mux_ctrl[10]
WARNING: [Synth 8-3331] design smart_mux_stream has unconnected port mux_ctrl[9]
WARNING: [Synth 8-3331] design smart_mux_stream has unconnected port mux_ctrl[7]
WARNING: [Synth 8-3331] design smart_mux_stream has unconnected port mux_ctrl[6]
WARNING: [Synth 8-3331] design smart_mux_stream has unconnected port mux_ctrl[5]
WARNING: [Synth 8-3331] design smart_mux_stream has unconnected port mux_ctrl[4]
WARNING: [Synth 8-3331] design smart_mux_stream has unconnected port mux_ctrl[3]
WARNING: [Synth 8-3331] design smart_mux_stream has unconnected port mag_out[23]
---------------------------------------------------------------------------------
Finished RTL Elaboration : Time (s): cpu = 00:00:03 ; elapsed = 00:00:03 . Memory (MB): peak = 532.281 ; gain = 162.273
---------------------------------------------------------------------------------

Report Check Netlist: 
+------+------------------+-------+---------+-------+------------------+
|      |Item              |Errors |Warnings |Status |Description       |
+------+------------------+-------+---------+-------+------------------+
|1     |multi_driven_nets |      0|        0|Passed |Multi driven nets |
+------+------------------+-------+---------+-------+------------------+
---------------------------------------------------------------------------------
Start Handling Custom Attributes
---------------------------------------------------------------------------------
---------------------------------------------------------------------------------
Finished Handling Custom Attributes : Time (s): cpu = 00:00:03 ; elapsed = 00:00:03 . Memory (MB): peak = 532.281 ; gain = 162.273
---------------------------------------------------------------------------------
---------------------------------------------------------------------------------
Finished RTL Optimization Phase 1 : Time (s): cpu = 00:00:03 ; elapsed = 00:00:03 . Memory (MB): peak = 532.281 ; gain = 162.273
---------------------------------------------------------------------------------
INFO: [Device 21-403] Loading part xc7z020clg400-2
INFO: [Project 1-570] Preparing netlist for logic optimization

Processing XDC Constraints
Initializing timing engine
Completed Processing XDC Constraints

Netlist sorting complete. Time (s): cpu = 00:00:00 ; elapsed = 00:00:00 . Memory (MB): peak = 881.555 ; gain = 0.000
INFO: [Project 1-111] Unisim Transformation Summary:
No Unisim elements were transformed.

Netlist sorting complete. Time (s): cpu = 00:00:00 ; elapsed = 00:00:00.001 . Memory (MB): peak = 881.555 ; gain = 0.000
WARNING: [Constraints 18-5210] No constraints selected for write.
Resolution: This message can indicate that there are no constraints for the design, or it can indicate that the used_in flags are set such that the constraints are ignored. This later case is used when running synth_design to not write synthesis constraints to the resulting checkpoint. Instead, project constraints are read when the synthesized design is opened.
Constraint Validation Runtime : Time (s): cpu = 00:00:00 ; elapsed = 00:00:00.081 . Memory (MB): peak = 884.379 ; gain = 2.824
---------------------------------------------------------------------------------
Finished Constraint Validation : Time (s): cpu = 00:00:10 ; elapsed = 00:00:11 . Memory (MB): peak = 884.379 ; gain = 514.371
---------------------------------------------------------------------------------
---------------------------------------------------------------------------------
Start Loading Part and Timing Information
---------------------------------------------------------------------------------
Loading part: xc7z020clg400-2
---------------------------------------------------------------------------------
Finished Loading Part and Timing Information : Time (s): cpu = 00:00:10 ; elapsed = 00:00:11 . Memory (MB): peak = 884.379 ; gain = 514.371
---------------------------------------------------------------------------------
---------------------------------------------------------------------------------
Start Applying 'set_property' XDC Constraints
---------------------------------------------------------------------------------
---------------------------------------------------------------------------------
Finished applying 'set_property' XDC Constraints : Time (s): cpu = 00:00:10 ; elapsed = 00:00:11 . Memory (MB): peak = 884.379 ; gain = 514.371
---------------------------------------------------------------------------------
INFO: [Synth 8-5818] HDL ADVISOR - The operator resource <adder> is shared. To prevent sharing consider applying a KEEP on the output of the operator [F:/College/verilog_digital_system/Xilinx/2023_step2_by_ygw_v5/2023_step2_by_ygw.srcs/sources_1/new/smart_mux_stream.v:283]
INFO: [Synth 8-5546] ROM "frame_accepting_samples" won't be mapped to RAM because it is too sparse
---------------------------------------------------------------------------------
Finished RTL Optimization Phase 2 : Time (s): cpu = 00:00:10 ; elapsed = 00:00:12 . Memory (MB): peak = 884.379 ; gain = 514.371
---------------------------------------------------------------------------------

Report RTL Partitions: 
+-+--------------+------------+----------+
| |RTL Partition |Replication |Instances |
+-+--------------+------------+----------+
+-+--------------+------------+----------+
---------------------------------------------------------------------------------
Start RTL Component Statistics 
---------------------------------------------------------------------------------
Detailed RTL Component Info : 
+---Adders : 
	   4 Input     32 Bit       Adders := 1     
	   3 Input     32 Bit       Adders := 1     
	   2 Input     12 Bit       Adders := 1     
	   2 Input      5 Bit       Adders := 1     
	   2 Input      4 Bit       Adders := 2     
+---Registers : 
	               32 Bit    Registers := 1     
	               24 Bit    Registers := 65    
	               12 Bit    Registers := 1     
	                5 Bit    Registers := 1     
	                4 Bit    Registers := 1     
	                3 Bit    Registers := 4     
	                1 Bit    Registers := 5     
+---RAMs : 
	              512 Bit         RAMs := 1     
	               16 Bit         RAMs := 1     
+---Muxes : 
	   3 Input     24 Bit        Muxes := 2     
	   4 Input     16 Bit        Muxes := 1     
	   2 Input     16 Bit        Muxes := 2     
	   2 Input     12 Bit        Muxes := 1     
	   2 Input      4 Bit        Muxes := 4     
	   3 Input      2 Bit        Muxes := 1     
	   4 Input      1 Bit        Muxes := 1     
	   3 Input      1 Bit        Muxes := 1     
	   2 Input      1 Bit        Muxes := 2     
---------------------------------------------------------------------------------
Finished RTL Component Statistics 
---------------------------------------------------------------------------------
---------------------------------------------------------------------------------
Start RTL Hierarchical Component Statistics 
---------------------------------------------------------------------------------
Hierarchical RTL Component report 
Module smart_mux_stream 
Detailed RTL Component Info : 
+---Adders : 
	   4 Input     32 Bit       Adders := 1     
	   3 Input     32 Bit       Adders := 1     
	   2 Input     12 Bit       Adders := 1     
	   2 Input      5 Bit       Adders := 1     
	   2 Input      4 Bit       Adders := 2     
+---Registers : 
	               32 Bit    Registers := 1     
	               24 Bit    Registers := 65    
	               12 Bit    Registers := 1     
	                5 Bit    Registers := 1     
	                4 Bit    Registers := 1     
	                3 Bit    Registers := 4     
	                1 Bit    Registers := 5     
+---RAMs : 
	              512 Bit         RAMs := 1     
	               16 Bit         RAMs := 1     
+---Muxes : 
	   3 Input     24 Bit        Muxes := 2     
	   4 Input     16 Bit        Muxes := 1     
	   2 Input     16 Bit        Muxes := 2     
	   2 Input     12 Bit        Muxes := 1     
	   2 Input      4 Bit        Muxes := 4     
	   3 Input      2 Bit        Muxes := 1     
	   4 Input      1 Bit        Muxes := 1     
	   3 Input      1 Bit        Muxes := 1     
	   2 Input      1 Bit        Muxes := 2     
---------------------------------------------------------------------------------
Finished RTL Hierarchical Component Statistics
---------------------------------------------------------------------------------
---------------------------------------------------------------------------------
Start Part Resource Summary
---------------------------------------------------------------------------------
Part Resources:
DSPs: 220 (col length:60)
BRAMs: 280 (col length: RAMB18 60 RAMB36 30)
---------------------------------------------------------------------------------
Finished Part Resource Summary
---------------------------------------------------------------------------------
---------------------------------------------------------------------------------
Start Cross Boundary and Area Optimization
---------------------------------------------------------------------------------
Warning: Parallel synthesis criteria is not met 
INFO: [Synth 8-5546] ROM "frame_accepting_samples" won't be mapped to RAM because it is too sparse
WARNING: [Synth 8-3331] design smart_mux_stream has unconnected port mux_ctrl[31]
WARNING: [Synth 8-3331] design smart_mux_stream has unconnected port mux_ctrl[30]
WARNING: [Synth 8-3331] design smart_mux_stream has unconnected port mux_ctrl[29]
WARNING: [Synth 8-3331] design smart_mux_stream has unconnected port mux_ctrl[28]
WARNING: [Synth 8-3331] design smart_mux_stream has unconnected port mux_ctrl[27]
WARNING: [Synth 8-3331] design smart_mux_stream has unconnected port mux_ctrl[26]
WARNING: [Synth 8-3331] design smart_mux_stream has unconnected port mux_ctrl[25]
WARNING: [Synth 8-3331] design smart_mux_stream has unconnected port mux_ctrl[24]
WARNING: [Synth 8-3331] design smart_mux_stream has unconnected port mux_ctrl[23]
WARNING: [Synth 8-3331] design smart_mux_stream has unconnected port mux_ctrl[22]
WARNING: [Synth 8-3331] design smart_mux_stream has unconnected port mux_ctrl[21]
WARNING: [Synth 8-3331] design smart_mux_stream has unconnected port mux_ctrl[20]
WARNING: [Synth 8-3331] design smart_mux_stream has unconnected port mux_ctrl[19]
WARNING: [Synth 8-3331] design smart_mux_stream has unconnected port mux_ctrl[18]
WARNING: [Synth 8-3331] design smart_mux_stream has unconnected port mux_ctrl[17]
WARNING: [Synth 8-3331] design smart_mux_stream has unconnected port mux_ctrl[16]
WARNING: [Synth 8-3331] design smart_mux_stream has unconnected port mux_ctrl[15]
WARNING: [Synth 8-3331] design smart_mux_stream has unconnected port mux_ctrl[14]
WARNING: [Synth 8-3331] design smart_mux_stream has unconnected port mux_ctrl[13]
WARNING: [Synth 8-3331] design smart_mux_stream has unconnected port mux_ctrl[12]
WARNING: [Synth 8-3331] design smart_mux_stream has unconnected port mux_ctrl[11]
WARNING: [Synth 8-3331] design smart_mux_stream has unconnected port mux_ctrl[10]
WARNING: [Synth 8-3331] design smart_mux_stream has unconnected port mux_ctrl[9]
WARNING: [Synth 8-3331] design smart_mux_stream has unconnected port mux_ctrl[7]
WARNING: [Synth 8-3331] design smart_mux_stream has unconnected port mux_ctrl[6]
WARNING: [Synth 8-3331] design smart_mux_stream has unconnected port mux_ctrl[5]
WARNING: [Synth 8-3331] design smart_mux_stream has unconnected port mux_ctrl[4]
WARNING: [Synth 8-3331] design smart_mux_stream has unconnected port mux_ctrl[3]
WARNING: [Synth 8-3331] design smart_mux_stream has unconnected port mag_out[23]
INFO: [Synth 8-3886] merging instance 'inst/axis_read_pointer_reg_rep[3]__0' (FDRE) to 'inst/axis_read_pointer_reg_rep[3]'
INFO: [Synth 8-3886] merging instance 'inst/axis_read_pointer_reg_rep[2]__0' (FDRE) to 'inst/axis_read_pointer_reg_rep[2]'
INFO: [Synth 8-3886] merging instance 'inst/axis_read_pointer_reg_rep[1]__0' (FDRE) to 'inst/axis_read_pointer_reg_rep[1]'
INFO: [Synth 8-3886] merging instance 'inst/axis_read_pointer_reg_rep[0]__0' (FDRE) to 'inst/axis_read_pointer_reg_rep[0]'
---------------------------------------------------------------------------------
Finished Cross Boundary and Area Optimization : Time (s): cpu = 00:00:11 ; elapsed = 00:00:13 . Memory (MB): peak = 884.379 ; gain = 514.371
---------------------------------------------------------------------------------
---------------------------------------------------------------------------------
Start ROM, RAM, DSP and Shift Register Reporting
---------------------------------------------------------------------------------

Distributed RAM: Preliminary Mapping  Report (see note below)
+------------+--------------------+-----------+----------------------+----------------+
|Module Name | RTL Object         | Inference | Size (Depth x Width) | Primitives     | 
+------------+--------------------+-----------+----------------------+----------------+
|inst        | axis_data_fifo_reg | Implied   | 16 x 32              | RAM32M x 6     | 
|inst        | axis_last_fifo_reg | Implied   | 16 x 1               | RAM16X1D x 1   | 
+------------+--------------------+-----------+----------------------+----------------+

Note: The table above is a preliminary report that shows the Distributed RAMs at the current stage of the synthesis flow. Some Distributed RAMs may be reimplemented as non Distributed RAM primitives later in the synthesis flow. Multiple instantiated RAMs are reported only once.
---------------------------------------------------------------------------------
Finished ROM, RAM, DSP and Shift Register Reporting
---------------------------------------------------------------------------------

Report RTL Partitions: 
+-+--------------+------------+----------+
| |RTL Partition |Replication |Instances |
+-+--------------+------------+----------+
+-+--------------+------------+----------+
---------------------------------------------------------------------------------
Start Applying XDC Timing Constraints
---------------------------------------------------------------------------------
---------------------------------------------------------------------------------
Finished Applying XDC Timing Constraints : Time (s): cpu = 00:00:19 ; elapsed = 00:00:21 . Memory (MB): peak = 884.379 ; gain = 514.371
---------------------------------------------------------------------------------
---------------------------------------------------------------------------------
Start Timing Optimization
---------------------------------------------------------------------------------
---------------------------------------------------------------------------------
Finished Timing Optimization : Time (s): cpu = 00:00:19 ; elapsed = 00:00:21 . Memory (MB): peak = 885.172 ; gain = 515.164
---------------------------------------------------------------------------------
---------------------------------------------------------------------------------
Start ROM, RAM, DSP and Shift Register Reporting
---------------------------------------------------------------------------------

Distributed RAM: Final Mapping  Report
+------------+--------------------+-----------+----------------------+----------------+
|Module Name | RTL Object         | Inference | Size (Depth x Width) | Primitives     | 
+------------+--------------------+-----------+----------------------+----------------+
|inst        | axis_data_fifo_reg | Implied   | 16 x 32              | RAM32M x 6     | 
|inst        | axis_last_fifo_reg | Implied   | 16 x 1               | RAM16X1D x 1   | 
+------------+--------------------+-----------+----------------------+----------------+

---------------------------------------------------------------------------------
Finished ROM, RAM, DSP and Shift Register Reporting
---------------------------------------------------------------------------------

Report RTL Partitions: 
+-+--------------+------------+----------+
| |RTL Partition |Replication |Instances |
+-+--------------+------------+----------+
+-+--------------+------------+----------+
---------------------------------------------------------------------------------
Start Technology Mapping
---------------------------------------------------------------------------------
INFO: [Synth 8-3886] merging instance 'inst/axis_read_pointer_reg_rep[0]' (FDRE) to 'inst/axis_read_pointer_reg[0]'
---------------------------------------------------------------------------------
Finished Technology Mapping : Time (s): cpu = 00:00:19 ; elapsed = 00:00:21 . Memory (MB): peak = 908.004 ; gain = 537.996
---------------------------------------------------------------------------------

Report RTL Partitions: 
+-+--------------+------------+----------+
| |RTL Partition |Replication |Instances |
+-+--------------+------------+----------+
+-+--------------+------------+----------+
---------------------------------------------------------------------------------
Start IO Insertion
---------------------------------------------------------------------------------
---------------------------------------------------------------------------------
Start Flattening Before IO Insertion
---------------------------------------------------------------------------------
---------------------------------------------------------------------------------
Finished Flattening Before IO Insertion
---------------------------------------------------------------------------------
---------------------------------------------------------------------------------
Start Final Netlist Cleanup
---------------------------------------------------------------------------------
---------------------------------------------------------------------------------
Finished Final Netlist Cleanup
---------------------------------------------------------------------------------
---------------------------------------------------------------------------------
Finished IO Insertion : Time (s): cpu = 00:00:20 ; elapsed = 00:00:22 . Memory (MB): peak = 908.004 ; gain = 537.996
---------------------------------------------------------------------------------

Report Check Netlist: 
+------+------------------+-------+---------+-------+------------------+
|      |Item              |Errors |Warnings |Status |Description       |
+------+------------------+-------+---------+-------+------------------+
|1     |multi_driven_nets |      0|        0|Passed |Multi driven nets |
+------+------------------+-------+---------+-------+------------------+
---------------------------------------------------------------------------------
Start Renaming Generated Instances
---------------------------------------------------------------------------------
---------------------------------------------------------------------------------
Finished Renaming Generated Instances : Time (s): cpu = 00:00:20 ; elapsed = 00:00:22 . Memory (MB): peak = 908.004 ; gain = 537.996
---------------------------------------------------------------------------------

Report RTL Partitions: 
+-+--------------+------------+----------+
| |RTL Partition |Replication |Instances |
+-+--------------+------------+----------+
+-+--------------+------------+----------+
---------------------------------------------------------------------------------
Start Rebuilding User Hierarchy
---------------------------------------------------------------------------------
---------------------------------------------------------------------------------
Finished Rebuilding User Hierarchy : Time (s): cpu = 00:00:20 ; elapsed = 00:00:22 . Memory (MB): peak = 908.004 ; gain = 537.996
---------------------------------------------------------------------------------
---------------------------------------------------------------------------------
Start Renaming Generated Ports
---------------------------------------------------------------------------------
---------------------------------------------------------------------------------
Finished Renaming Generated Ports : Time (s): cpu = 00:00:20 ; elapsed = 00:00:22 . Memory (MB): peak = 908.004 ; gain = 537.996
---------------------------------------------------------------------------------
---------------------------------------------------------------------------------
Start Handling Custom Attributes
---------------------------------------------------------------------------------
---------------------------------------------------------------------------------
Finished Handling Custom Attributes : Time (s): cpu = 00:00:20 ; elapsed = 00:00:22 . Memory (MB): peak = 908.004 ; gain = 537.996
---------------------------------------------------------------------------------
---------------------------------------------------------------------------------
Start Renaming Generated Nets
---------------------------------------------------------------------------------
---------------------------------------------------------------------------------
Finished Renaming Generated Nets : Time (s): cpu = 00:00:20 ; elapsed = 00:00:22 . Memory (MB): peak = 908.004 ; gain = 537.996
---------------------------------------------------------------------------------
---------------------------------------------------------------------------------
Start ROM, RAM, DSP and Shift Register Reporting
---------------------------------------------------------------------------------

Static Shift Register Report:
+-----------------+------------------------+--------+-------+--------------+--------------------+-------------------+--------+---------+
|Module Name      | RTL Name               | Length | Width | Reset Signal | Pull out first Reg | Pull out last Reg | SRL16E | SRLC32E | 
+-----------------+------------------------+--------+-------+--------------+--------------------+-------------------+--------+---------+
|smart_mux_stream | delay_line_reg[63][23] | 64     | 24    | YES          | NO                 | YES               | 0      | 48      | 
+-----------------+------------------------+--------+-------+--------------+--------------------+-------------------+--------+---------+

---------------------------------------------------------------------------------
Finished ROM, RAM, DSP and Shift Register Reporting
---------------------------------------------------------------------------------
---------------------------------------------------------------------------------
Start Writing Synthesis Report
---------------------------------------------------------------------------------

Report BlackBoxes: 
+-+--------------+----------+
| |BlackBox name |Instances |
+-+--------------+----------+
+-+--------------+----------+

Report Cell Usage: 
+------+---------+------+
|      |Cell     |Count |
+------+---------+------+
|1     |CARRY4   |    33|
|2     |LUT1     |    14|
|3     |LUT2     |   141|
|4     |LUT3     |    35|
|5     |LUT4     |    11|
|6     |LUT5     |    46|
|7     |LUT6     |    47|
|8     |RAM16X1D |     1|
|9     |RAM32M   |     6|
|10    |SRLC32E  |    48|
|11    |FDRE     |   242|
+------+---------+------+

Report Instance Areas: 
+------+---------+-----------------+------+
|      |Instance |Module           |Cells |
+------+---------+-----------------+------+
|1     |top      |                 |   624|
|2     |  inst   |smart_mux_stream |   624|
+------+---------+-----------------+------+
---------------------------------------------------------------------------------
Finished Writing Synthesis Report : Time (s): cpu = 00:00:20 ; elapsed = 00:00:22 . Memory (MB): peak = 908.004 ; gain = 537.996
---------------------------------------------------------------------------------
Synthesis finished with 0 errors, 0 critical warnings and 29 warnings.
Synthesis Optimization Runtime : Time (s): cpu = 00:00:12 ; elapsed = 00:00:16 . Memory (MB): peak = 908.004 ; gain = 185.898
Synthesis Optimization Complete : Time (s): cpu = 00:00:20 ; elapsed = 00:00:22 . Memory (MB): peak = 908.004 ; gain = 537.996
INFO: [Project 1-571] Translating synthesized netlist
INFO: [Netlist 29-17] Analyzing 40 Unisim elements for replacement
INFO: [Netlist 29-28] Unisim Transformation completed in 0 CPU seconds
INFO: [Project 1-570] Preparing netlist for logic optimization
INFO: [Opt 31-138] Pushed 0 inverter(s) to 0 load pin(s).
Netlist sorting complete. Time (s): cpu = 00:00:00 ; elapsed = 00:00:00 . Memory (MB): peak = 908.234 ; gain = 0.000
INFO: [Project 1-111] Unisim Transformation Summary:
  A total of 7 instances were transformed.
  RAM16X1D => RAM32X1D (RAMD32, RAMD32): 1 instances
  RAM32M => RAM32M (RAMD32, RAMD32, RAMD32, RAMD32, RAMD32, RAMD32, RAMS32, RAMS32): 6 instances

INFO: [Common 17-83] Releasing license: Synthesis
30 Infos, 59 Warnings, 0 Critical Warnings and 0 Errors encountered.
synth_design completed successfully
synth_design: Time (s): cpu = 00:00:22 ; elapsed = 00:00:25 . Memory (MB): peak = 908.234 ; gain = 551.559
Netlist sorting complete. Time (s): cpu = 00:00:00 ; elapsed = 00:00:00 . Memory (MB): peak = 908.234 ; gain = 0.000
WARNING: [Constraints 18-5210] No constraints selected for write.
Resolution: This message can indicate that there are no constraints for the design, or it can indicate that the used_in flags are set such that the constraints are ignored. This later case is used when running synth_design to not write synthesis constraints to the resulting checkpoint. Instead, project constraints are read when the synthesized design is opened.
INFO: [Common 17-1381] The checkpoint 'F:/College/verilog_digital_system/Xilinx/2023_step2_by_ygw_v5/2023_step2_by_ygw.runs/design_1_smart_mux_stream_0_0_synth_1/design_1_smart_mux_stream_0_0.dcp' has been generated.
Netlist sorting complete. Time (s): cpu = 00:00:00 ; elapsed = 00:00:00 . Memory (MB): peak = 908.234 ; gain = 0.000
WARNING: [Constraints 18-5210] No constraints selected for write.
Resolution: This message can indicate that there are no constraints for the design, or it can indicate that the used_in flags are set such that the constraints are ignored. This later case is used when running synth_design to not write synthesis constraints to the resulting checkpoint. Instead, project constraints are read when the synthesized design is opened.
INFO: [Common 17-1381] The checkpoint 'F:/College/verilog_digital_system/Xilinx/2023_step2_by_ygw_v5/2023_step2_by_ygw.runs/design_1_smart_mux_stream_0_0_synth_1/design_1_smart_mux_stream_0_0.dcp' has been generated.
INFO: [runtcl-4] Executing : report_utilization -file design_1_smart_mux_stream_0_0_utilization_synth.rpt -pb design_1_smart_mux_stream_0_0_utilization_synth.pb
INFO: [Common 17-206] Exiting Vivado at Mon Jul 27 03:42:00 2026...
