#-----------------------------------------------------------
# Vivado v2018.3 (64-bit)
# SW Build 2405991 on Thu Dec  6 23:38:27 MST 2018
# IP Build 2404404 on Fri Dec  7 01:43:56 MST 2018
# Start of session at: Sun Jul 26 12:41:06 2026
# Process ID: 145048
# Current directory: F:/Vivado/2023_step2_by_ygw_v4
# Command line: vivado.exe -gui_launcher_event rodinguilauncherevent144244 F:\Vivado\2023_step2_by_ygw_v4\2023_step2_by_ygw.xpr
# Log file: F:/Vivado/2023_step2_by_ygw_v4/vivado.log
# Journal file: F:/Vivado/2023_step2_by_ygw_v4\vivado.jou
#-----------------------------------------------------------
start_gui
open_project F:/Vivado/2023_step2_by_ygw_v4/2023_step2_by_ygw.xpr
INFO: [Project 1-313] Project file moved from 'C:/Users/Toph Beifong/Desktop/2023_step2_by_ygw_v4' since last save.
Scanning sources...
Finished scanning sources
INFO: [IP_Flow 19-234] Refreshing IP repositories
INFO: [IP_Flow 19-1704] No user IP repositories specified
INFO: [IP_Flow 19-2313] Loaded Vivado IP repository 'D:/xlinks/Vivado/2018.3/data/ip'.
open_project: Time (s): cpu = 00:00:17 ; elapsed = 00:00:12 . Memory (MB): peak = 975.820 ; gain = 295.879
open_bd_design {F:/Vivado/2023_step2_by_ygw_v4/2023_step2_by_ygw.srcs/sources_1/bd/design_1/design_1.bd}
Adding cell -- xilinx.com:ip:processing_system7:5.5 - processing_system7_0
Adding cell -- xilinx.com:ip:axi_bram_ctrl:4.1 - axi_bram_ctrl_0
Adding cell -- xilinx.com:ip:blk_mem_gen:8.4 - blk_mem_gen_0
Adding cell -- xilinx.com:ip:proc_sys_reset:5.0 - rst_ps7_0_60M
Adding cell -- xilinx.com:ip:smartconnect:1.0 - axi_smc
Adding cell -- xilinx.com:ip:xlconstant:1.1 - xlconstant_0
Adding cell -- xilinx.com:ip:xlconstant:1.1 - xlconstant_1
Adding cell -- xilinx.com:ip:clk_wiz:6.0 - clk_wiz_0
Adding cell -- xilinx.com:ip:util_vector_logic:2.0 - util_vector_logic_0
Adding cell -- xilinx.com:ip:util_vector_logic:2.0 - util_vector_logic_1
Adding cell -- xilinx.com:ip:proc_sys_reset:5.0 - rst_sample_60M
Adding cell -- xilinx.com:module_ref:feature_bram_writer:1.0 - feature_bram_writer_0
Adding cell -- xilinx.com:module_ref:ddc_stage1_pl2_top:1.0 - ddc_stage1_pl2_top_0
Adding cell -- xilinx.com:ip:ila:6.2 - ila_bpsk_0
INFO: [xilinx.com:ip:ila:6.2-6] /ila_bpsk_0: Xilinx recommends using the System ILA IP in IP Integrator. The System ILA IP is functionally equivalent to an ILA and offers additional benefits in debugging interfaces both within IP Integrator and the Hardware Manager. Consult the Programming and Debug User Guide UG908 for further details.
Adding cell -- xilinx.com:module_ref:dac904_driver:1.0 - dac904_driver_0
Adding cell -- xilinx.com:module_ref:ad9226_stage1_driver:1.0 - ad9226_stage1_driver_0
Adding cell -- xilinx.com:ip:axi_gpio:2.0 - axi_gpio_mux
Adding cell -- xilinx.com:module_ref:smart_mux_stream:1.0 - smart_mux_stream_0
Adding cell -- xilinx.com:ip:axi_vdma:6.3 - axi_vdma_0
Adding cell -- xilinx.com:ip:smartconnect:1.0 - axi_smc_vdma_hp0
Adding cell -- xilinx.com:ip:clk_wiz:6.0 - clk_wiz_lcd
Adding cell -- xilinx.com:ip:v_tc:6.1 - v_tc_0
Adding cell -- xilinx.com:ip:v_axi4s_vid_out:4.0 - v_axi4s_vid_out_0
Adding cell -- xilinx.com:module_ref:demod_pool_core_bpsk:1.0 - demod_pool_core_bpsk_0
Successfully read diagram <design_1> from BD file <F:/Vivado/2023_step2_by_ygw_v4/2023_step2_by_ygw.srcs/sources_1/bd/design_1/design_1.bd>
open_bd_design: Time (s): cpu = 00:00:03 ; elapsed = 00:00:05 . Memory (MB): peak = 2247.832 ; gain = 46.117
update_compile_order -fileset sources_1
startgroup
set_property -dict [list CONFIG.PRIM_SOURCE {Global_buffer}] [get_bd_cells clk_wiz_0]
endgroup
startgroup
endgroup
startgroup
set_property -dict [list CONFIG.PRIM_SOURCE {Global_buffer}] [get_bd_cells clk_wiz_lcd]
endgroup
validate_bd_design
xit::source_ipfile: Time (s): cpu = 00:00:02 ; elapsed = 00:00:07 . Memory (MB): peak = 2247.832 ; gain = 0.000
WARNING: [BD 41-2180] Resetting the memory initialization file of </blk_mem_gen_0> to default.
WARNING: [BD 41-927] Following properties on pin /feature_bram_writer_0/aclk have been updated from connected ip. They may not be synchronized with cell properties. You can set property on pin directly to confirm the value and resolve the warning.
	PHASE=180.0 
WARNING: [BD 41-927] Following properties on pin /ddc_stage1_pl2_top_0/aclk have been updated from connected ip. They may not be synchronized with cell properties. You can set property on pin directly to confirm the value and resolve the warning.
	PHASE=180.0 
WARNING: [BD 41-927] Following properties on pin /dac904_driver_0/aclk have been updated from connected ip. They may not be synchronized with cell properties. You can set property on pin directly to confirm the value and resolve the warning.
	CLK_DOMAIN=/clk_wiz_0_clk_out1 
WARNING: [BD 41-927] Following properties on pin /ad9226_stage1_driver_0/clk_60m_adc have been updated from connected ip. They may not be synchronized with cell properties. You can set property on pin directly to confirm the value and resolve the warning.
	CLK_DOMAIN=/clk_wiz_0_clk_out1 
WARNING: [BD 41-927] Following properties on pin /ad9226_stage1_driver_0/clk_60m_sample have been updated from connected ip. They may not be synchronized with cell properties. You can set property on pin directly to confirm the value and resolve the warning.
	CLK_DOMAIN=/clk_wiz_0_clk_out1 
WARNING: [BD 41-927] Following properties on pin /ad9226_stage1_driver_0/ad_clk have been updated from connected ip. They may not be synchronized with cell properties. You can set property on pin directly to confirm the value and resolve the warning.
	CLK_DOMAIN=design_1_ad9226_stage1_driver_0_0_ad_clk 
WARNING: [BD 41-927] Following properties on pin /smart_mux_stream_0/aclk have been updated from connected ip. They may not be synchronized with cell properties. You can set property on pin directly to confirm the value and resolve the warning.
	CLK_DOMAIN=/clk_wiz_0_clk_out1 
WARNING: [BD 41-927] Following properties on pin /demod_pool_core_bpsk_0/aclk have been updated from connected ip. They may not be synchronized with cell properties. You can set property on pin directly to confirm the value and resolve the warning.
	CLK_DOMAIN=/clk_wiz_0_clk_out1 
validate_bd_design: Time (s): cpu = 00:00:08 ; elapsed = 00:00:21 . Memory (MB): peak = 2247.832 ; gain = 0.000
generate_target all [get_files  F:/Vivado/2023_step2_by_ygw_v4/2023_step2_by_ygw.srcs/sources_1/bd/design_1/design_1.bd]
INFO: [BD 41-1662] The design 'design_1.bd' is already validated. Therefore parameter propagation will not be re-run.
WARNING: [BD 41-2180] Resetting the memory initialization file of </blk_mem_gen_0> to default.
Wrote  : <F:\Vivado\2023_step2_by_ygw_v4\2023_step2_by_ygw.srcs\sources_1\bd\design_1\design_1.bd> 
Wrote  : <F:/Vivado/2023_step2_by_ygw_v4/2023_step2_by_ygw.srcs/sources_1/bd/design_1/ui/bd_1f5defd0.ui> 
WARNING: [BD 41-235] Width mismatch when connecting pin: '/blk_mem_gen_0/addra'(32) to net 'axi_bram_ctrl_0_BRAM_PORTA_ADDR'(13) - Only lower order bits will be connected.
VHDL Output written to : F:/Vivado/2023_step2_by_ygw_v4/2023_step2_by_ygw.srcs/sources_1/bd/design_1/synth/design_1.v
WARNING: [BD 41-235] Width mismatch when connecting pin: '/blk_mem_gen_0/addra'(32) to net 'axi_bram_ctrl_0_BRAM_PORTA_ADDR'(13) - Only lower order bits will be connected.
VHDL Output written to : F:/Vivado/2023_step2_by_ygw_v4/2023_step2_by_ygw.srcs/sources_1/bd/design_1/sim/design_1.v
VHDL Output written to : F:/Vivado/2023_step2_by_ygw_v4/2023_step2_by_ygw.srcs/sources_1/bd/design_1/hdl/design_1_wrapper.v
INFO: [BD 41-1029] Generation completed for the IP Integrator block feature_bram_writer_0 .
INFO: [BD 41-1029] Generation completed for the IP Integrator block processing_system7_0 .
INFO: [BD 41-1029] Generation completed for the IP Integrator block axi_bram_ctrl_0 .
INFO: [BD 41-1029] Generation completed for the IP Integrator block blk_mem_gen_0 .
INFO: [BD 41-1029] Generation completed for the IP Integrator block rst_ps7_0_60M .
Exporting to file f:/Vivado/2023_step2_by_ygw_v4/2023_step2_by_ygw.srcs/sources_1/bd/design_1/ip/design_1_axi_smc_1/bd_0/hw_handoff/design_1_axi_smc_1.hwh
Generated Block Design Tcl file f:/Vivado/2023_step2_by_ygw_v4/2023_step2_by_ygw.srcs/sources_1/bd/design_1/ip/design_1_axi_smc_1/bd_0/hw_handoff/design_1_axi_smc_1_bd.tcl
Generated Hardware Definition File f:/Vivado/2023_step2_by_ygw_v4/2023_step2_by_ygw.srcs/sources_1/bd/design_1/ip/design_1_axi_smc_1/bd_0/synth/design_1_axi_smc_1.hwdef
INFO: [BD 41-1029] Generation completed for the IP Integrator block axi_smc .
INFO: [BD 41-1029] Generation completed for the IP Integrator block xlconstant_0 .
INFO: [BD 41-1029] Generation completed for the IP Integrator block xlconstant_1 .
INFO: [BD 41-1029] Generation completed for the IP Integrator block ddc_stage1_pl2_top_0 .
INFO: [BD 41-1029] Generation completed for the IP Integrator block ad9226_stage1_driver_0 .
INFO: [BD 41-1029] Generation completed for the IP Integrator block clk_wiz_0 .
INFO: [BD 41-1029] Generation completed for the IP Integrator block util_vector_logic_0 .
INFO: [BD 41-1029] Generation completed for the IP Integrator block util_vector_logic_1 .
INFO: [BD 41-1029] Generation completed for the IP Integrator block rst_sample_60M .
INFO: [BD 41-1029] Generation completed for the IP Integrator block demod_pool_core_bpsk_0 .
INFO: [BD 41-1029] Generation completed for the IP Integrator block ila_bpsk_0 .
INFO: [BD 41-1029] Generation completed for the IP Integrator block dac904_driver_0 .
INFO: [BD 41-1029] Generation completed for the IP Integrator block smart_mux_stream_0 .
INFO: [BD 41-1029] Generation completed for the IP Integrator block axi_gpio_mux .
INFO: [BD 41-1029] Generation completed for the IP Integrator block axi_vdma_0 .
Exporting to file f:/Vivado/2023_step2_by_ygw_v4/2023_step2_by_ygw.srcs/sources_1/bd/design_1/ip/design_1_axi_smc_1_1/bd_0/hw_handoff/design_1_axi_smc_1_1.hwh
Generated Block Design Tcl file f:/Vivado/2023_step2_by_ygw_v4/2023_step2_by_ygw.srcs/sources_1/bd/design_1/ip/design_1_axi_smc_1_1/bd_0/hw_handoff/design_1_axi_smc_1_1_bd.tcl
Generated Hardware Definition File f:/Vivado/2023_step2_by_ygw_v4/2023_step2_by_ygw.srcs/sources_1/bd/design_1/ip/design_1_axi_smc_1_1/bd_0/synth/design_1_axi_smc_1_1.hwdef
INFO: [BD 41-1029] Generation completed for the IP Integrator block axi_smc_vdma_hp0 .
INFO: [BD 41-1029] Generation completed for the IP Integrator block clk_wiz_lcd .
INFO: [BD 41-1029] Generation completed for the IP Integrator block v_tc_0 .
INFO: [BD 41-1029] Generation completed for the IP Integrator block v_axi4s_vid_out_0 .
Exporting to file F:/Vivado/2023_step2_by_ygw_v4/2023_step2_by_ygw.srcs/sources_1/bd/design_1/hw_handoff/design_1.hwh
Generated Block Design Tcl file F:/Vivado/2023_step2_by_ygw_v4/2023_step2_by_ygw.srcs/sources_1/bd/design_1/hw_handoff/design_1_bd.tcl
Generated Hardware Definition File F:/Vivado/2023_step2_by_ygw_v4/2023_step2_by_ygw.srcs/sources_1/bd/design_1/synth/design_1.hwdef
generate_target: Time (s): cpu = 00:00:09 ; elapsed = 00:00:22 . Memory (MB): peak = 2247.832 ; gain = 0.000
catch { config_ip_cache -export [get_ips -all design_1_clk_wiz_0_0] }
catch { config_ip_cache -export [get_ips -all design_1_clk_wiz_1_0] }
export_ip_user_files -of_objects [get_files F:/Vivado/2023_step2_by_ygw_v4/2023_step2_by_ygw.srcs/sources_1/bd/design_1/design_1.bd] -no_script -sync -force -quiet
create_ip_run [get_files -of_objects [get_fileset sources_1] F:/Vivado/2023_step2_by_ygw_v4/2023_step2_by_ygw.srcs/sources_1/bd/design_1/design_1.bd]
launch_runs -jobs 32 {design_1_clk_wiz_1_0_synth_1 design_1_clk_wiz_0_0_synth_1}
[Sun Jul 26 12:44:56 2026] Launched design_1_clk_wiz_1_0_synth_1, design_1_clk_wiz_0_0_synth_1...
Run output will be captured here:
design_1_clk_wiz_1_0_synth_1: F:/Vivado/2023_step2_by_ygw_v4/2023_step2_by_ygw.runs/design_1_clk_wiz_1_0_synth_1/runme.log
design_1_clk_wiz_0_0_synth_1: F:/Vivado/2023_step2_by_ygw_v4/2023_step2_by_ygw.runs/design_1_clk_wiz_0_0_synth_1/runme.log
export_simulation -of_objects [get_files F:/Vivado/2023_step2_by_ygw_v4/2023_step2_by_ygw.srcs/sources_1/bd/design_1/design_1.bd] -directory F:/Vivado/2023_step2_by_ygw_v4/2023_step2_by_ygw.ip_user_files/sim_scripts -ip_user_files_dir F:/Vivado/2023_step2_by_ygw_v4/2023_step2_by_ygw.ip_user_files -ipstatic_source_dir F:/Vivado/2023_step2_by_ygw_v4/2023_step2_by_ygw.ip_user_files/ipstatic -lib_map_path [list {modelsim=F:/Vivado/2023_step2_by_ygw_v4/2023_step2_by_ygw.cache/compile_simlib/modelsim} {questa=F:/Vivado/2023_step2_by_ygw_v4/2023_step2_by_ygw.cache/compile_simlib/questa} {riviera=F:/Vivado/2023_step2_by_ygw_v4/2023_step2_by_ygw.cache/compile_simlib/riviera} {activehdl=F:/Vivado/2023_step2_by_ygw_v4/2023_step2_by_ygw.cache/compile_simlib/activehdl}] -use_ip_compiled_libs -force -quiet
make_wrapper -files [get_files F:/Vivado/2023_step2_by_ygw_v4/2023_step2_by_ygw.srcs/sources_1/bd/design_1/design_1.bd] -top
reset_run synth_1
launch_runs impl_1 -jobs 32
[Sun Jul 26 12:52:26 2026] Launched synth_1...
Run output will be captured here: F:/Vivado/2023_step2_by_ygw_v4/2023_step2_by_ygw.runs/synth_1/runme.log
[Sun Jul 26 12:52:26 2026] Launched impl_1...
Run output will be captured here: F:/Vivado/2023_step2_by_ygw_v4/2023_step2_by_ygw.runs/impl_1/runme.log
open_run impl_1
INFO: [Netlist 29-17] Analyzing 2920 Unisim elements for replacement
INFO: [Netlist 29-28] Unisim Transformation completed in 0 CPU seconds
INFO: [Project 1-479] Netlist was created with Vivado 2018.3
INFO: [Device 21-403] Loading part xc7z020clg400-2
INFO: [Project 1-570] Preparing netlist for logic optimization
INFO: [Timing 38-478] Restoring timing data from binary archive.
INFO: [Timing 38-479] Binary timing data restore complete.
INFO: [Project 1-856] Restoring constraints from binary archive.
INFO: [Project 1-853] Binary constraint restore complete.
Reading XDEF placement.
Reading placer database...
Reading XDEF routing.
Read XDEF File: Time (s): cpu = 00:00:02 ; elapsed = 00:00:02 . Memory (MB): peak = 2755.504 ; gain = 22.613
Restored from archive | CPU: 2.000000 secs | Memory: 0.000000 MB |
Finished XDEF File Restore: Time (s): cpu = 00:00:02 ; elapsed = 00:00:02 . Memory (MB): peak = 2755.504 ; gain = 22.613
Generating merged BMM file for the design top 'design_1_wrapper'...
Netlist sorting complete. Time (s): cpu = 00:00:00 ; elapsed = 00:00:00.012 . Memory (MB): peak = 2755.504 ; gain = 0.000
INFO: [Project 1-111] Unisim Transformation Summary:
  A total of 424 instances were transformed.
  CFGLUT5 => CFGLUT5 (SRLC32E, SRL16E): 276 instances
  RAM32M => RAM32M (RAMD32, RAMD32, RAMD32, RAMD32, RAMD32, RAMD32, RAMS32, RAMS32): 148 instances

WARNING: [Designutils 20-3303] unexpected site type 'IOPAD' in HDPYFinalizeIO
WARNING: [Designutils 20-3303] unexpected site type 'IOPAD' in HDPYFinalizeIO
WARNING: [Designutils 20-3303] unexpected site type 'IOPAD' in HDPYFinalizeIO
WARNING: [Designutils 20-3303] unexpected site type 'IOPAD' in HDPYFinalizeIO
WARNING: [Designutils 20-3303] unexpected site type 'IOPAD' in HDPYFinalizeIO
WARNING: [Designutils 20-3303] unexpected site type 'IOPAD' in HDPYFinalizeIO
WARNING: [Designutils 20-3303] unexpected site type 'IOPAD' in HDPYFinalizeIO
WARNING: [Designutils 20-3303] unexpected site type 'IOPAD' in HDPYFinalizeIO
WARNING: [Designutils 20-3303] unexpected site type 'IOPAD' in HDPYFinalizeIO
WARNING: [Designutils 20-3303] unexpected site type 'IOPAD' in HDPYFinalizeIO
WARNING: [Designutils 20-3303] unexpected site type 'IOPAD' in HDPYFinalizeIO
WARNING: [Designutils 20-3303] unexpected site type 'IOPAD' in HDPYFinalizeIO
WARNING: [Designutils 20-3303] unexpected site type 'IOPAD' in HDPYFinalizeIO
WARNING: [Designutils 20-3303] unexpected site type 'IOPAD' in HDPYFinalizeIO
WARNING: [Designutils 20-3303] unexpected site type 'IOPAD' in HDPYFinalizeIO
WARNING: [Designutils 20-3303] unexpected site type 'IOPAD' in HDPYFinalizeIO
WARNING: [Designutils 20-3303] unexpected site type 'IOPAD' in HDPYFinalizeIO
WARNING: [Designutils 20-3303] unexpected site type 'IOPAD' in HDPYFinalizeIO
WARNING: [Designutils 20-3303] unexpected site type 'IOPAD' in HDPYFinalizeIO
WARNING: [Designutils 20-3303] unexpected site type 'IOPAD' in HDPYFinalizeIO
WARNING: [Designutils 20-3303] unexpected site type 'IOPAD' in HDPYFinalizeIO
WARNING: [Designutils 20-3303] unexpected site type 'IOPAD' in HDPYFinalizeIO
WARNING: [Designutils 20-3303] unexpected site type 'IOPAD' in HDPYFinalizeIO
WARNING: [Designutils 20-3303] unexpected site type 'IOPAD' in HDPYFinalizeIO
WARNING: [Designutils 20-3303] unexpected site type 'IOPAD' in HDPYFinalizeIO
WARNING: [Designutils 20-3303] unexpected site type 'IOPAD' in HDPYFinalizeIO
WARNING: [Designutils 20-3303] unexpected site type 'IOPAD' in HDPYFinalizeIO
WARNING: [Designutils 20-3303] unexpected site type 'IOPAD' in HDPYFinalizeIO
WARNING: [Designutils 20-3303] unexpected site type 'IOPAD' in HDPYFinalizeIO
WARNING: [Designutils 20-3303] unexpected site type 'IOPAD' in HDPYFinalizeIO
WARNING: [Designutils 20-3303] unexpected site type 'IOPAD' in HDPYFinalizeIO
WARNING: [Designutils 20-3303] unexpected site type 'IOPAD' in HDPYFinalizeIO
WARNING: [Designutils 20-3303] unexpected site type 'IOPAD' in HDPYFinalizeIO
WARNING: [Designutils 20-3303] unexpected site type 'IOPAD' in HDPYFinalizeIO
WARNING: [Designutils 20-3303] unexpected site type 'IOPAD' in HDPYFinalizeIO
WARNING: [Designutils 20-3303] unexpected site type 'IOPAD' in HDPYFinalizeIO
WARNING: [Designutils 20-3303] unexpected site type 'IOPAD' in HDPYFinalizeIO
WARNING: [Designutils 20-3303] unexpected site type 'IOPAD' in HDPYFinalizeIO
WARNING: [Designutils 20-3303] unexpected site type 'IOPAD' in HDPYFinalizeIO
WARNING: [Designutils 20-3303] unexpected site type 'IOPAD' in HDPYFinalizeIO
WARNING: [Designutils 20-3303] unexpected site type 'IOPAD' in HDPYFinalizeIO
WARNING: [Designutils 20-3303] unexpected site type 'IOPAD' in HDPYFinalizeIO
WARNING: [Designutils 20-3303] unexpected site type 'IOPAD' in HDPYFinalizeIO
WARNING: [Designutils 20-3303] unexpected site type 'IOPAD' in HDPYFinalizeIO
WARNING: [Designutils 20-3303] unexpected site type 'IOPAD' in HDPYFinalizeIO
WARNING: [Designutils 20-3303] unexpected site type 'IOPAD' in HDPYFinalizeIO
WARNING: [Designutils 20-3303] unexpected site type 'IOPAD' in HDPYFinalizeIO
WARNING: [Designutils 20-3303] unexpected site type 'IOPAD' in HDPYFinalizeIO
WARNING: [Designutils 20-3303] unexpected site type 'IOPAD' in HDPYFinalizeIO
WARNING: [Designutils 20-3303] unexpected site type 'IOPAD' in HDPYFinalizeIO
WARNING: [Designutils 20-3303] unexpected site type 'IOPAD' in HDPYFinalizeIO
WARNING: [Designutils 20-3303] unexpected site type 'IOPAD' in HDPYFinalizeIO
WARNING: [Designutils 20-3303] unexpected site type 'IOPAD' in HDPYFinalizeIO
WARNING: [Designutils 20-3303] unexpected site type 'IOPAD' in HDPYFinalizeIO
WARNING: [Designutils 20-3303] unexpected site type 'IOPAD' in HDPYFinalizeIO
WARNING: [Designutils 20-3303] unexpected site type 'IOPAD' in HDPYFinalizeIO
WARNING: [Designutils 20-3303] unexpected site type 'IOPAD' in HDPYFinalizeIO
WARNING: [Designutils 20-3303] unexpected site type 'IOPAD' in HDPYFinalizeIO
WARNING: [Designutils 20-3303] unexpected site type 'IOPAD' in HDPYFinalizeIO
WARNING: [Designutils 20-3303] unexpected site type 'IOPAD' in HDPYFinalizeIO
WARNING: [Designutils 20-3303] unexpected site type 'IOPAD' in HDPYFinalizeIO
WARNING: [Designutils 20-3303] unexpected site type 'IOPAD' in HDPYFinalizeIO
WARNING: [Designutils 20-3303] unexpected site type 'IOPAD' in HDPYFinalizeIO
WARNING: [Designutils 20-3303] unexpected site type 'IOPAD' in HDPYFinalizeIO
WARNING: [Designutils 20-3303] unexpected site type 'IOPAD' in HDPYFinalizeIO
WARNING: [Designutils 20-3303] unexpected site type 'IOPAD' in HDPYFinalizeIO
WARNING: [Designutils 20-3303] unexpected site type 'IOPAD' in HDPYFinalizeIO
WARNING: [Designutils 20-3303] unexpected site type 'IOPAD' in HDPYFinalizeIO
WARNING: [Designutils 20-3303] unexpected site type 'IOPAD' in HDPYFinalizeIO
WARNING: [Designutils 20-3303] unexpected site type 'IOPAD' in HDPYFinalizeIO
WARNING: [Designutils 20-3303] unexpected site type 'IOPAD' in HDPYFinalizeIO
WARNING: [Designutils 20-3303] unexpected site type 'IOPAD' in HDPYFinalizeIO
WARNING: [Designutils 20-3303] unexpected site type 'IOPAD' in HDPYFinalizeIO
WARNING: [Designutils 20-3303] unexpected site type 'IOPAD' in HDPYFinalizeIO
WARNING: [Designutils 20-3303] unexpected site type 'IOPAD' in HDPYFinalizeIO
WARNING: [Designutils 20-3303] unexpected site type 'IOPAD' in HDPYFinalizeIO
WARNING: [Designutils 20-3303] unexpected site type 'IOPAD' in HDPYFinalizeIO
WARNING: [Designutils 20-3303] unexpected site type 'IOPAD' in HDPYFinalizeIO
WARNING: [Designutils 20-3303] unexpected site type 'IOPAD' in HDPYFinalizeIO
WARNING: [Designutils 20-3303] unexpected site type 'IOPAD' in HDPYFinalizeIO
WARNING: [Designutils 20-3303] unexpected site type 'IOPAD' in HDPYFinalizeIO
WARNING: [Designutils 20-3303] unexpected site type 'IOPAD' in HDPYFinalizeIO
WARNING: [Designutils 20-3303] unexpected site type 'IOPAD' in HDPYFinalizeIO
WARNING: [Designutils 20-3303] unexpected site type 'IOPAD' in HDPYFinalizeIO
WARNING: [Designutils 20-3303] unexpected site type 'IOPAD' in HDPYFinalizeIO
WARNING: [Designutils 20-3303] unexpected site type 'IOPAD' in HDPYFinalizeIO
WARNING: [Designutils 20-3303] unexpected site type 'IOPAD' in HDPYFinalizeIO
WARNING: [Designutils 20-3303] unexpected site type 'IOPAD' in HDPYFinalizeIO
WARNING: [Designutils 20-3303] unexpected site type 'IOPAD' in HDPYFinalizeIO
WARNING: [Designutils 20-3303] unexpected site type 'IOPAD' in HDPYFinalizeIO
WARNING: [Designutils 20-3303] unexpected site type 'IOPAD' in HDPYFinalizeIO
WARNING: [Designutils 20-3303] unexpected site type 'IOPAD' in HDPYFinalizeIO
WARNING: [Designutils 20-3303] unexpected site type 'IOPAD' in HDPYFinalizeIO
WARNING: [Designutils 20-3303] unexpected site type 'IOPAD' in HDPYFinalizeIO
WARNING: [Designutils 20-3303] unexpected site type 'IOPAD' in HDPYFinalizeIO
WARNING: [Designutils 20-3303] unexpected site type 'IOPAD' in HDPYFinalizeIO
WARNING: [Designutils 20-3303] unexpected site type 'IOPAD' in HDPYFinalizeIO
WARNING: [Designutils 20-3303] unexpected site type 'IOPAD' in HDPYFinalizeIO
WARNING: [Designutils 20-3303] unexpected site type 'IOPAD' in HDPYFinalizeIO
WARNING: [Designutils 20-3303] unexpected site type 'IOPAD' in HDPYFinalizeIO
INFO: [Common 17-14] Message 'Designutils 20-3303' appears 100 times and further instances of the messages will be disabled. Use the Tcl command set_msg_config to change the current settings.
open_run: Time (s): cpu = 00:00:25 ; elapsed = 00:00:20 . Memory (MB): peak = 2937.297 ; gain = 689.465
open_report: Time (s): cpu = 00:00:11 ; elapsed = 00:00:06 . Memory (MB): peak = 3104.996 ; gain = 108.902
WARNING: [Timing 38-436] There are set_bus_skew constraint(s) in this design. Please run report_bus_skew to ensure that bus skew requirements are met.
check_timing -verbose
Copyright 1986-2018 Xilinx, Inc. All Rights Reserved.
------------------------------------------------------------------------------------
| Tool Version : Vivado v.2018.3 (win64) Build 2405991 Thu Dec  6 23:38:27 MST 2018
| Date         : Sun Jul 26 13:15:02 2026
| Host         : Y9000P running 64-bit major release  (build 9200)
| Command      : check_timing -verbose
| Design       : design_1_wrapper
| Device       : 7z020-clg400
| Speed File   : -2  PRODUCTION 1.11 2014-09-11
------------------------------------------------------------------------------------


check_timing report

Table of Contents
-----------------
1. checking no_clock
2. checking constant_clock
3. checking pulse_width_clock
4. checking unconstrained_internal_endpoints
5. checking no_input_delay
6. checking no_output_delay
7. checking multiple_clock
8. checking generated_clocks
9. checking loops
10. checking partial_input_delay
11. checking partial_output_delay
12. checking latch_loops

1. checking no_clock
--------------------
 There are 0 register/latch pins with no clock.


2. checking constant_clock
--------------------------
 There are 0 register/latch pins with constant_clock.


3. checking pulse_width_clock
-----------------------------
 There are 0 register/latch pins which need pulse_width check


4. checking unconstrained_internal_endpoints
--------------------------------------------
 There are 0 pins that are not constrained for maximum delay.

 There are 0 pins that are not constrained for maximum delay due to constant clock.


5. checking no_input_delay
--------------------------
 There are 0 input ports with no input delay specified.

 There are 0 input ports with no input delay but user has a false path constraint.


6. checking no_output_delay
---------------------------
 There are 27 ports with no output delay specified. (HIGH)

lcd_de
lcd_hs
lcd_rgb[0]
lcd_rgb[10]
lcd_rgb[11]
lcd_rgb[12]
lcd_rgb[13]
lcd_rgb[14]
lcd_rgb[15]
lcd_rgb[16]
lcd_rgb[17]
lcd_rgb[18]
lcd_rgb[19]
lcd_rgb[1]
lcd_rgb[20]
lcd_rgb[21]
lcd_rgb[22]
lcd_rgb[23]
lcd_rgb[2]
lcd_rgb[3]
lcd_rgb[4]
lcd_rgb[5]
lcd_rgb[6]
lcd_rgb[7]
lcd_rgb[8]
lcd_rgb[9]
lcd_vs

 There are 0 ports with no output delay but user has a false path constraint

 There is 1 port with no output delay but with a timing clock defined on it or propagating through it (LOW)

ad_clk_0


7. checking multiple_clock
--------------------------
 There are 0 register/latch pins with multiple clocks.


8. checking generated_clocks
----------------------------
 There are 0 generated clocks that are not connected to a clock source.


9. checking loops
-----------------
 There are 0 combinational loops in the design.


10. checking partial_input_delay
--------------------------------
 There are 0 input ports with partial input delay specified.


11. checking partial_output_delay
---------------------------------
 There are 0 ports with partial output delay specified.


12. checking latch_loops
------------------------
 There are 0 combinational latch loops in the design through latch input


exit
INFO: [Common 17-206] Exiting Vivado at Sun Jul 26 14:12:33 2026...
