Copyright 1986-2018 Xilinx, Inc. All Rights Reserved.
----------------------------------------------------------------------------------------------------------------------------------------------------------------------
| Tool Version     : Vivado v.2018.3 (win64) Build 2405991 Thu Dec  6 23:38:27 MST 2018
| Date             : Mon Jul 27 03:49:56 2026
| Host             : Toph running 64-bit major release  (build 9200)
| Command          : report_power -file design_1_wrapper_power_routed.rpt -pb design_1_wrapper_power_summary_routed.pb -rpx design_1_wrapper_power_routed.rpx
| Design           : design_1_wrapper
| Device           : xc7z020clg400-2
| Design State     : routed
| Grade            : commercial
| Process          : typical
| Characterization : Production
----------------------------------------------------------------------------------------------------------------------------------------------------------------------

Power Report

Table of Contents
-----------------
1. Summary
1.1 On-Chip Components
1.2 Power Supply Summary
1.3 Confidence Level
2. Settings
2.1 Environment
2.2 Clock Constraints
3. Detailed Reports
3.1 By Hierarchy

1. Summary
----------

+--------------------------+--------------+
| Total On-Chip Power (W)  | 2.080        |
| Design Power Budget (W)  | Unspecified* |
| Power Budget Margin (W)  | NA           |
| Dynamic (W)              | 1.927        |
| Device Static (W)        | 0.153        |
| Effective TJA (C/W)      | 11.5         |
| Max Ambient (C)          | 61.0         |
| Junction Temperature (C) | 49.0         |
| Confidence Level         | Low          |
| Setting File             | ---          |
| Simulation Activity File | ---          |
| Design Nets Matched      | NA           |
+--------------------------+--------------+
* Specify Design Power Budget using, set_operating_conditions -design_power_budget <value in Watts>


1.1 On-Chip Components
----------------------

+--------------------------+-----------+----------+-----------+-----------------+
| On-Chip                  | Power (W) | Used     | Available | Utilization (%) |
+--------------------------+-----------+----------+-----------+-----------------+
| Clocks                   |     0.043 |        9 |       --- |             --- |
| Slice Logic              |     0.051 |    45397 |       --- |             --- |
|   LUT as Logic           |     0.042 |    15446 |     53200 |           29.03 |
|   CARRY4                 |     0.005 |     1753 |     13300 |           13.18 |
|   Register               |     0.003 |    20601 |    106400 |           19.36 |
|   LUT as Distributed RAM |     0.001 |      866 |     17400 |            4.98 |
|   LUT as Shift Register  |    <0.001 |      709 |     17400 |            4.07 |
|   F7/F8 Muxes            |    <0.001 |      462 |     53200 |            0.87 |
|   Others                 |     0.000 |     1921 |       --- |             --- |
| Signals                  |     0.054 |    31265 |       --- |             --- |
| Block RAM                |     0.004 |        7 |       140 |            5.00 |
| MMCM                     |     0.216 |        2 |         4 |           50.00 |
| DSPs                     |     0.014 |       24 |       220 |           10.91 |
| I/O                      |     0.011 |       42 |       125 |           33.60 |
| PS7                      |     1.534 |        1 |       --- |             --- |
| Static Power             |     0.153 |          |           |                 |
| Total                    |     2.080 |          |           |                 |
+--------------------------+-----------+----------+-----------+-----------------+


1.2 Power Supply Summary
------------------------

+-----------+-------------+-----------+-------------+------------+
| Source    | Voltage (V) | Total (A) | Dynamic (A) | Static (A) |
+-----------+-------------+-----------+-------------+------------+
| Vccint    |       1.000 |     0.184 |       0.166 |      0.018 |
| Vccaux    |       1.800 |     0.137 |       0.120 |      0.017 |
| Vcco33    |       3.300 |     0.004 |       0.003 |      0.001 |
| Vcco25    |       2.500 |     0.000 |       0.000 |      0.000 |
| Vcco18    |       1.800 |     0.000 |       0.000 |      0.000 |
| Vcco15    |       1.500 |     0.000 |       0.000 |      0.000 |
| Vcco135   |       1.350 |     0.000 |       0.000 |      0.000 |
| Vcco12    |       1.200 |     0.000 |       0.000 |      0.000 |
| Vccaux_io |       1.800 |     0.000 |       0.000 |      0.000 |
| Vccbram   |       1.000 |     0.002 |       0.000 |      0.002 |
| MGTAVcc   |       1.000 |     0.000 |       0.000 |      0.000 |
| MGTAVtt   |       1.200 |     0.000 |       0.000 |      0.000 |
| MGTVccaux |       1.800 |     0.000 |       0.000 |      0.000 |
| Vccpint   |       1.000 |     0.764 |       0.729 |      0.035 |
| Vccpaux   |       1.800 |     0.061 |       0.050 |      0.010 |
| Vccpll    |       1.800 |     0.019 |       0.016 |      0.003 |
| Vcco_ddr  |       1.500 |     0.459 |       0.457 |      0.002 |
| Vcco_mio0 |       1.800 |     0.001 |       0.000 |      0.001 |
| Vcco_mio1 |       1.800 |     0.000 |       0.000 |      0.000 |
| Vccadc    |       1.800 |     0.020 |       0.000 |      0.020 |
+-----------+-------------+-----------+-------------+------------+


1.3 Confidence Level
--------------------

+-----------------------------+------------+--------------------------------------------------------+------------------------------------------------------------------------------------------------------------+
| User Input Data             | Confidence | Details                                                | Action                                                                                                     |
+-----------------------------+------------+--------------------------------------------------------+------------------------------------------------------------------------------------------------------------+
| Design implementation state | High       | Design is routed                                       |                                                                                                            |
| Clock nodes activity        | High       | User specified more than 95% of clocks                 |                                                                                                            |
| I/O nodes activity          | Low        | More than 75% of inputs are missing user specification | Provide missing input activity with simulation results or by editing the "By Resource Type -> I/Os" view   |
| Internal nodes activity     | Medium     | User specified less than 25% of internal nodes         | Provide missing internal nodes activity with simulation results or by editing the "By Resource Type" views |
| Device models               | High       | Device models are Production                           |                                                                                                            |
|                             |            |                                                        |                                                                                                            |
| Overall confidence level    | Low        |                                                        |                                                                                                            |
+-----------------------------+------------+--------------------------------------------------------+------------------------------------------------------------------------------------------------------------+


2. Settings
-----------

2.1 Environment
---------------

+-----------------------+------------------------+
| Ambient Temp (C)      | 25.0                   |
| ThetaJA (C/W)         | 11.5                   |
| Airflow (LFM)         | 250                    |
| Heat Sink             | none                   |
| ThetaSA (C/W)         | 0.0                    |
| Board Selection       | medium (10"x10")       |
| # of Board Layers     | 8to11 (8 to 11 Layers) |
| Board Temperature (C) | 25.0                   |
+-----------------------+------------------------+


2.2 Clock Constraints
---------------------

+-------------------------------+-------------------------------------------------------------+-----------------+
| Clock                         | Domain                                                      | Constraint (ns) |
+-------------------------------+-------------------------------------------------------------+-----------------+
| clk_fpga_0                    | design_1_i/processing_system7_0/inst/FCLK_CLK_unbuffered[0] |            16.7 |
| clk_out1_design_1_clk_wiz_0_0 | design_1_i/clk_wiz_0/inst/clk_out1_design_1_clk_wiz_0_0     |            16.7 |
| clk_out1_design_1_clk_wiz_1_0 | design_1_i/clk_wiz_lcd/inst/clk_out1_design_1_clk_wiz_1_0   |            30.0 |
| clk_out2_design_1_clk_wiz_0_0 | design_1_i/clk_wiz_0/inst/clk_out2_design_1_clk_wiz_0_0     |            16.7 |
| clkfbout_design_1_clk_wiz_0_0 | design_1_i/clk_wiz_0/inst/clkfbout_design_1_clk_wiz_0_0     |            16.7 |
| clkfbout_design_1_clk_wiz_1_0 | design_1_i/clk_wiz_lcd/inst/clkfbout_design_1_clk_wiz_1_0   |            16.7 |
+-------------------------------+-------------------------------------------------------------+-----------------+


3. Detailed Reports
-------------------

3.1 By Hierarchy
----------------

+----------------------------+-----------+
| Name                       | Power (W) |
+----------------------------+-----------+
| design_1_wrapper           |     1.927 |
|   design_1_i               |     1.916 |
|     ad9226_stage1_driver_0 |     0.001 |
|       inst                 |     0.001 |
|     axi_bram_ctrl_0        |     0.001 |
|       U0                   |     0.001 |
|     axi_dma_0              |     0.003 |
|       U0                   |     0.003 |
|     axi_smc                |     0.037 |
|       inst                 |     0.037 |
|     axi_smc_vdma_hp0       |     0.004 |
|       inst                 |     0.004 |
|     axi_vdma_0             |     0.005 |
|       U0                   |     0.005 |
|     axis_clock_converter_0 |     0.001 |
|       inst                 |     0.001 |
|     blk_mem_gen_0          |     0.003 |
|       U0                   |     0.003 |
|     clk_wiz_0              |     0.107 |
|       inst                 |     0.107 |
|     clk_wiz_lcd            |     0.110 |
|       inst                 |     0.110 |
|     ddc_stage1_pl2_top_0   |     0.023 |
|       inst                 |     0.023 |
|     demod_pool_core_bpsk_0 |     0.075 |
|       inst                 |     0.075 |
|     feature_bram_writer_0  |     0.002 |
|       inst                 |     0.002 |
|     processing_system7_0   |     1.535 |
|       inst                 |     1.535 |
|     smart_mux_stream_0     |     0.002 |
|       inst                 |     0.002 |
|     smartconnect_0         |     0.004 |
|       inst                 |     0.004 |
|     v_axi4s_vid_out_0      |     0.002 |
|       inst                 |     0.002 |
+----------------------------+-----------+


