In file included from xil_sleeptimer.c:51:0:
xtime_l.h:87:9: note: #pragma message: For the sleep routines, Global timer is being used
 #pragma message ("For the sleep routines, Global timer is being used")
         ^~~~~~~
In file included from xtime_l.c:49:0:
xtime_l.h:87:9: note: #pragma message: For the sleep routines, Global timer is being used
 #pragma message ("For the sleep routines, Global timer is being used")
         ^~~~~~~
In file included from sleep.c:53:0:
xtime_l.h:87:9: note: #pragma message: For the sleep routines, Global timer is being used
 #pragma message ("For the sleep routines, Global timer is being used")
         ^~~~~~~
"Running Make libs in ps7_cortexa9_0/libsrc/uartps_v3_7/src"
make -C ps7_cortexa9_0/libsrc/uartps_v3_7/src -s libs  "SHELL=CMD" "COMPILER=arm-none-eabi-gcc" "ARCHIVER=arm-none-eabi-ar" "COMPILER_FLAGS=  -O2 -c" "EXTRA_COMPILER_FLAGS=-mcpu=cortex-a9 -mfpu=vfpv3 -mfloat-abi=hard -nostartfiles -g -Wall -Wextra"
"Compiling uartps"
"Running Make libs in ps7_cortexa9_0/libsrc/xadcps_v2_3/src"
make -C ps7_cortexa9_0/libsrc/xadcps_v2_3/src -s libs  "SHELL=CMD" "COMPILER=arm-none-eabi-gcc" "ARCHIVER=arm-none-eabi-ar" "COMPILER_FLAGS=  -O2 -c" "EXTRA_COMPILER_FLAGS=-mcpu=cortex-a9 -mfpu=vfpv3 -mfloat-abi=hard -nostartfiles -g -Wall -Wextra"
"Compiling xadcps"
'Finished building libraries'
16:21:03 **** Build of configuration Debug for project sdr ****
make pre-build main-build 
a9-linaro-pre-build-step
' '
'Building file: ../src/dsp_algorithms.c'
'Invoking: ARM v7 gcc compiler'
arm-none-eabi-gcc -Wall -O0 -g3 -c -fmessage-length=0 -MT"src/dsp_algorithms.o" -mcpu=cortex-a9 -mfpu=vfpv3 -mfloat-abi=hard -I../../sdr_bsp/ps7_cortexa9_0/include -MMD -MP -MF"src/dsp_algorithms.d" -MT"src/dsp_algorithms.o" -o "src/dsp_algorithms.o" "../src/dsp_algorithms.c"
'Finished building: ../src/dsp_algorithms.c'
' '
'Building file: ../src/histogram_classifier.c'
'Invoking: ARM v7 gcc compiler'
arm-none-eabi-gcc -Wall -O0 -g3 -c -fmessage-length=0 -MT"src/histogram_classifier.o" -mcpu=cortex-a9 -mfpu=vfpv3 -mfloat-abi=hard -I../../sdr_bsp/ps7_cortexa9_0/include -MMD -MP -MF"src/histogram_classifier.d" -MT"src/histogram_classifier.o" -o "src/histogram_classifier.o" "../src/histogram_classifier.c"
'Finished building: ../src/histogram_classifier.c'
' '
'Building file: ../src/main.c'
'Invoking: ARM v7 gcc compiler'
arm-none-eabi-gcc -Wall -O0 -g3 -c -fmessage-length=0 -MT"src/main.o" -mcpu=cortex-a9 -mfpu=vfpv3 -mfloat-abi=hard -I../../sdr_bsp/ps7_cortexa9_0/include -MMD -MP -MF"src/main.d" -MT"src/main.o" -o "src/main.o" "../src/main.c"
'Finished building: ../src/main.c'
' '
'Building file: ../src/ps_decision.c'
'Invoking: ARM v7 gcc compiler'
arm-none-eabi-gcc -Wall -O0 -g3 -c -fmessage-length=0 -MT"src/ps_decision.o" -mcpu=cortex-a9 -mfpu=vfpv3 -mfloat-abi=hard -I../../sdr_bsp/ps7_cortexa9_0/include -MMD -MP -MF"src/ps_decision.d" -MT"src/ps_decision.o" -o "src/ps_decision.o" "../src/ps_decision.c"
'Finished building: ../src/ps_decision.c'
' '
'Building file: ../src/rgb_display.c'
'Invoking: ARM v7 gcc compiler'
arm-none-eabi-gcc -Wall -O0 -g3 -c -fmessage-length=0 -MT"src/rgb_display.o" -mcpu=cortex-a9 -mfpu=vfpv3 -mfloat-abi=hard -I../../sdr_bsp/ps7_cortexa9_0/include -MMD -MP -MF"src/rgb_display.d" -MT"src/rgb_display.o" -o "src/rgb_display.o" "../src/rgb_display.c"
'Finished building: ../src/rgb_display.c'
' '
'Building file: ../src/vdma_api.c'
'Invoking: ARM v7 gcc compiler'
arm-none-eabi-gcc -Wall -O0 -g3 -c -fmessage-length=0 -MT"src/vdma_api.o" -mcpu=cortex-a9 -mfpu=vfpv3 -mfloat-abi=hard -I../../sdr_bsp/ps7_cortexa9_0/include -MMD -MP -MF"src/vdma_api.d" -MT"src/vdma_api.o" -o "src/vdma_api.o" "../src/vdma_api.c"
'Finished building: ../src/vdma_api.c'
' '
'Building target: sdr.elf'
'Invoking: ARM v7 gcc linker'
arm-none-eabi-gcc -mcpu=cortex-a9 -mfpu=vfpv3 -mfloat-abi=hard -Wl,-build-id=none -specs=Xilinx.spec -Wl,-T -Wl,../src/lscript.ld -L../../sdr_bsp/ps7_cortexa9_0/lib -o "sdr.elf"  ./src/dsp_algorithms.o ./src/histogram_classifier.o ./src/main.o ./src/ps_decision.o ./src/rgb_display.o ./src/vdma_api.o   -lm -Wl,--start-group,-lxil,-lgcc,-lc,--end-group
'Finished building target: sdr.elf'
' '
'Invoking: ARM v7 Print Size'
arm-none-eabi-size sdr.elf  |tee "sdr.elf.size"
   text	   data	    bss	    dec	    hex	filename
  95712	   2712	  33920	 132344	  204f8	sdr.elf
'Finished building: sdr.elf.size'
' '
