
*** Running vivado
    with args -log design_1_ad9226_stage1_driver_0_0.vds -m64 -product Vivado -mode batch -messageDb vivado.pb -notrace -source design_1_ad9226_stage1_driver_0_0.tcl


****** Vivado v2018.3 (64-bit)
  **** SW Build 2405991 on Thu Dec  6 23:38:27 MST 2018
  **** IP Build 2404404 on Fri Dec  7 01:43:56 MST 2018
    ** Copyright 1986-2018 Xilinx, Inc. All Rights Reserved.

source design_1_ad9226_stage1_driver_0_0.tcl -notrace
Command: synth_design -top design_1_ad9226_stage1_driver_0_0 -part xc7z020clg400-2 -mode out_of_context
Starting synth_design
Attempting to get a license for feature 'Synthesis' and/or device 'xc7z020'
INFO: [Common 17-349] Got license for feature 'Synthesis' and/or device 'xc7z020'
INFO: Launching helper process for spawning children vivado processes
INFO: Helper process launched with PID 26920 
---------------------------------------------------------------------------------
Starting RTL Elaboration : Time (s): cpu = 00:00:02 ; elapsed = 00:00:02 . Memory (MB): peak = 476.586 ; gain = 105.945
---------------------------------------------------------------------------------
INFO: [Synth 8-6157] synthesizing module 'design_1_ad9226_stage1_driver_0_0' [f:/College/verilog_digital_system/Xilinx/2023_step2_by_ygw_v5/2023_step2_by_ygw.srcs/sources_1/bd/design_1/ip/design_1_ad9226_stage1_driver_0_0/synth/design_1_ad9226_stage1_driver_0_0.v:58]
INFO: [Synth 8-6157] synthesizing module 'ad9226_stage1_driver' [F:/College/verilog_digital_system/Xilinx/2023_step2_by_ygw_v5/2023_step2_by_ygw.srcs/sources_1/new/ad9226_stage1_driver.v:21]
	Parameter INVERT_ADC_BITS bound to: 1 - type: integer 
	Parameter DC_FILTER_SHIFT bound to: 8 - type: integer 
	Parameter OUTPUT_LEFT_SHIFT bound to: 2 - type: integer 
INFO: [Synth 8-5534] Detected attribute (* IOB = "TRUE" *) [F:/College/verilog_digital_system/Xilinx/2023_step2_by_ygw_v5/2023_step2_by_ygw.srcs/sources_1/new/ad9226_stage1_driver.v:114]
INFO: [Synth 8-5534] Detected attribute (* IOB = "TRUE" *) [F:/College/verilog_digital_system/Xilinx/2023_step2_by_ygw_v5/2023_step2_by_ygw.srcs/sources_1/new/ad9226_stage1_driver.v:115]
INFO: [Synth 8-6157] synthesizing module 'ODDR' [F:/Xilinx/Vivado/2018.3/scripts/rt/data/unisim_comp.v:31641]
	Parameter DDR_CLK_EDGE bound to: OPPOSITE_EDGE - type: string 
	Parameter INIT bound to: 1'b0 
	Parameter IS_C_INVERTED bound to: 1'b0 
	Parameter IS_D1_INVERTED bound to: 1'b0 
	Parameter IS_D2_INVERTED bound to: 1'b0 
	Parameter SRTYPE bound to: SYNC - type: string 
INFO: [Synth 8-6155] done synthesizing module 'ODDR' (1#1) [F:/Xilinx/Vivado/2018.3/scripts/rt/data/unisim_comp.v:31641]
INFO: [Synth 8-6157] synthesizing module 'ad9226_data_path' [F:/College/verilog_digital_system/Xilinx/2023_step2_by_ygw_v5/2023_step2_by_ygw.srcs/sources_1/new/ad9226_stage1_driver.v:178]
	Parameter INVERT_ADC_BITS bound to: 1 - type: integer 
	Parameter DC_FILTER_SHIFT bound to: 8 - type: integer 
	Parameter OUTPUT_LEFT_SHIFT bound to: 2 - type: integer 
	Parameter DC_ACC_WIDTH bound to: 20 - type: integer 
INFO: [Synth 8-6155] done synthesizing module 'ad9226_data_path' (2#1) [F:/College/verilog_digital_system/Xilinx/2023_step2_by_ygw_v5/2023_step2_by_ygw.srcs/sources_1/new/ad9226_stage1_driver.v:178]
INFO: [Synth 8-6155] done synthesizing module 'ad9226_stage1_driver' (3#1) [F:/College/verilog_digital_system/Xilinx/2023_step2_by_ygw_v5/2023_step2_by_ygw.srcs/sources_1/new/ad9226_stage1_driver.v:21]
INFO: [Synth 8-6155] done synthesizing module 'design_1_ad9226_stage1_driver_0_0' (4#1) [f:/College/verilog_digital_system/Xilinx/2023_step2_by_ygw_v5/2023_step2_by_ygw.srcs/sources_1/bd/design_1/ip/design_1_ad9226_stage1_driver_0_0/synth/design_1_ad9226_stage1_driver_0_0.v:58]
---------------------------------------------------------------------------------
Finished RTL Elaboration : Time (s): cpu = 00:00:03 ; elapsed = 00:00:03 . Memory (MB): peak = 532.160 ; gain = 161.520
---------------------------------------------------------------------------------

Report Check Netlist: 
+------+------------------+-------+---------+-------+------------------+
|      |Item              |Errors |Warnings |Status |Description       |
+------+------------------+-------+---------+-------+------------------+
|1     |multi_driven_nets |      0|        0|Passed |Multi driven nets |
+------+------------------+-------+---------+-------+------------------+
---------------------------------------------------------------------------------
Start Handling Custom Attributes
---------------------------------------------------------------------------------
---------------------------------------------------------------------------------
Finished Handling Custom Attributes : Time (s): cpu = 00:00:03 ; elapsed = 00:00:03 . Memory (MB): peak = 532.160 ; gain = 161.520
---------------------------------------------------------------------------------
---------------------------------------------------------------------------------
Finished RTL Optimization Phase 1 : Time (s): cpu = 00:00:03 ; elapsed = 00:00:03 . Memory (MB): peak = 532.160 ; gain = 161.520
---------------------------------------------------------------------------------
INFO: [Netlist 29-17] Analyzing 1 Unisim elements for replacement
INFO: [Netlist 29-28] Unisim Transformation completed in 0 CPU seconds
INFO: [Device 21-403] Loading part xc7z020clg400-2
INFO: [Project 1-570] Preparing netlist for logic optimization

Processing XDC Constraints
Initializing timing engine
Completed Processing XDC Constraints

Netlist sorting complete. Time (s): cpu = 00:00:00 ; elapsed = 00:00:00 . Memory (MB): peak = 861.027 ; gain = 0.000
INFO: [Project 1-111] Unisim Transformation Summary:
No Unisim elements were transformed.

Netlist sorting complete. Time (s): cpu = 00:00:00 ; elapsed = 00:00:00 . Memory (MB): peak = 861.027 ; gain = 0.000
WARNING: [Constraints 18-5210] No constraints selected for write.
Resolution: This message can indicate that there are no constraints for the design, or it can indicate that the used_in flags are set such that the constraints are ignored. This later case is used when running synth_design to not write synthesis constraints to the resulting checkpoint. Instead, project constraints are read when the synthesized design is opened.
Constraint Validation Runtime : Time (s): cpu = 00:00:00 ; elapsed = 00:00:00.056 . Memory (MB): peak = 862.754 ; gain = 1.727
---------------------------------------------------------------------------------
Finished Constraint Validation : Time (s): cpu = 00:00:09 ; elapsed = 00:00:11 . Memory (MB): peak = 862.754 ; gain = 492.113
---------------------------------------------------------------------------------
---------------------------------------------------------------------------------
Start Loading Part and Timing Information
---------------------------------------------------------------------------------
Loading part: xc7z020clg400-2
---------------------------------------------------------------------------------
Finished Loading Part and Timing Information : Time (s): cpu = 00:00:09 ; elapsed = 00:00:11 . Memory (MB): peak = 862.754 ; gain = 492.113
---------------------------------------------------------------------------------
---------------------------------------------------------------------------------
Start Applying 'set_property' XDC Constraints
---------------------------------------------------------------------------------
---------------------------------------------------------------------------------
Finished applying 'set_property' XDC Constraints : Time (s): cpu = 00:00:09 ; elapsed = 00:00:11 . Memory (MB): peak = 862.754 ; gain = 492.113
---------------------------------------------------------------------------------
---------------------------------------------------------------------------------
Finished RTL Optimization Phase 2 : Time (s): cpu = 00:00:09 ; elapsed = 00:00:11 . Memory (MB): peak = 862.754 ; gain = 492.113
---------------------------------------------------------------------------------

Report RTL Partitions: 
+-+--------------+------------+----------+
| |RTL Partition |Replication |Instances |
+-+--------------+------------+----------+
+-+--------------+------------+----------+
---------------------------------------------------------------------------------
Start RTL Component Statistics 
---------------------------------------------------------------------------------
Detailed RTL Component Info : 
+---Adders : 
	   3 Input     21 Bit       Adders := 1     
	   4 Input     20 Bit       Adders := 1     
+---Registers : 
	               20 Bit    Registers := 1     
	               12 Bit    Registers := 3     
	                2 Bit    Registers := 2     
	                1 Bit    Registers := 6     
+---Muxes : 
	   2 Input     12 Bit        Muxes := 3     
---------------------------------------------------------------------------------
Finished RTL Component Statistics 
---------------------------------------------------------------------------------
---------------------------------------------------------------------------------
Start RTL Hierarchical Component Statistics 
---------------------------------------------------------------------------------
Hierarchical RTL Component report 
Module ad9226_data_path 
Detailed RTL Component Info : 
+---Adders : 
	   3 Input     21 Bit       Adders := 1     
	   4 Input     20 Bit       Adders := 1     
+---Registers : 
	               20 Bit    Registers := 1     
	               12 Bit    Registers := 1     
	                1 Bit    Registers := 2     
+---Muxes : 
	   2 Input     12 Bit        Muxes := 3     
Module ad9226_stage1_driver 
Detailed RTL Component Info : 
+---Registers : 
	               12 Bit    Registers := 2     
	                2 Bit    Registers := 2     
	                1 Bit    Registers := 4     
---------------------------------------------------------------------------------
Finished RTL Hierarchical Component Statistics
---------------------------------------------------------------------------------
---------------------------------------------------------------------------------
Start Part Resource Summary
---------------------------------------------------------------------------------
Part Resources:
DSPs: 220 (col length:60)
BRAMs: 280 (col length: RAMB18 60 RAMB36 30)
---------------------------------------------------------------------------------
Finished Part Resource Summary
---------------------------------------------------------------------------------
---------------------------------------------------------------------------------
Start Cross Boundary and Area Optimization
---------------------------------------------------------------------------------
Warning: Parallel synthesis criteria is not met 
INFO: [Synth 8-3917] design design_1_ad9226_stage1_driver_0_0 has port adc_data[1] driven by constant 0
INFO: [Synth 8-3917] design design_1_ad9226_stage1_driver_0_0 has port adc_data[0] driven by constant 0
---------------------------------------------------------------------------------
Finished Cross Boundary and Area Optimization : Time (s): cpu = 00:00:10 ; elapsed = 00:00:12 . Memory (MB): peak = 862.754 ; gain = 492.113
---------------------------------------------------------------------------------

Report RTL Partitions: 
+-+--------------+------------+----------+
| |RTL Partition |Replication |Instances |
+-+--------------+------------+----------+
+-+--------------+------------+----------+
---------------------------------------------------------------------------------
Start Applying XDC Timing Constraints
---------------------------------------------------------------------------------
---------------------------------------------------------------------------------
Finished Applying XDC Timing Constraints : Time (s): cpu = 00:00:17 ; elapsed = 00:00:19 . Memory (MB): peak = 875.949 ; gain = 505.309
---------------------------------------------------------------------------------
---------------------------------------------------------------------------------
Start Timing Optimization
---------------------------------------------------------------------------------
---------------------------------------------------------------------------------
Finished Timing Optimization : Time (s): cpu = 00:00:17 ; elapsed = 00:00:19 . Memory (MB): peak = 876.023 ; gain = 505.383
---------------------------------------------------------------------------------

Report RTL Partitions: 
+-+--------------+------------+----------+
| |RTL Partition |Replication |Instances |
+-+--------------+------------+----------+
+-+--------------+------------+----------+
---------------------------------------------------------------------------------
Start Technology Mapping
---------------------------------------------------------------------------------
---------------------------------------------------------------------------------
Finished Technology Mapping : Time (s): cpu = 00:00:17 ; elapsed = 00:00:19 . Memory (MB): peak = 886.211 ; gain = 515.570
---------------------------------------------------------------------------------

Report RTL Partitions: 
+-+--------------+------------+----------+
| |RTL Partition |Replication |Instances |
+-+--------------+------------+----------+
+-+--------------+------------+----------+
---------------------------------------------------------------------------------
Start IO Insertion
---------------------------------------------------------------------------------
---------------------------------------------------------------------------------
Start Flattening Before IO Insertion
---------------------------------------------------------------------------------
---------------------------------------------------------------------------------
Finished Flattening Before IO Insertion
---------------------------------------------------------------------------------
---------------------------------------------------------------------------------
Start Final Netlist Cleanup
---------------------------------------------------------------------------------
INFO: [Synth 8-4163] Replicating register \inst/ad_otr_capture_adc_reg  to handle IOB=TRUE attribute
INFO: [Synth 8-4163] Replicating register \inst/ad_data_capture_adc_reg[0]  to handle IOB=TRUE attribute
INFO: [Synth 8-4163] Replicating register \inst/ad_data_capture_adc_reg[1]  to handle IOB=TRUE attribute
INFO: [Synth 8-4163] Replicating register \inst/ad_data_capture_adc_reg[2]  to handle IOB=TRUE attribute
INFO: [Synth 8-4163] Replicating register \inst/ad_data_capture_adc_reg[3]  to handle IOB=TRUE attribute
INFO: [Synth 8-4163] Replicating register \inst/ad_data_capture_adc_reg[4]  to handle IOB=TRUE attribute
INFO: [Synth 8-4163] Replicating register \inst/ad_data_capture_adc_reg[5]  to handle IOB=TRUE attribute
INFO: [Synth 8-4163] Replicating register \inst/ad_data_capture_adc_reg[6]  to handle IOB=TRUE attribute
INFO: [Synth 8-4163] Replicating register \inst/ad_data_capture_adc_reg[7]  to handle IOB=TRUE attribute
INFO: [Synth 8-4163] Replicating register \inst/ad_data_capture_adc_reg[8]  to handle IOB=TRUE attribute
INFO: [Synth 8-4163] Replicating register \inst/ad_data_capture_adc_reg[9]  to handle IOB=TRUE attribute
INFO: [Synth 8-4163] Replicating register \inst/ad_data_capture_adc_reg[10]  to handle IOB=TRUE attribute
INFO: [Synth 8-4163] Replicating register \inst/ad_data_capture_adc_reg[11]  to handle IOB=TRUE attribute
---------------------------------------------------------------------------------
Finished Final Netlist Cleanup
---------------------------------------------------------------------------------
---------------------------------------------------------------------------------
Finished IO Insertion : Time (s): cpu = 00:00:18 ; elapsed = 00:00:20 . Memory (MB): peak = 886.211 ; gain = 515.570
---------------------------------------------------------------------------------

Report Check Netlist: 
+------+------------------+-------+---------+-------+------------------+
|      |Item              |Errors |Warnings |Status |Description       |
+------+------------------+-------+---------+-------+------------------+
|1     |multi_driven_nets |      0|        0|Passed |Multi driven nets |
+------+------------------+-------+---------+-------+------------------+
---------------------------------------------------------------------------------
Start Renaming Generated Instances
---------------------------------------------------------------------------------
---------------------------------------------------------------------------------
Finished Renaming Generated Instances : Time (s): cpu = 00:00:18 ; elapsed = 00:00:20 . Memory (MB): peak = 886.211 ; gain = 515.570
---------------------------------------------------------------------------------

Report RTL Partitions: 
+-+--------------+------------+----------+
| |RTL Partition |Replication |Instances |
+-+--------------+------------+----------+
+-+--------------+------------+----------+
---------------------------------------------------------------------------------
Start Rebuilding User Hierarchy
---------------------------------------------------------------------------------
---------------------------------------------------------------------------------
Finished Rebuilding User Hierarchy : Time (s): cpu = 00:00:18 ; elapsed = 00:00:20 . Memory (MB): peak = 886.211 ; gain = 515.570
---------------------------------------------------------------------------------
---------------------------------------------------------------------------------
Start Renaming Generated Ports
---------------------------------------------------------------------------------
---------------------------------------------------------------------------------
Finished Renaming Generated Ports : Time (s): cpu = 00:00:18 ; elapsed = 00:00:20 . Memory (MB): peak = 886.211 ; gain = 515.570
---------------------------------------------------------------------------------
---------------------------------------------------------------------------------
Start Handling Custom Attributes
---------------------------------------------------------------------------------
---------------------------------------------------------------------------------
Finished Handling Custom Attributes : Time (s): cpu = 00:00:18 ; elapsed = 00:00:20 . Memory (MB): peak = 886.211 ; gain = 515.570
---------------------------------------------------------------------------------
---------------------------------------------------------------------------------
Start Renaming Generated Nets
---------------------------------------------------------------------------------
---------------------------------------------------------------------------------
Finished Renaming Generated Nets : Time (s): cpu = 00:00:18 ; elapsed = 00:00:20 . Memory (MB): peak = 886.211 ; gain = 515.570
---------------------------------------------------------------------------------
---------------------------------------------------------------------------------
Start Writing Synthesis Report
---------------------------------------------------------------------------------

Report BlackBoxes: 
+-+--------------+----------+
| |BlackBox name |Instances |
+-+--------------+----------+
+-+--------------+----------+

Report Cell Usage: 
+------+-------+------+
|      |Cell   |Count |
+------+-------+------+
|1     |CARRY4 |    13|
|2     |LUT1   |    24|
|3     |LUT2   |    24|
|4     |LUT3   |    12|
|5     |LUT4   |    24|
|6     |LUT5   |     1|
|7     |LUT6   |     1|
|8     |ODDR   |     1|
|9     |FDCE   |    66|
+------+-------+------+

Report Instance Areas: 
+------+-----------------------+---------------------+------+
|      |Instance               |Module               |Cells |
+------+-----------------------+---------------------+------+
|1     |top                    |                     |   166|
|2     |  inst                 |ad9226_stage1_driver |   166|
|3     |    u_ad9226_data_path |ad9226_data_path     |   130|
+------+-----------------------+---------------------+------+
---------------------------------------------------------------------------------
Finished Writing Synthesis Report : Time (s): cpu = 00:00:18 ; elapsed = 00:00:20 . Memory (MB): peak = 886.211 ; gain = 515.570
---------------------------------------------------------------------------------
Synthesis finished with 0 errors, 0 critical warnings and 0 warnings.
Synthesis Optimization Runtime : Time (s): cpu = 00:00:11 ; elapsed = 00:00:14 . Memory (MB): peak = 886.211 ; gain = 184.977
Synthesis Optimization Complete : Time (s): cpu = 00:00:18 ; elapsed = 00:00:20 . Memory (MB): peak = 886.211 ; gain = 515.570
INFO: [Project 1-571] Translating synthesized netlist
INFO: [Netlist 29-17] Analyzing 14 Unisim elements for replacement
INFO: [Netlist 29-28] Unisim Transformation completed in 0 CPU seconds
INFO: [Project 1-570] Preparing netlist for logic optimization
INFO: [Opt 31-138] Pushed 0 inverter(s) to 0 load pin(s).
Netlist sorting complete. Time (s): cpu = 00:00:00 ; elapsed = 00:00:00 . Memory (MB): peak = 899.246 ; gain = 0.000
INFO: [Project 1-111] Unisim Transformation Summary:
No Unisim elements were transformed.

INFO: [Common 17-83] Releasing license: Synthesis
38 Infos, 1 Warnings, 0 Critical Warnings and 0 Errors encountered.
synth_design completed successfully
synth_design: Time (s): cpu = 00:00:20 ; elapsed = 00:00:23 . Memory (MB): peak = 899.246 ; gain = 541.914
Netlist sorting complete. Time (s): cpu = 00:00:00 ; elapsed = 00:00:00 . Memory (MB): peak = 899.246 ; gain = 0.000
WARNING: [Constraints 18-5210] No constraints selected for write.
Resolution: This message can indicate that there are no constraints for the design, or it can indicate that the used_in flags are set such that the constraints are ignored. This later case is used when running synth_design to not write synthesis constraints to the resulting checkpoint. Instead, project constraints are read when the synthesized design is opened.
INFO: [Common 17-1381] The checkpoint 'F:/College/verilog_digital_system/Xilinx/2023_step2_by_ygw_v5/2023_step2_by_ygw.runs/design_1_ad9226_stage1_driver_0_0_synth_1/design_1_ad9226_stage1_driver_0_0.dcp' has been generated.
INFO: [Coretcl 2-1174] Renamed 2 cell refs.
Netlist sorting complete. Time (s): cpu = 00:00:00 ; elapsed = 00:00:00 . Memory (MB): peak = 899.246 ; gain = 0.000
WARNING: [Constraints 18-5210] No constraints selected for write.
Resolution: This message can indicate that there are no constraints for the design, or it can indicate that the used_in flags are set such that the constraints are ignored. This later case is used when running synth_design to not write synthesis constraints to the resulting checkpoint. Instead, project constraints are read when the synthesized design is opened.
INFO: [Common 17-1381] The checkpoint 'F:/College/verilog_digital_system/Xilinx/2023_step2_by_ygw_v5/2023_step2_by_ygw.runs/design_1_ad9226_stage1_driver_0_0_synth_1/design_1_ad9226_stage1_driver_0_0.dcp' has been generated.
INFO: [runtcl-4] Executing : report_utilization -file design_1_ad9226_stage1_driver_0_0_utilization_synth.rpt -pb design_1_ad9226_stage1_driver_0_0_utilization_synth.pb
INFO: [Common 17-206] Exiting Vivado at Mon Jul 27 03:41:58 2026...
