
*** Running vivado
    with args -log design_1_feature_bram_writer_0_0.vds -m64 -product Vivado -mode batch -messageDb vivado.pb -notrace -source design_1_feature_bram_writer_0_0.tcl


****** Vivado v2018.3 (64-bit)
  **** SW Build 2405991 on Thu Dec  6 23:38:27 MST 2018
  **** IP Build 2404404 on Fri Dec  7 01:43:56 MST 2018
    ** Copyright 1986-2018 Xilinx, Inc. All Rights Reserved.

source design_1_feature_bram_writer_0_0.tcl -notrace
Command: synth_design -top design_1_feature_bram_writer_0_0 -part xc7z020clg400-2 -mode out_of_context
Starting synth_design
Attempting to get a license for feature 'Synthesis' and/or device 'xc7z020'
INFO: [Common 17-349] Got license for feature 'Synthesis' and/or device 'xc7z020'
INFO: Launching helper process for spawning children vivado processes
INFO: Helper process launched with PID 14420 
---------------------------------------------------------------------------------
Starting RTL Elaboration : Time (s): cpu = 00:00:02 ; elapsed = 00:00:02 . Memory (MB): peak = 478.426 ; gain = 107.008
---------------------------------------------------------------------------------
INFO: [Synth 8-6157] synthesizing module 'design_1_feature_bram_writer_0_0' [f:/College/verilog_digital_system/Xilinx/2023_step2_by_ygw_v5/2023_step2_by_ygw.srcs/sources_1/bd/design_1/ip/design_1_feature_bram_writer_0_0/synth/design_1_feature_bram_writer_0_0.v:58]
INFO: [Synth 8-6157] synthesizing module 'feature_bram_writer' [F:/College/verilog_digital_system/Xilinx/2023_step2_by_ygw_v5/2023_step2_by_ygw.srcs/sources_1/imports/rtl/feature_bram_writer.v:21]
	Parameter FEATURE_LAST_WORD bound to: 6'b101110 
INFO: [Synth 8-6155] done synthesizing module 'feature_bram_writer' (1#1) [F:/College/verilog_digital_system/Xilinx/2023_step2_by_ygw_v5/2023_step2_by_ygw.srcs/sources_1/imports/rtl/feature_bram_writer.v:21]
INFO: [Synth 8-6155] done synthesizing module 'design_1_feature_bram_writer_0_0' (2#1) [f:/College/verilog_digital_system/Xilinx/2023_step2_by_ygw_v5/2023_step2_by_ygw.srcs/sources_1/bd/design_1/ip/design_1_feature_bram_writer_0_0/synth/design_1_feature_bram_writer_0_0.v:58]
WARNING: [Synth 8-3331] design feature_bram_writer has unconnected port psk_spike_count[31]
---------------------------------------------------------------------------------
Finished RTL Elaboration : Time (s): cpu = 00:00:02 ; elapsed = 00:00:03 . Memory (MB): peak = 534.438 ; gain = 163.020
---------------------------------------------------------------------------------

Report Check Netlist: 
+------+------------------+-------+---------+-------+------------------+
|      |Item              |Errors |Warnings |Status |Description       |
+------+------------------+-------+---------+-------+------------------+
|1     |multi_driven_nets |      0|        0|Passed |Multi driven nets |
+------+------------------+-------+---------+-------+------------------+
---------------------------------------------------------------------------------
Start Handling Custom Attributes
---------------------------------------------------------------------------------
---------------------------------------------------------------------------------
Finished Handling Custom Attributes : Time (s): cpu = 00:00:02 ; elapsed = 00:00:03 . Memory (MB): peak = 534.438 ; gain = 163.020
---------------------------------------------------------------------------------
---------------------------------------------------------------------------------
Finished RTL Optimization Phase 1 : Time (s): cpu = 00:00:02 ; elapsed = 00:00:03 . Memory (MB): peak = 534.438 ; gain = 163.020
---------------------------------------------------------------------------------
INFO: [Device 21-403] Loading part xc7z020clg400-2
INFO: [Project 1-570] Preparing netlist for logic optimization

Processing XDC Constraints
Initializing timing engine
Completed Processing XDC Constraints

Netlist sorting complete. Time (s): cpu = 00:00:00 ; elapsed = 00:00:00 . Memory (MB): peak = 873.699 ; gain = 0.000
INFO: [Project 1-111] Unisim Transformation Summary:
No Unisim elements were transformed.

Netlist sorting complete. Time (s): cpu = 00:00:00 ; elapsed = 00:00:00 . Memory (MB): peak = 873.699 ; gain = 0.000
WARNING: [Constraints 18-5210] No constraints selected for write.
Resolution: This message can indicate that there are no constraints for the design, or it can indicate that the used_in flags are set such that the constraints are ignored. This later case is used when running synth_design to not write synthesis constraints to the resulting checkpoint. Instead, project constraints are read when the synthesized design is opened.
Constraint Validation Runtime : Time (s): cpu = 00:00:00 ; elapsed = 00:00:00.082 . Memory (MB): peak = 877.062 ; gain = 3.363
---------------------------------------------------------------------------------
Finished Constraint Validation : Time (s): cpu = 00:00:09 ; elapsed = 00:00:11 . Memory (MB): peak = 877.062 ; gain = 505.645
---------------------------------------------------------------------------------
---------------------------------------------------------------------------------
Start Loading Part and Timing Information
---------------------------------------------------------------------------------
Loading part: xc7z020clg400-2
---------------------------------------------------------------------------------
Finished Loading Part and Timing Information : Time (s): cpu = 00:00:09 ; elapsed = 00:00:11 . Memory (MB): peak = 877.062 ; gain = 505.645
---------------------------------------------------------------------------------
---------------------------------------------------------------------------------
Start Applying 'set_property' XDC Constraints
---------------------------------------------------------------------------------
---------------------------------------------------------------------------------
Finished applying 'set_property' XDC Constraints : Time (s): cpu = 00:00:09 ; elapsed = 00:00:11 . Memory (MB): peak = 877.062 ; gain = 505.645
---------------------------------------------------------------------------------
INFO: [Synth 8-5546] ROM "word_index" won't be mapped to RAM because it is too sparse
INFO: [Synth 8-5546] ROM "busy" won't be mapped to RAM because it is too sparse
---------------------------------------------------------------------------------
Finished RTL Optimization Phase 2 : Time (s): cpu = 00:00:09 ; elapsed = 00:00:11 . Memory (MB): peak = 877.062 ; gain = 505.645
---------------------------------------------------------------------------------

Report RTL Partitions: 
+-+--------------+------------+----------+
| |RTL Partition |Replication |Instances |
+-+--------------+------------+----------+
+-+--------------+------------+----------+
---------------------------------------------------------------------------------
Start RTL Component Statistics 
---------------------------------------------------------------------------------
Detailed RTL Component Info : 
+---Adders : 
	   2 Input     32 Bit       Adders := 1     
	   2 Input      8 Bit       Adders := 2     
	   2 Input      6 Bit       Adders := 1     
	   2 Input      4 Bit       Adders := 1     
+---Registers : 
	              128 Bit    Registers := 2     
	               16 Bit    Registers := 1     
	                8 Bit    Registers := 4     
	                6 Bit    Registers := 1     
	                2 Bit    Registers := 1     
	                1 Bit    Registers := 10    
+---Muxes : 
	   2 Input    128 Bit        Muxes := 4     
	   2 Input     32 Bit        Muxes := 5     
	  15 Input     32 Bit        Muxes := 1     
	   2 Input      8 Bit        Muxes := 10    
	   2 Input      4 Bit        Muxes := 6     
	  15 Input      4 Bit        Muxes := 3     
	   2 Input      1 Bit        Muxes := 8     
---------------------------------------------------------------------------------
Finished RTL Component Statistics 
---------------------------------------------------------------------------------
---------------------------------------------------------------------------------
Start RTL Hierarchical Component Statistics 
---------------------------------------------------------------------------------
Hierarchical RTL Component report 
Module feature_bram_writer 
Detailed RTL Component Info : 
+---Adders : 
	   2 Input     32 Bit       Adders := 1     
	   2 Input      8 Bit       Adders := 2     
	   2 Input      6 Bit       Adders := 1     
	   2 Input      4 Bit       Adders := 1     
+---Registers : 
	              128 Bit    Registers := 2     
	               16 Bit    Registers := 1     
	                8 Bit    Registers := 4     
	                6 Bit    Registers := 1     
	                2 Bit    Registers := 1     
	                1 Bit    Registers := 10    
+---Muxes : 
	   2 Input    128 Bit        Muxes := 4     
	   2 Input     32 Bit        Muxes := 5     
	  15 Input     32 Bit        Muxes := 1     
	   2 Input      8 Bit        Muxes := 10    
	   2 Input      4 Bit        Muxes := 6     
	  15 Input      4 Bit        Muxes := 3     
	   2 Input      1 Bit        Muxes := 8     
---------------------------------------------------------------------------------
Finished RTL Hierarchical Component Statistics
---------------------------------------------------------------------------------
---------------------------------------------------------------------------------
Start Part Resource Summary
---------------------------------------------------------------------------------
Part Resources:
DSPs: 220 (col length:60)
BRAMs: 280 (col length: RAMB18 60 RAMB36 30)
---------------------------------------------------------------------------------
Finished Part Resource Summary
---------------------------------------------------------------------------------
---------------------------------------------------------------------------------
Start Cross Boundary and Area Optimization
---------------------------------------------------------------------------------
Warning: Parallel synthesis criteria is not met 
INFO: [Synth 8-3917] design design_1_feature_bram_writer_0_0 has port bram_addr[31] driven by constant 0
INFO: [Synth 8-3917] design design_1_feature_bram_writer_0_0 has port bram_addr[30] driven by constant 0
INFO: [Synth 8-3917] design design_1_feature_bram_writer_0_0 has port bram_addr[29] driven by constant 0
INFO: [Synth 8-3917] design design_1_feature_bram_writer_0_0 has port bram_addr[28] driven by constant 0
INFO: [Synth 8-3917] design design_1_feature_bram_writer_0_0 has port bram_addr[27] driven by constant 0
INFO: [Synth 8-3917] design design_1_feature_bram_writer_0_0 has port bram_addr[26] driven by constant 0
INFO: [Synth 8-3917] design design_1_feature_bram_writer_0_0 has port bram_addr[25] driven by constant 0
INFO: [Synth 8-3917] design design_1_feature_bram_writer_0_0 has port bram_addr[24] driven by constant 0
INFO: [Synth 8-3917] design design_1_feature_bram_writer_0_0 has port bram_addr[23] driven by constant 0
INFO: [Synth 8-3917] design design_1_feature_bram_writer_0_0 has port bram_addr[22] driven by constant 0
INFO: [Synth 8-3917] design design_1_feature_bram_writer_0_0 has port bram_addr[21] driven by constant 0
INFO: [Synth 8-3917] design design_1_feature_bram_writer_0_0 has port bram_addr[20] driven by constant 0
INFO: [Synth 8-3917] design design_1_feature_bram_writer_0_0 has port bram_addr[19] driven by constant 0
INFO: [Synth 8-3917] design design_1_feature_bram_writer_0_0 has port bram_addr[18] driven by constant 0
INFO: [Synth 8-3917] design design_1_feature_bram_writer_0_0 has port bram_addr[17] driven by constant 0
INFO: [Synth 8-3917] design design_1_feature_bram_writer_0_0 has port bram_addr[16] driven by constant 0
INFO: [Synth 8-3917] design design_1_feature_bram_writer_0_0 has port bram_addr[15] driven by constant 0
INFO: [Synth 8-3917] design design_1_feature_bram_writer_0_0 has port bram_addr[14] driven by constant 0
INFO: [Synth 8-3917] design design_1_feature_bram_writer_0_0 has port bram_addr[13] driven by constant 0
INFO: [Synth 8-3917] design design_1_feature_bram_writer_0_0 has port bram_addr[12] driven by constant 0
INFO: [Synth 8-3917] design design_1_feature_bram_writer_0_0 has port bram_addr[11] driven by constant 0
INFO: [Synth 8-3917] design design_1_feature_bram_writer_0_0 has port bram_addr[10] driven by constant 0
INFO: [Synth 8-3917] design design_1_feature_bram_writer_0_0 has port bram_addr[9] driven by constant 0
INFO: [Synth 8-3917] design design_1_feature_bram_writer_0_0 has port bram_addr[8] driven by constant 0
INFO: [Synth 8-3917] design design_1_feature_bram_writer_0_0 has port bram_addr[1] driven by constant 0
INFO: [Synth 8-3917] design design_1_feature_bram_writer_0_0 has port bram_addr[0] driven by constant 0
WARNING: [Synth 8-3331] design design_1_feature_bram_writer_0_0 has unconnected port psk_spike_count[31]
---------------------------------------------------------------------------------
Finished Cross Boundary and Area Optimization : Time (s): cpu = 00:00:12 ; elapsed = 00:00:14 . Memory (MB): peak = 877.062 ; gain = 505.645
---------------------------------------------------------------------------------

Report RTL Partitions: 
+-+--------------+------------+----------+
| |RTL Partition |Replication |Instances |
+-+--------------+------------+----------+
+-+--------------+------------+----------+
---------------------------------------------------------------------------------
Start Applying XDC Timing Constraints
---------------------------------------------------------------------------------
---------------------------------------------------------------------------------
Finished Applying XDC Timing Constraints : Time (s): cpu = 00:00:19 ; elapsed = 00:00:21 . Memory (MB): peak = 888.801 ; gain = 517.383
---------------------------------------------------------------------------------
---------------------------------------------------------------------------------
Start Timing Optimization
---------------------------------------------------------------------------------
---------------------------------------------------------------------------------
Finished Timing Optimization : Time (s): cpu = 00:00:19 ; elapsed = 00:00:21 . Memory (MB): peak = 889.395 ; gain = 517.977
---------------------------------------------------------------------------------

Report RTL Partitions: 
+-+--------------+------------+----------+
| |RTL Partition |Replication |Instances |
+-+--------------+------------+----------+
+-+--------------+------------+----------+
---------------------------------------------------------------------------------
Start Technology Mapping
---------------------------------------------------------------------------------
---------------------------------------------------------------------------------
Finished Technology Mapping : Time (s): cpu = 00:00:19 ; elapsed = 00:00:22 . Memory (MB): peak = 919.668 ; gain = 548.250
---------------------------------------------------------------------------------

Report RTL Partitions: 
+-+--------------+------------+----------+
| |RTL Partition |Replication |Instances |
+-+--------------+------------+----------+
+-+--------------+------------+----------+
---------------------------------------------------------------------------------
Start IO Insertion
---------------------------------------------------------------------------------
---------------------------------------------------------------------------------
Start Flattening Before IO Insertion
---------------------------------------------------------------------------------
---------------------------------------------------------------------------------
Finished Flattening Before IO Insertion
---------------------------------------------------------------------------------
---------------------------------------------------------------------------------
Start Final Netlist Cleanup
---------------------------------------------------------------------------------
---------------------------------------------------------------------------------
Finished Final Netlist Cleanup
---------------------------------------------------------------------------------
---------------------------------------------------------------------------------
Finished IO Insertion : Time (s): cpu = 00:00:20 ; elapsed = 00:00:22 . Memory (MB): peak = 919.668 ; gain = 548.250
---------------------------------------------------------------------------------

Report Check Netlist: 
+------+------------------+-------+---------+-------+------------------+
|      |Item              |Errors |Warnings |Status |Description       |
+------+------------------+-------+---------+-------+------------------+
|1     |multi_driven_nets |      0|        0|Passed |Multi driven nets |
+------+------------------+-------+---------+-------+------------------+
---------------------------------------------------------------------------------
Start Renaming Generated Instances
---------------------------------------------------------------------------------
---------------------------------------------------------------------------------
Finished Renaming Generated Instances : Time (s): cpu = 00:00:20 ; elapsed = 00:00:22 . Memory (MB): peak = 919.668 ; gain = 548.250
---------------------------------------------------------------------------------

Report RTL Partitions: 
+-+--------------+------------+----------+
| |RTL Partition |Replication |Instances |
+-+--------------+------------+----------+
+-+--------------+------------+----------+
---------------------------------------------------------------------------------
Start Rebuilding User Hierarchy
---------------------------------------------------------------------------------
---------------------------------------------------------------------------------
Finished Rebuilding User Hierarchy : Time (s): cpu = 00:00:20 ; elapsed = 00:00:22 . Memory (MB): peak = 919.668 ; gain = 548.250
---------------------------------------------------------------------------------
---------------------------------------------------------------------------------
Start Renaming Generated Ports
---------------------------------------------------------------------------------
---------------------------------------------------------------------------------
Finished Renaming Generated Ports : Time (s): cpu = 00:00:20 ; elapsed = 00:00:22 . Memory (MB): peak = 919.668 ; gain = 548.250
---------------------------------------------------------------------------------
---------------------------------------------------------------------------------
Start Handling Custom Attributes
---------------------------------------------------------------------------------
---------------------------------------------------------------------------------
Finished Handling Custom Attributes : Time (s): cpu = 00:00:20 ; elapsed = 00:00:23 . Memory (MB): peak = 919.668 ; gain = 548.250
---------------------------------------------------------------------------------
---------------------------------------------------------------------------------
Start Renaming Generated Nets
---------------------------------------------------------------------------------
---------------------------------------------------------------------------------
Finished Renaming Generated Nets : Time (s): cpu = 00:00:20 ; elapsed = 00:00:23 . Memory (MB): peak = 919.668 ; gain = 548.250
---------------------------------------------------------------------------------
---------------------------------------------------------------------------------
Start Writing Synthesis Report
---------------------------------------------------------------------------------

Report BlackBoxes: 
+-+--------------+----------+
| |BlackBox name |Instances |
+-+--------------+----------+
+-+--------------+----------+

Report Cell Usage: 
+------+-------+------+
|      |Cell   |Count |
+------+-------+------+
|1     |CARRY4 |    20|
|2     |LUT1   |     4|
|3     |LUT2   |    15|
|4     |LUT3   |    12|
|5     |LUT4   |    44|
|6     |LUT5   |   229|
|7     |LUT6   |   262|
|8     |MUXF7  |    32|
|9     |FDRE   |   372|
|10    |FDSE   |     1|
+------+-------+------+

Report Instance Areas: 
+------+---------+--------------------+------+
|      |Instance |Module              |Cells |
+------+---------+--------------------+------+
|1     |top      |                    |   991|
|2     |  inst   |feature_bram_writer |   991|
+------+---------+--------------------+------+
---------------------------------------------------------------------------------
Finished Writing Synthesis Report : Time (s): cpu = 00:00:20 ; elapsed = 00:00:23 . Memory (MB): peak = 919.668 ; gain = 548.250
---------------------------------------------------------------------------------
Synthesis finished with 0 errors, 0 critical warnings and 1 warnings.
Synthesis Optimization Runtime : Time (s): cpu = 00:00:13 ; elapsed = 00:00:17 . Memory (MB): peak = 919.668 ; gain = 205.625
Synthesis Optimization Complete : Time (s): cpu = 00:00:20 ; elapsed = 00:00:23 . Memory (MB): peak = 919.668 ; gain = 548.250
INFO: [Project 1-571] Translating synthesized netlist
INFO: [Netlist 29-17] Analyzing 52 Unisim elements for replacement
INFO: [Netlist 29-28] Unisim Transformation completed in 0 CPU seconds
INFO: [Project 1-570] Preparing netlist for logic optimization
INFO: [Opt 31-138] Pushed 0 inverter(s) to 0 load pin(s).
Netlist sorting complete. Time (s): cpu = 00:00:00 ; elapsed = 00:00:00 . Memory (MB): peak = 919.668 ; gain = 0.000
INFO: [Project 1-111] Unisim Transformation Summary:
No Unisim elements were transformed.

INFO: [Common 17-83] Releasing license: Synthesis
43 Infos, 3 Warnings, 0 Critical Warnings and 0 Errors encountered.
synth_design completed successfully
synth_design: Time (s): cpu = 00:00:22 ; elapsed = 00:00:25 . Memory (MB): peak = 919.668 ; gain = 561.609
Netlist sorting complete. Time (s): cpu = 00:00:00 ; elapsed = 00:00:00 . Memory (MB): peak = 919.668 ; gain = 0.000
WARNING: [Constraints 18-5210] No constraints selected for write.
Resolution: This message can indicate that there are no constraints for the design, or it can indicate that the used_in flags are set such that the constraints are ignored. This later case is used when running synth_design to not write synthesis constraints to the resulting checkpoint. Instead, project constraints are read when the synthesized design is opened.
INFO: [Common 17-1381] The checkpoint 'F:/College/verilog_digital_system/Xilinx/2023_step2_by_ygw_v5/2023_step2_by_ygw.runs/design_1_feature_bram_writer_0_0_synth_1/design_1_feature_bram_writer_0_0.dcp' has been generated.
Netlist sorting complete. Time (s): cpu = 00:00:00 ; elapsed = 00:00:00 . Memory (MB): peak = 919.668 ; gain = 0.000
WARNING: [Constraints 18-5210] No constraints selected for write.
Resolution: This message can indicate that there are no constraints for the design, or it can indicate that the used_in flags are set such that the constraints are ignored. This later case is used when running synth_design to not write synthesis constraints to the resulting checkpoint. Instead, project constraints are read when the synthesized design is opened.
INFO: [Common 17-1381] The checkpoint 'F:/College/verilog_digital_system/Xilinx/2023_step2_by_ygw_v5/2023_step2_by_ygw.runs/design_1_feature_bram_writer_0_0_synth_1/design_1_feature_bram_writer_0_0.dcp' has been generated.
INFO: [runtcl-4] Executing : report_utilization -file design_1_feature_bram_writer_0_0_utilization_synth.rpt -pb design_1_feature_bram_writer_0_0_utilization_synth.pb
INFO: [Common 17-206] Exiting Vivado at Mon Jul 27 03:42:01 2026...
