#-----------------------------------------------------------
# Vivado v2018.3 (64-bit)
# SW Build 2405991 on Thu Dec  6 23:38:27 MST 2018
# IP Build 2404404 on Fri Dec  7 01:43:56 MST 2018
# Start of session at: Sat Jul 25 00:30:51 2026
# Process ID: 135084
# Current directory: F:/Vivado/2023/main/FPGA--main/pl2/2023_step2_by_ygw
# Command line: vivado.exe -gui_launcher_event rodinguilauncherevent123328 F:\Vivado\2023\main\FPGA--main\pl2\2023_step2_by_ygw\2023_step2_by_ygw.xpr
# Log file: F:/Vivado/2023/main/FPGA--main/pl2/2023_step2_by_ygw/vivado.log
# Journal file: F:/Vivado/2023/main/FPGA--main/pl2/2023_step2_by_ygw\vivado.jou
#-----------------------------------------------------------
start_gui
open_project F:/Vivado/2023/main/FPGA--main/pl2/2023_step2_by_ygw/2023_step2_by_ygw.xpr
Scanning sources...
Finished scanning sources
INFO: [IP_Flow 19-234] Refreshing IP repositories
INFO: [IP_Flow 19-1704] No user IP repositories specified
INFO: [IP_Flow 19-2313] Loaded Vivado IP repository 'D:/Vivado/2018.3/data/ip'.
update_compile_order -fileset sources_1
INFO: [Vivado 12-5457] ref source:F:/Vivado/2023/main/FPGA--main/pl2/2023_step2_by_ygw/2023_step2_by_ygw.srcs/sources_1/ip/cordic_translate_0/cordic_translate_0.xci
generate_target Simulation [get_files F:/Vivado/2023/main/FPGA--main/pl2/2023_step2_by_ygw/2023_step2_by_ygw.srcs/sources_1/ip/cordic_translate_0/cordic_translate_0.xci]
INFO: [IP_Flow 19-1706] Not generating 'Simulation' target for IP 'cordic_translate_0'. Target already exists and is up to date.
launch_simulation
INFO: [Vivado 12-5698] Checking validity of IPs in the design for the 'XSim' simulator...
Generating merged BMM file for the design top 'tb_demod_pool_core_bpsk'...
INFO: [Vivado 12-5682] Launching behavioral simulation in 'F:/Vivado/2023/main/FPGA--main/pl2/2023_step2_by_ygw/2023_step2_by_ygw.sim/sim_1/behav/xsim'
INFO: [Vivado 12-4795] Using compiled simulation libraries for IPs
INFO: [SIM-utils-51] Simulation object is 'sim_1'
INFO: [USF-XSim-7] Finding pre-compiled libraries...
INFO: [USF-XSim-11] File 'D:/Vivado/2018.3/data/xsim/xsim.ini' copied to run dir:'F:/Vivado/2023/main/FPGA--main/pl2/2023_step2_by_ygw/2023_step2_by_ygw.sim/sim_1/behav/xsim'
INFO: [SIM-utils-50] Design contains embedded sources, generating MEM files for simulation...
Generating merged BMM file for the design top 'tb_demod_pool_core_bpsk'...
Generating merged BMM file for the design top 'tb_demod_pool_core_bpsk'...
INFO: [SIM-utils-54] Inspecting design source files for 'tb_demod_pool_core_bpsk' in fileset 'sim_1'...
INFO: [USF-XSim-97] Finding global include files...
INFO: [USF-XSim-98] Fetching design files from 'sim_1'...
INFO: [USF-XSim-2] XSim::Compile design
INFO: [USF-XSim-61] Executing 'COMPILE and ANALYZE' step in 'F:/Vivado/2023/main/FPGA--main/pl2/2023_step2_by_ygw/2023_step2_by_ygw.sim/sim_1/behav/xsim'
"xvlog --incr --relax -L axi_vip_v1_1_4 -L processing_system7_vip_v1_0_6 -L smartconnect_v1_0 -L xilinx_vip -prj tb_demod_pool_core_bpsk_vlog.prj"
INFO: [VRFC 10-2263] Analyzing Verilog file "F:/Vivado/2023/main/FPGA--main/pl2/2023_step2_by_ygw/2023_step2_by_ygw.srcs/sources_1/imports/rtl/bpsk_costas_loop.v" into library xil_defaultlib
INFO: [VRFC 10-311] analyzing module bpsk_costas_loop
INFO: [VRFC 10-2263] Analyzing Verilog file "F:/Vivado/2023/main/FPGA--main/pl2/2023_step2_by_ygw/2023_step2_by_ygw.srcs/sources_1/imports/rtl/bpsk_nco_lut.v" into library xil_defaultlib
INFO: [VRFC 10-311] analyzing module bpsk_quarter_sine
INFO: [VRFC 10-311] analyzing module bpsk_nco_lut
INFO: [VRFC 10-2263] Analyzing Verilog file "F:/Vivado/2023/main/FPGA--main/pl2/2023_step2_by_ygw/2023_step2_by_ygw.srcs/sources_1/imports/rtl/bpsk_rate_detector.v" into library xil_defaultlib
INFO: [VRFC 10-311] analyzing module bpsk_rate_detector
INFO: [VRFC 10-2263] Analyzing Verilog file "F:/Vivado/2023/main/FPGA--main/pl2/2023_step2_by_ygw/2023_step2_by_ygw.srcs/sources_1/imports/rtl/bpsk_rx_chain.v" into library xil_defaultlib
INFO: [VRFC 10-311] analyzing module bpsk_rx_chain
INFO: [VRFC 10-2263] Analyzing Verilog file "F:/Vivado/2023/main/FPGA--main/pl2/2023_step2_by_ygw/2023_step2_by_ygw.srcs/sources_1/imports/rtl/bpsk_timing_recovery.v" into library xil_defaultlib
INFO: [VRFC 10-311] analyzing module bpsk_timing_recovery
INFO: [VRFC 10-2263] Analyzing Verilog file "F:/Vivado/2023/main/FPGA--main/pl2/2023_step2_by_ygw/2023_step2_by_ygw.srcs/sources_1/imports/rtl/demod_pool_core.v" into library xil_defaultlib
INFO: [VRFC 10-311] analyzing module demod_pool_core
INFO: [VRFC 10-2263] Analyzing Verilog file "F:/Vivado/2023/main/FPGA--main/pl2/2023_step2_by_ygw/2023_step2_by_ygw.srcs/sources_1/imports/rtl/demod_pool_core_bpsk.v" into library xil_defaultlib
INFO: [VRFC 10-311] analyzing module demod_pool_core_bpsk
INFO: [VRFC 10-2263] Analyzing Verilog file "F:/Vivado/2023/main/FPGA--main/pl2/2023_step2_by_ygw/2023_step2_by_ygw.srcs/sources_1/imports/rtl/hist16_snapshot.v" into library xil_defaultlib
INFO: [VRFC 10-311] analyzing module hist16_snapshot
INFO: [VRFC 10-2263] Analyzing Verilog file "F:/Vivado/2023/main/FPGA--main/pl2/2023_step2_by_ygw/2023_step2_by_ygw.srcs/sources_1/imports/rtl/phase_diff_wrap.v" into library xil_defaultlib
INFO: [VRFC 10-311] analyzing module phase_diff_wrap
INFO: [VRFC 10-2263] Analyzing Verilog file "F:/Vivado/2023/main/FPGA--main/pl2/2023_step2_by_ygw/2023_step2_by_ygw.srcs/sources_1/imports/rtl/psk_spike_detector.v" into library xil_defaultlib
INFO: [VRFC 10-311] analyzing module psk_spike_detector
INFO: [VRFC 10-2263] Analyzing Verilog file "F:/Vivado/2023/main/FPGA--main/pl2/2023_step2_by_ygw/2023_step2_by_ygw.srcs/sources_1/imports/rtl/running_stats16.v" into library xil_defaultlib
INFO: [VRFC 10-311] analyzing module running_stats16
INFO: [VRFC 10-2263] Analyzing Verilog file "F:/Vivado/2023/main/FPGA--main/pl2/2023_step2_by_ygw/2023_step2_by_ygw.srcs/sim_1/imports/sim/tb_demod_pool_core_bpsk.v" into library xil_defaultlib
INFO: [VRFC 10-311] analyzing module tb_demod_pool_core_bpsk
"xvhdl --incr --relax -prj tb_demod_pool_core_bpsk_vhdl.prj"
INFO: [USF-XSim-69] 'compile' step finished in '3' seconds
INFO: [USF-XSim-3] XSim::Elaborate design
INFO: [USF-XSim-61] Executing 'ELABORATE' step in 'F:/Vivado/2023/main/FPGA--main/pl2/2023_step2_by_ygw/2023_step2_by_ygw.sim/sim_1/behav/xsim'
Vivado Simulator 2018.3
Copyright 1986-1999, 2001-2018 Xilinx, Inc. All Rights Reserved.
Running: D:/Vivado/2018.3/bin/unwrapped/win64.o/xelab.exe -wto dc18f1f8cbe1412b9c853021ea6971ee --incr --debug typical --relax --mt 2 -L xbip_utils_v3_0_9 -L c_reg_fd_v12_0_5 -L xbip_dsp48_wrapper_v3_0_4 -L xbip_pipe_v3_0_5 -L xbip_dsp48_addsub_v3_0_5 -L xbip_addsub_v3_0_5 -L c_addsub_v12_0_12 -L xbip_bram18k_v3_0_5 -L mult_gen_v12_0_14 -L axi_utils_v2_0_5 -L cordic_v6_0_14 -L xil_defaultlib -L xilinx_vip -L unisims_ver -L unimacro_ver -L secureip -L xpm --snapshot tb_demod_pool_core_bpsk_behav xil_defaultlib.tb_demod_pool_core_bpsk xil_defaultlib.glbl -log elaborate.log 
Using 2 slave threads.
Starting static elaboration
Completed static elaboration
Starting simulation data flow analysis
Completed simulation data flow analysis
Time Resolution for simulation is 1ps
Compiling package std.standard
Compiling package std.textio
Compiling package ieee.std_logic_1164
Compiling package ieee.numeric_std
Compiling package cordic_v6_0_14.cordic_v6_0_14_viv_comp
Compiling package xbip_utils_v3_0_9.xbip_utils_v3_0_9_pkg
Compiling package xbip_pipe_v3_0_5.xbip_pipe_v3_0_5_viv_comp
Compiling package axi_utils_v2_0_5.axi_utils_v2_0_5_pkg
Compiling package ieee.math_real
Compiling package axi_utils_v2_0_5.global_util_pkg
Compiling package axi_utils_v2_0_5.axi_utils_comps
Compiling package mult_gen_v12_0_14.mult_gen_v12_0_14_pkg
Compiling package ieee.std_logic_arith
Compiling package ieee.std_logic_signed
Compiling package cordic_v6_0_14.cordic_pack
Compiling package cordic_v6_0_14.cordic_hdl_comps
Compiling package c_addsub_v12_0_12.c_addsub_v12_0_12_viv_comp
Compiling package xbip_addsub_v3_0_5.xbip_addsub_v3_0_5_viv_comp
Compiling package c_addsub_v12_0_12.c_addsub_v12_0_12_pkg
Compiling package c_addsub_v12_0_12.c_addsub_v12_0_12_pkg_legacy
Compiling package c_reg_fd_v12_0_5.c_reg_fd_v12_0_5_viv_comp
Compiling package unisim.vcomponents
Compiling package ieee.std_logic_unsigned
Compiling package mult_gen_v12_0_14.dsp_pkg
Compiling package ieee.vital_timing
Compiling package ieee.vital_primitives
Compiling package unisim.vpkg
Compiling architecture synth of entity xbip_pipe_v3_0_5.xbip_pipe_v3_0_5_viv [\xbip_pipe_v3_0_5_viv(c_latency=...]
Compiling architecture xilinx of entity axi_utils_v2_0_5.axi_slave_2to1 [\axi_slave_2to1(c_a_tdata_width=...]
Compiling architecture xilinx of entity axi_utils_v2_0_5.glb_srl_fifo [\glb_srl_fifo(width=48,depth=64,...]
Compiling architecture xilinx of entity axi_utils_v2_0_5.glb_ifx_master [\glb_ifx_master(width=48,depth=6...]
Compiling architecture synth of entity xbip_pipe_v3_0_5.xbip_pipe_v3_0_5_viv [\xbip_pipe_v3_0_5_viv(c_latency=...]
Compiling architecture structural of entity c_reg_fd_v12_0_5.c_reg_fd_v12_0_5_viv [\c_reg_fd_v12_0_5_viv(c_width=31...]
Compiling architecture muxcy_v of entity unisim.MUXCY [muxcy_default]
Compiling architecture xorcy_v of entity unisim.XORCY [xorcy_default]
Compiling architecture rtl of entity c_addsub_v12_0_12.c_addsub_v12_0_12_lut6_legacy [\c_addsub_v12_0_12_lut6_legacy(c...]
Compiling architecture synth of entity c_addsub_v12_0_12.c_addsub_v12_0_12_fabric_legacy [\c_addsub_v12_0_12_fabric_legacy...]
Compiling architecture synth of entity c_addsub_v12_0_12.c_addsub_v12_0_12_legacy [\c_addsub_v12_0_12_legacy(c_fami...]
Compiling architecture synth of entity c_addsub_v12_0_12.c_addsub_v12_0_12_viv [\c_addsub_v12_0_12_viv(c_xdevice...]
Compiling architecture synth of entity cordic_v6_0_14.addsub [\addsub(family="zynq",add_mode=1...]
Compiling architecture rtl of entity c_addsub_v12_0_12.c_addsub_v12_0_12_lut6_legacy [\c_addsub_v12_0_12_lut6_legacy(c...]
Compiling architecture synth of entity c_addsub_v12_0_12.c_addsub_v12_0_12_fabric_legacy [\c_addsub_v12_0_12_fabric_legacy...]
Compiling architecture synth of entity c_addsub_v12_0_12.c_addsub_v12_0_12_legacy [\c_addsub_v12_0_12_legacy(c_fami...]
Compiling architecture synth of entity c_addsub_v12_0_12.c_addsub_v12_0_12_viv [\c_addsub_v12_0_12_viv(c_xdevice...]
Compiling architecture synth of entity cordic_v6_0_14.addsub [\addsub(family="zynq",add_mode=0...]
Compiling architecture struct_all of entity cordic_v6_0_14.delay [\delay(delay_len=1,family="zynq"...]
Compiling architecture structural of entity c_reg_fd_v12_0_5.c_reg_fd_v12_0_5_viv [\c_reg_fd_v12_0_5_viv(c_width=30...]
Compiling architecture rtl of entity c_addsub_v12_0_12.c_addsub_v12_0_12_lut6_legacy [\c_addsub_v12_0_12_lut6_legacy(c...]
Compiling architecture synth of entity c_addsub_v12_0_12.c_addsub_v12_0_12_fabric_legacy [\c_addsub_v12_0_12_fabric_legacy...]
Compiling architecture synth of entity c_addsub_v12_0_12.c_addsub_v12_0_12_legacy [\c_addsub_v12_0_12_legacy(c_fami...]
Compiling architecture synth of entity c_addsub_v12_0_12.c_addsub_v12_0_12_viv [\c_addsub_v12_0_12_viv(c_xdevice...]
Compiling architecture synth of entity cordic_v6_0_14.addsub [\addsub(family="zynq",add_mode=2...]
Compiling architecture struct_all of entity cordic_v6_0_14.delay [\delay(delay_len=1,family="zynq"...]
Compiling architecture struct_all of entity cordic_v6_0_14.delay_bit [\delay_bit(delay_len=2,family="z...]
Compiling architecture synth of entity cordic_v6_0_14.cordic_inp_config [\cordic_inp_config(p_xdevicefami...]
Compiling architecture synth of entity cordic_v6_0_14.cordic_dat_acc_slice_par [\cordic_dat_acc_slice_par(p_xdev...]
Compiling architecture synth of entity cordic_v6_0_14.cordic_pha_acc_slice_par [\cordic_pha_acc_slice_par(p_xdev...]
Compiling architecture struct_all of entity cordic_v6_0_14.delay [\delay(delay_len=1,family="zynq"...]
Compiling architecture struct_all of entity cordic_v6_0_14.delay_bit [\delay_bit(delay_len=1,family="z...]
Compiling architecture synth of entity cordic_v6_0_14.cordic_ctrl_slice_par [\cordic_ctrl_slice_par(p_xdevice...]
Compiling architecture synth of entity cordic_v6_0_14.cordic_eng_slice_par [\cordic_eng_slice_par(p_xdevicef...]
Compiling architecture synth of entity cordic_v6_0_14.cordic_dat_acc_slice_par [\cordic_dat_acc_slice_par(p_xdev...]
Compiling architecture synth of entity cordic_v6_0_14.cordic_eng_slice_par [\cordic_eng_slice_par(p_xdevicef...]
Compiling architecture synth of entity cordic_v6_0_14.cordic_dat_acc_slice_par [\cordic_dat_acc_slice_par(p_xdev...]
Compiling architecture synth of entity cordic_v6_0_14.cordic_eng_slice_par [\cordic_eng_slice_par(p_xdevicef...]
Compiling architecture synth of entity cordic_v6_0_14.cordic_dat_acc_slice_par [\cordic_dat_acc_slice_par(p_xdev...]
Compiling architecture synth of entity cordic_v6_0_14.cordic_eng_slice_par [\cordic_eng_slice_par(p_xdevicef...]
Compiling architecture synth of entity cordic_v6_0_14.cordic_dat_acc_slice_par [\cordic_dat_acc_slice_par(p_xdev...]
Compiling architecture synth of entity cordic_v6_0_14.cordic_eng_slice_par [\cordic_eng_slice_par(p_xdevicef...]
Compiling architecture synth of entity cordic_v6_0_14.cordic_dat_acc_slice_par [\cordic_dat_acc_slice_par(p_xdev...]
Compiling architecture synth of entity cordic_v6_0_14.cordic_eng_slice_par [\cordic_eng_slice_par(p_xdevicef...]
Compiling architecture synth of entity cordic_v6_0_14.cordic_dat_acc_slice_par [\cordic_dat_acc_slice_par(p_xdev...]
Compiling architecture synth of entity cordic_v6_0_14.cordic_eng_slice_par [\cordic_eng_slice_par(p_xdevicef...]
Compiling architecture synth of entity cordic_v6_0_14.cordic_dat_acc_slice_par [\cordic_dat_acc_slice_par(p_xdev...]
Compiling architecture synth of entity cordic_v6_0_14.cordic_eng_slice_par [\cordic_eng_slice_par(p_xdevicef...]
Compiling architecture synth of entity cordic_v6_0_14.cordic_dat_acc_slice_par [\cordic_dat_acc_slice_par(p_xdev...]
Compiling architecture synth of entity cordic_v6_0_14.cordic_eng_slice_par [\cordic_eng_slice_par(p_xdevicef...]
Compiling architecture synth of entity cordic_v6_0_14.cordic_dat_acc_slice_par [\cordic_dat_acc_slice_par(p_xdev...]
Compiling architecture synth of entity cordic_v6_0_14.cordic_eng_slice_par [\cordic_eng_slice_par(p_xdevicef...]
Compiling architecture synth of entity cordic_v6_0_14.cordic_dat_acc_slice_par [\cordic_dat_acc_slice_par(p_xdev...]
Compiling architecture synth of entity cordic_v6_0_14.cordic_eng_slice_par [\cordic_eng_slice_par(p_xdevicef...]
Compiling architecture synth of entity cordic_v6_0_14.cordic_dat_acc_slice_par [\cordic_dat_acc_slice_par(p_xdev...]
Compiling architecture synth of entity cordic_v6_0_14.cordic_eng_slice_par [\cordic_eng_slice_par(p_xdevicef...]
Compiling architecture synth of entity cordic_v6_0_14.cordic_dat_acc_slice_par [\cordic_dat_acc_slice_par(p_xdev...]
Compiling architecture synth of entity cordic_v6_0_14.cordic_eng_slice_par [\cordic_eng_slice_par(p_xdevicef...]
Compiling architecture synth of entity cordic_v6_0_14.cordic_dat_acc_slice_par [\cordic_dat_acc_slice_par(p_xdev...]
Compiling architecture synth of entity cordic_v6_0_14.cordic_eng_slice_par [\cordic_eng_slice_par(p_xdevicef...]
Compiling architecture synth of entity cordic_v6_0_14.cordic_dat_acc_slice_par [\cordic_dat_acc_slice_par(p_xdev...]
Compiling architecture synth of entity cordic_v6_0_14.cordic_eng_slice_par [\cordic_eng_slice_par(p_xdevicef...]
Compiling architecture synth of entity cordic_v6_0_14.cordic_dat_acc_slice_par [\cordic_dat_acc_slice_par(p_xdev...]
Compiling architecture synth of entity cordic_v6_0_14.cordic_eng_slice_par [\cordic_eng_slice_par(p_xdevicef...]
Compiling architecture synth of entity cordic_v6_0_14.cordic_dat_acc_slice_par [\cordic_dat_acc_slice_par(p_xdev...]
Compiling architecture synth of entity cordic_v6_0_14.cordic_eng_slice_par [\cordic_eng_slice_par(p_xdevicef...]
Compiling architecture synth of entity cordic_v6_0_14.cordic_dat_acc_slice_par [\cordic_dat_acc_slice_par(p_xdev...]
Compiling architecture synth of entity cordic_v6_0_14.cordic_eng_slice_par [\cordic_eng_slice_par(p_xdevicef...]
Compiling architecture synth of entity cordic_v6_0_14.cordic_dat_acc_slice_par [\cordic_dat_acc_slice_par(p_xdev...]
Compiling architecture synth of entity cordic_v6_0_14.cordic_eng_slice_par [\cordic_eng_slice_par(p_xdevicef...]
Compiling architecture synth of entity cordic_v6_0_14.cordic_dat_acc_slice_par [\cordic_dat_acc_slice_par(p_xdev...]
Compiling architecture synth of entity cordic_v6_0_14.cordic_eng_slice_par [\cordic_eng_slice_par(p_xdevicef...]
Compiling architecture synth of entity cordic_v6_0_14.cordic_dat_acc_slice_par [\cordic_dat_acc_slice_par(p_xdev...]
Compiling architecture synth of entity cordic_v6_0_14.cordic_eng_slice_par [\cordic_eng_slice_par(p_xdevicef...]
Compiling architecture synth of entity cordic_v6_0_14.cordic_dat_acc_slice_par [\cordic_dat_acc_slice_par(p_xdev...]
Compiling architecture synth of entity cordic_v6_0_14.cordic_eng_slice_par [\cordic_eng_slice_par(p_xdevicef...]
Compiling architecture synth of entity cordic_v6_0_14.cordic_eng [\cordic_eng(p_xdevicefamily="zyn...]
Compiling architecture struct_all of entity cordic_v6_0_14.delay [\delay(delay_len=2,family="zynq"...]
Compiling architecture xilinx of entity mult_gen_v12_0_14.delay_line [\delay_line(c_xdevicefamily="zyn...]
Compiling architecture xilinx of entity mult_gen_v12_0_14.delay_line [\delay_line(c_xdevicefamily="zyn...]
Compiling architecture xilinx of entity mult_gen_v12_0_14.delay_line [\delay_line(c_xdevicefamily="zyn...]
Compiling architecture xilinx of entity mult_gen_v12_0_14.delay_line [\delay_line(c_xdevicefamily="zyn...]
Compiling architecture xilinx of entity mult_gen_v12_0_14.delay_line [\delay_line(c_xdevicefamily="zyn...]
Compiling architecture dsp48e1_v of entity unisim.DSP48E1 [\DSP48E1(alumodereg=0,carryinreg...]
Compiling architecture xilinx of entity mult_gen_v12_0_14.delay_line [\delay_line(c_xdevicefamily="zyn...]
Compiling architecture xilinx of entity mult_gen_v12_0_14.delay_line [\delay_line(c_xdevicefamily="zyn...]
Compiling architecture dsp48e1_v of entity unisim.DSP48E1 [\DSP48E1(a_input="CASCADE",bcasc...]
Compiling architecture dsp48e1_v of entity unisim.DSP48E1 [\DSP48E1(acascreg=2,areg=2,bcasc...]
Compiling architecture xilinx of entity mult_gen_v12_0_14.delay_line [\delay_line(c_xdevicefamily="zyn...]
Compiling architecture dsp48e1_v of entity unisim.DSP48E1 [\DSP48E1(acascreg=2,areg=2,a_inp...]
Compiling architecture xilinx of entity mult_gen_v12_0_14.delay_line [\delay_line(c_xdevicefamily="zyn...]
Compiling architecture xilinx of entity mult_gen_v12_0_14.op_resize [\op_resize(ai_width=29,bi_width=...]
Compiling architecture xilinx of entity mult_gen_v12_0_14.dsp [\dsp(c_xdevicefamily="zynq",c_a_...]
Compiling architecture xilinx of entity mult_gen_v12_0_14.ccm [\ccm(c_xdevicefamily="zynq",c_a_...]
Compiling architecture xilinx of entity mult_gen_v12_0_14.mult_gen_v12_0_14_viv [\mult_gen_v12_0_14_viv(c_verbosi...]
Compiling architecture synth of entity cordic_v6_0_14.cordic_scale [\cordic_scale(p_xdevicefamily="z...]
Compiling architecture struct_all of entity cordic_v6_0_14.delay [\delay(delay_len=6,family="zynq"...]
Compiling architecture struct_all of entity cordic_v6_0_14.delay_bit [\delay_bit(delay_len=6,family="z...]
Compiling architecture structural of entity c_reg_fd_v12_0_5.c_reg_fd_v12_0_5_viv [\c_reg_fd_v12_0_5_viv(c_width=30...]
Compiling architecture rtl of entity c_addsub_v12_0_12.c_addsub_v12_0_12_lut6_legacy [\c_addsub_v12_0_12_lut6_legacy(c...]
Compiling architecture synth of entity c_addsub_v12_0_12.c_addsub_v12_0_12_fabric_legacy [\c_addsub_v12_0_12_fabric_legacy...]
Compiling architecture synth of entity c_addsub_v12_0_12.c_addsub_v12_0_12_legacy [\c_addsub_v12_0_12_legacy(c_fami...]
Compiling architecture synth of entity c_addsub_v12_0_12.c_addsub_v12_0_12_viv [\c_addsub_v12_0_12_viv(c_xdevice...]
Compiling architecture synth of entity cordic_v6_0_14.addsub [\addsub(family="zynq",add_mode=0...]
Compiling architecture synth of entity cordic_v6_0_14.cordic_round [\cordic_round(p_xdevicefamily="z...]
Compiling architecture struct_all of entity cordic_v6_0_14.delay_bit [\delay_bit(delay_len=0,family="z...]
Compiling architecture synth of entity cordic_v6_0_14.cordic_out_config [\cordic_out_config(p_xdevicefami...]
Compiling architecture synth of entity cordic_v6_0_14.cordic_v6_0_14_synth [\cordic_v6_0_14_synth(c_architec...]
Compiling architecture synth of entity cordic_v6_0_14.cordic_v6_0_14_viv [\cordic_v6_0_14_viv(c_architectu...]
Compiling architecture xilinx of entity cordic_v6_0_14.cordic_v6_0_14 [\cordic_v6_0_14(c_architecture=2...]
Compiling architecture cordic_translate_0_arch of entity xil_defaultlib.cordic_translate_0 [cordic_translate_0_default]
Compiling module xil_defaultlib.phase_diff_wrap_default
Compiling module xil_defaultlib.running_stats16_default
Compiling module xil_defaultlib.hist16_snapshot_default
Compiling module xil_defaultlib.psk_spike_detector_default
Compiling module xil_defaultlib.demod_pool_core
Compiling module xil_defaultlib.bpsk_quarter_sine
Compiling module xil_defaultlib.bpsk_nco_lut
Compiling module xil_defaultlib.bpsk_costas_loop
Compiling module xil_defaultlib.bpsk_rate_detector
Compiling module xil_defaultlib.bpsk_timing_recovery
Compiling module xil_defaultlib.bpsk_rx_chain
Compiling module xil_defaultlib.demod_pool_core_bpsk
Compiling module xil_defaultlib.tb_demod_pool_core_bpsk
Compiling module xil_defaultlib.glbl
Built simulation snapshot tb_demod_pool_core_bpsk_behav
run_program: Time (s): cpu = 00:00:02 ; elapsed = 00:00:22 . Memory (MB): peak = 1253.574 ; gain = 3.094
INFO: [USF-XSim-69] 'elaborate' step finished in '21' seconds
INFO: [USF-XSim-4] XSim::Simulate design
INFO: [USF-XSim-61] Executing 'SIMULATE' step in 'F:/Vivado/2023/main/FPGA--main/pl2/2023_step2_by_ygw/2023_step2_by_ygw.sim/sim_1/behav/xsim'
INFO: [USF-XSim-98] *** Running xsim
   with args "tb_demod_pool_core_bpsk_behav -key {Behavioral:sim_1:Functional:tb_demod_pool_core_bpsk} -tclbatch {tb_demod_pool_core_bpsk.tcl} -protoinst "protoinst_files/bd_6f02.protoinst" -protoinst "protoinst_files/design_1.protoinst" -log {simulate.log}"
INFO: [USF-XSim-8] Loading simulator feature
Vivado Simulator 2018.3
INFO: [Wavedata 42-565] Reading protoinst file protoinst_files/bd_6f02.protoinst
WARNING: [Wavedata 42-558] Couldn't load one or more protocol instances from protoinst file protoinst_files/bd_6f02.protoinst for the following reason(s):
There are no instances of module "bd_6f02" in the design.

INFO: [Wavedata 42-565] Reading protoinst file protoinst_files/design_1.protoinst
WARNING: [Wavedata 42-558] Couldn't load one or more protocol instances from protoinst file protoinst_files/design_1.protoinst for the following reason(s):
There are no instances of module "design_1" in the design.

Time resolution is 1 ps
source tb_demod_pool_core_bpsk.tcl
# set curr_wave [current_wave_config]
# if { [string length $curr_wave] == 0 } {
#   if { [llength [get_objects]] > 0} {
#     add_wave /
#     set_property needs_save false [current_wave_config]
#   } else {
#      send_msg_id Add_Wave-1 WARNING "No top level signals found. Simulator will start without a wave window. If you want to open a wave window go to 'File->New Waveform Configuration' or type 'create_wave_config' in the TCL console."
#   }
# }
# run 1000ns
INFO: [USF-XSim-96] XSim completed. Design snapshot 'tb_demod_pool_core_bpsk_behav' loaded.
INFO: [USF-XSim-97] XSim simulation ran for 1000ns
launch_simulation: Time (s): cpu = 00:00:09 ; elapsed = 00:00:29 . Memory (MB): peak = 1253.574 ; gain = 9.316
set_property -name {xsim.simulate.runtime} -value {4ms} -objects [get_filesets sim_1]
relaunch_sim
INFO: [Vivado 12-5698] Checking validity of IPs in the design for the 'XSim' simulator...
Generating merged BMM file for the design top 'tb_demod_pool_core_bpsk'...
INFO: [Vivado 12-5682] Launching behavioral simulation in 'F:/Vivado/2023/main/FPGA--main/pl2/2023_step2_by_ygw/2023_step2_by_ygw.sim/sim_1/behav/xsim'
INFO: [Vivado 12-4795] Using compiled simulation libraries for IPs
INFO: [SIM-utils-51] Simulation object is 'sim_1'
INFO: [USF-XSim-7] Finding pre-compiled libraries...
INFO: [USF-XSim-11] File 'D:/Vivado/2018.3/data/xsim/xsim.ini' copied to run dir:'F:/Vivado/2023/main/FPGA--main/pl2/2023_step2_by_ygw/2023_step2_by_ygw.sim/sim_1/behav/xsim'
INFO: [SIM-utils-50] Design contains embedded sources, generating MEM files for simulation...
Generating merged BMM file for the design top 'tb_demod_pool_core_bpsk'...
Generating merged BMM file for the design top 'tb_demod_pool_core_bpsk'...
INFO: [SIM-utils-54] Inspecting design source files for 'tb_demod_pool_core_bpsk' in fileset 'sim_1'...
INFO: [USF-XSim-97] Finding global include files...
INFO: [USF-XSim-98] Fetching design files from 'sim_1'...
INFO: [USF-XSim-2] XSim::Compile design
INFO: [USF-XSim-61] Executing 'COMPILE and ANALYZE' step in 'F:/Vivado/2023/main/FPGA--main/pl2/2023_step2_by_ygw/2023_step2_by_ygw.sim/sim_1/behav/xsim'
"xvlog --incr --relax -L axi_vip_v1_1_4 -L processing_system7_vip_v1_0_6 -L smartconnect_v1_0 -L xilinx_vip -prj tb_demod_pool_core_bpsk_vlog.prj"
"xvhdl --incr --relax -prj tb_demod_pool_core_bpsk_vhdl.prj"
INFO: [USF-XSim-69] 'compile' step finished in '3' seconds
INFO: [Vivado 12-5698] Checking validity of IPs in the design for the 'XSim' simulator...
Generating merged BMM file for the design top 'tb_demod_pool_core_bpsk'...
INFO: [Vivado 12-5682] Launching behavioral simulation in 'F:/Vivado/2023/main/FPGA--main/pl2/2023_step2_by_ygw/2023_step2_by_ygw.sim/sim_1/behav/xsim'
INFO: [Vivado 12-4795] Using compiled simulation libraries for IPs
INFO: [USF-XSim-3] XSim::Elaborate design
INFO: [USF-XSim-61] Executing 'ELABORATE' step in 'F:/Vivado/2023/main/FPGA--main/pl2/2023_step2_by_ygw/2023_step2_by_ygw.sim/sim_1/behav/xsim'
Vivado Simulator 2018.3
Copyright 1986-1999, 2001-2018 Xilinx, Inc. All Rights Reserved.
Running: D:/Vivado/2018.3/bin/unwrapped/win64.o/xelab.exe -wto dc18f1f8cbe1412b9c853021ea6971ee --incr --debug typical --relax --mt 2 -L xbip_utils_v3_0_9 -L c_reg_fd_v12_0_5 -L xbip_dsp48_wrapper_v3_0_4 -L xbip_pipe_v3_0_5 -L xbip_dsp48_addsub_v3_0_5 -L xbip_addsub_v3_0_5 -L c_addsub_v12_0_12 -L xbip_bram18k_v3_0_5 -L mult_gen_v12_0_14 -L axi_utils_v2_0_5 -L cordic_v6_0_14 -L xil_defaultlib -L xilinx_vip -L unisims_ver -L unimacro_ver -L secureip -L xpm --snapshot tb_demod_pool_core_bpsk_behav xil_defaultlib.tb_demod_pool_core_bpsk xil_defaultlib.glbl -log elaborate.log 
Using 2 slave threads.
Starting static elaboration
Completed static elaboration
INFO: [XSIM 43-4323] No Change in HDL. Linking previously generated obj files to create kernel
run_program: Time (s): cpu = 00:00:00 ; elapsed = 00:00:13 . Memory (MB): peak = 1253.574 ; gain = 0.000
INFO: [USF-XSim-69] 'elaborate' step finished in '12' seconds
launch_simulation: Time (s): cpu = 00:00:00 ; elapsed = 00:00:13 . Memory (MB): peak = 1253.574 ; gain = 0.000
Vivado Simulator 2018.3
INFO: [Wavedata 42-565] Reading protoinst file protoinst_files/bd_6f02.protoinst
WARNING: [Wavedata 42-558] Couldn't load one or more protocol instances from protoinst file protoinst_files/bd_6f02.protoinst for the following reason(s):
There are no instances of module "bd_6f02" in the design.

INFO: [Wavedata 42-565] Reading protoinst file protoinst_files/design_1.protoinst
WARNING: [Wavedata 42-558] Couldn't load one or more protocol instances from protoinst file protoinst_files/design_1.protoinst for the following reason(s):
There are no instances of module "design_1" in the design.

Time resolution is 1 ps
relaunch_sim: Time (s): cpu = 00:00:02 ; elapsed = 00:00:19 . Memory (MB): peak = 1253.574 ; gain = 0.000
set_property top demod_pool_core_bpsk [current_fileset]
update_compile_order -fileset sources_1
close_sim
INFO: [Simtcl 6-16] Simulation closed
launch_simulation
INFO: [Vivado 12-5698] Checking validity of IPs in the design for the 'XSim' simulator...
INFO: [Vivado 12-5682] Launching behavioral simulation in 'F:/Vivado/2023/main/FPGA--main/pl2/2023_step2_by_ygw/2023_step2_by_ygw.sim/sim_1/behav/xsim'
INFO: [Vivado 12-4795] Using compiled simulation libraries for IPs
INFO: [SIM-utils-51] Simulation object is 'sim_1'
INFO: [USF-XSim-7] Finding pre-compiled libraries...
INFO: [USF-XSim-11] File 'D:/Vivado/2018.3/data/xsim/xsim.ini' copied to run dir:'F:/Vivado/2023/main/FPGA--main/pl2/2023_step2_by_ygw/2023_step2_by_ygw.sim/sim_1/behav/xsim'
INFO: [SIM-utils-50] Design contains embedded sources, generating MEM files for simulation...
WARNING: [Memdata 28-176] There are no bmm files or elf files. Therefore Vivado could not produce any .mem files. Check the design for the existence of processors and associated elf files.
INFO: [SIM-utils-54] Inspecting design source files for 'tb_demod_pool_core_bpsk' in fileset 'sim_1'...
INFO: [USF-XSim-97] Finding global include files...
INFO: [USF-XSim-98] Fetching design files from 'sim_1'...
INFO: [USF-XSim-2] XSim::Compile design
INFO: [USF-XSim-61] Executing 'COMPILE and ANALYZE' step in 'F:/Vivado/2023/main/FPGA--main/pl2/2023_step2_by_ygw/2023_step2_by_ygw.sim/sim_1/behav/xsim'
"xvlog --incr --relax -L axi_vip_v1_1_4 -L processing_system7_vip_v1_0_6 -L smartconnect_v1_0 -L xilinx_vip -prj tb_demod_pool_core_bpsk_vlog.prj"
"xvhdl --incr --relax -prj tb_demod_pool_core_bpsk_vhdl.prj"
INFO: [USF-XSim-69] 'compile' step finished in '2' seconds
INFO: [USF-XSim-3] XSim::Elaborate design
INFO: [USF-XSim-61] Executing 'ELABORATE' step in 'F:/Vivado/2023/main/FPGA--main/pl2/2023_step2_by_ygw/2023_step2_by_ygw.sim/sim_1/behav/xsim'
Vivado Simulator 2018.3
Copyright 1986-1999, 2001-2018 Xilinx, Inc. All Rights Reserved.
Running: D:/Vivado/2018.3/bin/unwrapped/win64.o/xelab.exe -wto dc18f1f8cbe1412b9c853021ea6971ee --incr --debug typical --relax --mt 2 -L xbip_utils_v3_0_9 -L c_reg_fd_v12_0_5 -L xbip_dsp48_wrapper_v3_0_4 -L xbip_pipe_v3_0_5 -L xbip_dsp48_addsub_v3_0_5 -L xbip_addsub_v3_0_5 -L c_addsub_v12_0_12 -L xbip_bram18k_v3_0_5 -L mult_gen_v12_0_14 -L axi_utils_v2_0_5 -L cordic_v6_0_14 -L xil_defaultlib -L xilinx_vip -L unisims_ver -L unimacro_ver -L secureip -L xpm --snapshot tb_demod_pool_core_bpsk_behav xil_defaultlib.tb_demod_pool_core_bpsk xil_defaultlib.glbl -log elaborate.log 
Using 2 slave threads.
Starting static elaboration
Completed static elaboration
INFO: [XSIM 43-4323] No Change in HDL. Linking previously generated obj files to create kernel
run_program: Time (s): cpu = 00:00:00 ; elapsed = 00:00:12 . Memory (MB): peak = 1253.574 ; gain = 0.000
INFO: [USF-XSim-69] 'elaborate' step finished in '12' seconds
INFO: [USF-XSim-4] XSim::Simulate design
INFO: [USF-XSim-61] Executing 'SIMULATE' step in 'F:/Vivado/2023/main/FPGA--main/pl2/2023_step2_by_ygw/2023_step2_by_ygw.sim/sim_1/behav/xsim'
INFO: [USF-XSim-98] *** Running xsim
   with args "tb_demod_pool_core_bpsk_behav -key {Behavioral:sim_1:Functional:tb_demod_pool_core_bpsk} -tclbatch {tb_demod_pool_core_bpsk.tcl} -protoinst "protoinst_files/bd_6f02.protoinst" -protoinst "protoinst_files/design_1.protoinst" -log {simulate.log}"
INFO: [USF-XSim-8] Loading simulator feature
Vivado Simulator 2018.3
INFO: [Wavedata 42-565] Reading protoinst file protoinst_files/bd_6f02.protoinst
WARNING: [Wavedata 42-558] Couldn't load one or more protocol instances from protoinst file protoinst_files/bd_6f02.protoinst for the following reason(s):
There are no instances of module "bd_6f02" in the design.

INFO: [Wavedata 42-565] Reading protoinst file protoinst_files/design_1.protoinst
WARNING: [Wavedata 42-558] Couldn't load one or more protocol instances from protoinst file protoinst_files/design_1.protoinst for the following reason(s):
There are no instances of module "design_1" in the design.

Time resolution is 1 ps
source tb_demod_pool_core_bpsk.tcl
# set curr_wave [current_wave_config]
# if { [string length $curr_wave] == 0 } {
#   if { [llength [get_objects]] > 0} {
#     add_wave /
#     set_property needs_save false [current_wave_config]
#   } else {
#      send_msg_id Add_Wave-1 WARNING "No top level signals found. Simulator will start without a wave window. If you want to open a wave window go to 'File->New Waveform Configuration' or type 'create_wave_config' in the TCL console."
#   }
# }
# run 4ms
INTEGRATED accepted=37500 feature=37499 frames=4 spikes=27 code=2 bits=282 min_errors=0
PASS: tb_demod_pool_core_bpsk real CORDIC integration
$finish called at time : 1875920 ns : File "F:/Vivado/2023/main/FPGA--main/pl2/2023_step2_by_ygw/2023_step2_by_ygw.srcs/sim_1/imports/sim/tb_demod_pool_core_bpsk.v" Line 117
run: Time (s): cpu = 00:00:02 ; elapsed = 00:00:18 . Memory (MB): peak = 1253.574 ; gain = 0.000
xsim: Time (s): cpu = 00:00:05 ; elapsed = 00:00:20 . Memory (MB): peak = 1253.574 ; gain = 0.000
INFO: [USF-XSim-96] XSim completed. Design snapshot 'tb_demod_pool_core_bpsk_behav' loaded.
INFO: [USF-XSim-97] XSim simulation ran for 4ms
launch_simulation: Time (s): cpu = 00:00:06 ; elapsed = 00:00:35 . Memory (MB): peak = 1253.574 ; gain = 0.000
archive_project F:/Vivado/2023/main/FPGA--main/pl2/2023_step2_by_ygw.xpr.zip -temp_dir F:/Vivado/2023/main/FPGA--main/pl2/2023_step2_by_ygw/.Xil/Vivado-135084-Y9000P -force -exclude_run_results -include_local_ip_cache
INFO: [Coretcl 2-137] starting archive...
INFO: [Coretcl 2-1499] Saving project copy to temporary location 'F:/Vivado/2023/main/FPGA--main/pl2/2023_step2_by_ygw/.Xil/Vivado-135084-Y9000P' for archiving project
Scanning sources...
Finished scanning sources
INFO: [IP_Flow 19-234] Refreshing IP repositories
INFO: [IP_Flow 19-1704] No user IP repositories specified
INFO: [IP_Flow 19-2313] Loaded Vivado IP repository 'D:/Vivado/2018.3/data/ip'.
INFO: [Coretcl 2-1211] Creating project copy for archival...
INFO: [ProjectBase 1-495] The host OS only allows 260 characters in a normal path. The project is stored in a path with more than 80 characters. If you experience any problem with archiving the project, please consider setting environment variable $TEMP to a shorter path.
Current project path is 'F:/Vivado/2023/main/FPGA--main/pl2/2023_step2_by_ygw/.Xil/Vivado-135084-Y9000P/PrjAr/_X_'.
INFO: [IP_Flow 19-5107] Inferred bus interface 'aresetn' of definition 'xilinx.com:signal:reset:1.0' (from Xilinx Repository).
INFO: [IP_Flow 19-5107] Inferred bus interface 'aclk' of definition 'xilinx.com:signal:clock:1.0' (from Xilinx Repository).
INFO: [IP_Flow 19-4728] Bus Interface 'aresetn': Added interface parameter 'POLARITY' with value 'ACTIVE_LOW'.
INFO: [IP_Flow 19-4728] Bus Interface 'aclk': Added interface parameter 'ASSOCIATED_RESET' with value 'aresetn'.
WARNING: [IP_Flow 19-3153] Bus Interface 'aclk': ASSOCIATED_BUSIF bus parameter is missing.
INFO: [IP_Flow 19-234] Refreshing IP repositories
INFO: [IP_Flow 19-1704] No user IP repositories specified
INFO: [IP_Flow 19-5151] The Range '31:0' is present in all ports of the interface 'bram'. It is assumed that this is meant to declare an array of interface. If this is not the desired behaviour, switch of this feature by disabling the parameter 'ips.enableInterfaceArrayInference'.
INFO: [IP_Flow 19-5107] Inferred bus interface 'aresetn' of definition 'xilinx.com:signal:reset:1.0' (from Xilinx Repository).
INFO: [IP_Flow 19-5107] Inferred bus interface 'aclk' of definition 'xilinx.com:signal:clock:1.0' (from Xilinx Repository).
INFO: [IP_Flow 19-4728] Bus Interface 'aresetn': Added interface parameter 'POLARITY' with value 'ACTIVE_LOW'.
INFO: [IP_Flow 19-4728] Bus Interface 'aclk': Added interface parameter 'ASSOCIATED_RESET' with value 'aresetn'.
WARNING: [IP_Flow 19-3153] Bus Interface 'aclk': ASSOCIATED_BUSIF bus parameter is missing.
INFO: [IP_Flow 19-234] Refreshing IP repositories
INFO: [IP_Flow 19-1704] No user IP repositories specified
INFO: [Coretcl 2-135] resetting runs for excluding generated files from archive...
WARNING: [Coretcl 2-105] Run 'synth_1' is currently active
INFO: [Coretcl 2-133] re-setting run 'synth_1'...
WARNING: [Coretcl 2-105] Run 'design_1_feature_bram_writer_0_0_synth_1' is currently active
INFO: [Coretcl 2-133] re-setting run 'design_1_feature_bram_writer_0_0_synth_1'...
WARNING: [Coretcl 2-105] Run 'design_1_processing_system7_0_0_synth_1' is currently active
INFO: [Coretcl 2-133] re-setting run 'design_1_processing_system7_0_0_synth_1'...
WARNING: [Coretcl 2-105] Run 'design_1_demod_pool_core_0_0_synth_1' is currently active
INFO: [Coretcl 2-133] re-setting run 'design_1_demod_pool_core_0_0_synth_1'...
WARNING: [Coretcl 2-105] Run 'design_1_axi_bram_ctrl_0_0_synth_1' is currently active
INFO: [Coretcl 2-133] re-setting run 'design_1_axi_bram_ctrl_0_0_synth_1'...
WARNING: [Coretcl 2-105] Run 'design_1_axi_smc_1_synth_1' is currently active
INFO: [Coretcl 2-133] re-setting run 'design_1_axi_smc_1_synth_1'...
INFO: [Coretcl 2-133] re-setting run 'impl_1'...
INFO: [Coretcl 2-133] re-setting run 'design_1_feature_bram_writer_0_0_impl_1'...
INFO: [Coretcl 2-133] re-setting run 'design_1_processing_system7_0_0_impl_1'...
INFO: [Coretcl 2-133] re-setting run 'design_1_demod_pool_core_0_0_impl_1'...
INFO: [Coretcl 2-133] re-setting run 'design_1_axi_bram_ctrl_0_0_impl_1'...
INFO: [Coretcl 2-133] re-setting run 'design_1_axi_smc_1_impl_1'...
INFO: [Coretcl 2-1212] Importing remotely added design sources and verilog include files (if any)...
INFO: [filemgmt 20-334] All file(s) are already imported in fileset: 'design_1_axi_bram_ctrl_0_0'
INFO: [filemgmt 20-348] Importing the appropriate files for fileset: 'design_1_axi_bram_ctrl_0_0'
INFO: [filemgmt 20-334] All file(s) are already imported in fileset: 'design_1_axi_smc_1'
INFO: [filemgmt 20-348] Importing the appropriate files for fileset: 'design_1_axi_smc_1'
INFO: [filemgmt 20-334] All file(s) are already imported in fileset: 'design_1_demod_pool_core_0_0'
INFO: [filemgmt 20-348] Importing the appropriate files for fileset: 'design_1_demod_pool_core_0_0'
INFO: [filemgmt 20-334] All file(s) are already imported in fileset: 'design_1_feature_bram_writer_0_0'
INFO: [filemgmt 20-348] Importing the appropriate files for fileset: 'design_1_feature_bram_writer_0_0'
INFO: [filemgmt 20-334] All file(s) are already imported in fileset: 'design_1_processing_system7_0_0'
INFO: [filemgmt 20-348] Importing the appropriate files for fileset: 'design_1_processing_system7_0_0'
INFO: [filemgmt 20-334] All file(s) are already imported in fileset: 'sim_1'
INFO: [filemgmt 20-348] Importing the appropriate files for fileset: 'sim_1'
INFO: [filemgmt 20-334] All file(s) are already imported in fileset: 'sources_1'
INFO: [filemgmt 20-348] Importing the appropriate files for fileset: 'sources_1'
INFO: [Coretcl 2-1209] Adding archive summary file to the project...
INFO: [Coretcl 2-1214] Preparing project files for archive...
INFO: [Coretcl 2-1210] Compressing project files and data...
INFO: [Coretcl 2-1215] Project archived (F:/Vivado/2023/main/FPGA--main/pl2/2023_step2_by_ygw.xpr.zip)
INFO: [Coretcl 2-1216] To view the archive summary log in GUI, double click on 'Design Sources->Text->archive_project_summary.txt', or open this file from the archived project directory.
archive_project: Time (s): cpu = 00:00:07 ; elapsed = 00:00:24 . Memory (MB): peak = 1253.574 ; gain = 0.000
close_sim
INFO: [Simtcl 6-16] Simulation closed
exit
INFO: [Common 17-206] Exiting Vivado at Sat Jul 25 01:00:38 2026...
