15:42:09 INFO  : Registering command handlers for SDK TCF services
15:42:09 INFO  : Launching XSCT server: xsct.bat -interactive F:\College\verilog_digital_system\Xilinx\2023_step2_by_ygw_v5\2023_step2_by_ygw.sdk\temp_xsdb_launch_script.tcl
15:42:11 INFO  : XSCT server has started successfully.
15:42:11 INFO  : Successfully done setting XSCT server connection channel  
15:42:11 INFO  : Successfully done setting SDK workspace  
15:42:11 INFO  : Processing command line option -hwspec F:/College/verilog_digital_system/Xilinx/2023_step2_by_ygw_v5/2023_step2_by_ygw.sdk/design_1_wrapper.hdf.
03:50:55 INFO  : Registering command handlers for SDK TCF services
03:50:56 INFO  : Launching XSCT server: xsct.bat -interactive F:\College\verilog_digital_system\Xilinx\2023_step2_by_ygw_v5\2023_step2_by_ygw.sdk\temp_xsdb_launch_script.tcl
03:50:57 INFO  : XSCT server has started successfully.
03:50:57 INFO  : Successfully done setting XSCT server connection channel  
03:50:57 INFO  : Successfully done setting SDK workspace  
03:50:57 INFO  : Processing command line option -hwspec F:/College/verilog_digital_system/Xilinx/2023_step2_by_ygw_v5/2023_step2_by_ygw.sdk/design_1_wrapper.hdf.
03:50:57 INFO  : Checking for hwspec changes in the project design_1_wrapper_hw_platform_0.
03:50:58 INFO  : SDK has detected change in the last modified timestamps for source hardware specification file Source:1785095413142,  Project:1785051482508
03:50:58 INFO  : The hardware specification for project 'design_1_wrapper_hw_platform_0' is different from F:/College/verilog_digital_system/Xilinx/2023_step2_by_ygw_v5/2023_step2_by_ygw.sdk/design_1_wrapper.hdf.
03:50:58 INFO  : Copied contents of F:/College/verilog_digital_system/Xilinx/2023_step2_by_ygw_v5/2023_step2_by_ygw.sdk/design_1_wrapper.hdf into \design_1_wrapper_hw_platform_0\system.hdf.
03:51:00 INFO  : Synchronizing projects in the workspace with the hardware platform specification changes.
03:51:01 INFO  : 
03:51:02 INFO  : Updating hardware inferred compiler options for sdr.
03:51:02 INFO  : Clearing existing target manager status.
03:51:02 INFO  : Workspace synchronized with the new hardware specification file. Cleaning dependent projects...
03:51:03 WARN  : Linker script will not be updated automatically. Users need to update it manually.
14:11:48 INFO  : Registering command handlers for SDK TCF services
14:11:48 INFO  : Launching XSCT server: xsct.bat -interactive F:\College\verilog_digital_system\Xilinx\2023_step2_by_ygw_v5\2023_step2_by_ygw.sdk\temp_xsdb_launch_script.tcl
14:11:50 INFO  : XSCT server has started successfully.
14:11:51 INFO  : Successfully done setting XSCT server connection channel  
14:11:51 INFO  : Successfully done setting SDK workspace  
14:11:51 INFO  : Processing command line option -hwspec F:/College/verilog_digital_system/Xilinx/2023_step2_by_ygw_v5/2023_step2_by_ygw.sdk/design_1_wrapper.hdf.
14:11:51 INFO  : Checking for hwspec changes in the project design_1_wrapper_hw_platform_0.
