#-----------------------------------------------------------
# Vivado v2018.3 (64-bit)
# SW Build 2405991 on Thu Dec  6 23:38:27 MST 2018
# IP Build 2404404 on Fri Dec  7 01:43:56 MST 2018
# Start of session at: Sat Jul 25 12:50:39 2026
# Process ID: 114840
# Current directory: F:/Vivado/2023/main/FPGA--main/pl整合/2023_step2_by_ygw
# Command line: vivado.exe -mode batch -source .\add_bpsk_ila.tcl -log .\add_bpsk_ila_rerun.log -journal .\add_bpsk_ila_rerun.jou
# Log file: F:/Vivado/2023/main/FPGA--main/pl整合/2023_step2_by_ygw/./add_bpsk_ila_rerun.log
# Journal file: F:/Vivado/2023/main/FPGA--main/pl整合/2023_step2_by_ygw\.\add_bpsk_ila_rerun.jou
#-----------------------------------------------------------
CRITICAL WARNING: [Common 17-741] No write access right to the local Tcl store at 'C'. XilinxTclStore is reverted to the installation area. If you want to use local Tcl Store, please change the access right and relaunch Vivado.
WARNING: [Common 17-1509] Migration of commands.paini file failed with error : boost::filesystem::directory_iterator::construct
source {.\add_bpsk_ila.tcl}
# set script_dir [file dirname [file normalize [info script]]]
# set project_file [file join $script_dir 2023_step2_by_ygw.xpr]
# open_project $project_file
Scanning sources...
Finished scanning sources
INFO: [IP_Flow 19-234] Refreshing IP repositories
INFO: [IP_Flow 19-1704] No user IP repositories specified
INFO: [IP_Flow 19-2313] Loaded Vivado IP repository 'D:/xlinks/Vivado/2018.3/data/ip'.
WARNING: [IP_Flow 19-3664] IP 'design_1_feature_bram_writer_0_0' generated file not found 'f:/Vivado/2023/main/FPGA--main/pl整合/2023_step2_by_ygw/2023_step2_by_ygw.srcs/sources_1/bd/design_1/ip/design_1_feature_bram_writer_0_0/design_1_feature_bram_writer_0_0.dcp'. Please regenerate to continue.
WARNING: [IP_Flow 19-3664] IP 'design_1_feature_bram_writer_0_0' generated file not found 'f:/Vivado/2023/main/FPGA--main/pl整合/2023_step2_by_ygw/2023_step2_by_ygw.srcs/sources_1/bd/design_1/ip/design_1_feature_bram_writer_0_0/design_1_feature_bram_writer_0_0_stub.v'. Please regenerate to continue.
WARNING: [IP_Flow 19-3664] IP 'design_1_feature_bram_writer_0_0' generated file not found 'f:/Vivado/2023/main/FPGA--main/pl整合/2023_step2_by_ygw/2023_step2_by_ygw.srcs/sources_1/bd/design_1/ip/design_1_feature_bram_writer_0_0/design_1_feature_bram_writer_0_0_stub.vhdl'. Please regenerate to continue.
WARNING: [IP_Flow 19-3664] IP 'design_1_feature_bram_writer_0_0' generated file not found 'f:/Vivado/2023/main/FPGA--main/pl整合/2023_step2_by_ygw/2023_step2_by_ygw.srcs/sources_1/bd/design_1/ip/design_1_feature_bram_writer_0_0/design_1_feature_bram_writer_0_0_sim_netlist.v'. Please regenerate to continue.
WARNING: [IP_Flow 19-3664] IP 'design_1_feature_bram_writer_0_0' generated file not found 'f:/Vivado/2023/main/FPGA--main/pl整合/2023_step2_by_ygw/2023_step2_by_ygw.srcs/sources_1/bd/design_1/ip/design_1_feature_bram_writer_0_0/design_1_feature_bram_writer_0_0_sim_netlist.vhdl'. Please regenerate to continue.
WARNING: [IP_Flow 19-3664] IP 'design_1_ddc_stage1_pl2_top_0_0' generated file not found 'f:/Vivado/2023/main/FPGA--main/pl整合/2023_step2_by_ygw/2023_step2_by_ygw.srcs/sources_1/bd/design_1/ip/design_1_ddc_stage1_pl2_top_0_0/design_1_ddc_stage1_pl2_top_0_0.dcp'. Please regenerate to continue.
WARNING: [IP_Flow 19-3664] IP 'design_1_ddc_stage1_pl2_top_0_0' generated file not found 'f:/Vivado/2023/main/FPGA--main/pl整合/2023_step2_by_ygw/2023_step2_by_ygw.srcs/sources_1/bd/design_1/ip/design_1_ddc_stage1_pl2_top_0_0/design_1_ddc_stage1_pl2_top_0_0_stub.v'. Please regenerate to continue.
WARNING: [IP_Flow 19-3664] IP 'design_1_ddc_stage1_pl2_top_0_0' generated file not found 'f:/Vivado/2023/main/FPGA--main/pl整合/2023_step2_by_ygw/2023_step2_by_ygw.srcs/sources_1/bd/design_1/ip/design_1_ddc_stage1_pl2_top_0_0/design_1_ddc_stage1_pl2_top_0_0_stub.vhdl'. Please regenerate to continue.
WARNING: [IP_Flow 19-3664] IP 'design_1_ddc_stage1_pl2_top_0_0' generated file not found 'f:/Vivado/2023/main/FPGA--main/pl整合/2023_step2_by_ygw/2023_step2_by_ygw.srcs/sources_1/bd/design_1/ip/design_1_ddc_stage1_pl2_top_0_0/design_1_ddc_stage1_pl2_top_0_0_sim_netlist.v'. Please regenerate to continue.
WARNING: [IP_Flow 19-3664] IP 'design_1_ddc_stage1_pl2_top_0_0' generated file not found 'f:/Vivado/2023/main/FPGA--main/pl整合/2023_step2_by_ygw/2023_step2_by_ygw.srcs/sources_1/bd/design_1/ip/design_1_ddc_stage1_pl2_top_0_0/design_1_ddc_stage1_pl2_top_0_0_sim_netlist.vhdl'. Please regenerate to continue.
WARNING: [IP_Flow 19-3664] IP 'design_1_ad9226_stage1_driver_0_0' generated file not found 'f:/Vivado/2023/main/FPGA--main/pl整合/2023_step2_by_ygw/2023_step2_by_ygw.srcs/sources_1/bd/design_1/ip/design_1_ad9226_stage1_driver_0_0/design_1_ad9226_stage1_driver_0_0.dcp'. Please regenerate to continue.
WARNING: [IP_Flow 19-3664] IP 'design_1_ad9226_stage1_driver_0_0' generated file not found 'f:/Vivado/2023/main/FPGA--main/pl整合/2023_step2_by_ygw/2023_step2_by_ygw.srcs/sources_1/bd/design_1/ip/design_1_ad9226_stage1_driver_0_0/design_1_ad9226_stage1_driver_0_0_stub.v'. Please regenerate to continue.
WARNING: [IP_Flow 19-3664] IP 'design_1_ad9226_stage1_driver_0_0' generated file not found 'f:/Vivado/2023/main/FPGA--main/pl整合/2023_step2_by_ygw/2023_step2_by_ygw.srcs/sources_1/bd/design_1/ip/design_1_ad9226_stage1_driver_0_0/design_1_ad9226_stage1_driver_0_0_stub.vhdl'. Please regenerate to continue.
WARNING: [IP_Flow 19-3664] IP 'design_1_ad9226_stage1_driver_0_0' generated file not found 'f:/Vivado/2023/main/FPGA--main/pl整合/2023_step2_by_ygw/2023_step2_by_ygw.srcs/sources_1/bd/design_1/ip/design_1_ad9226_stage1_driver_0_0/design_1_ad9226_stage1_driver_0_0_sim_netlist.v'. Please regenerate to continue.
WARNING: [IP_Flow 19-3664] IP 'design_1_ad9226_stage1_driver_0_0' generated file not found 'f:/Vivado/2023/main/FPGA--main/pl整合/2023_step2_by_ygw/2023_step2_by_ygw.srcs/sources_1/bd/design_1/ip/design_1_ad9226_stage1_driver_0_0/design_1_ad9226_stage1_driver_0_0_sim_netlist.vhdl'. Please regenerate to continue.
WARNING: [IP_Flow 19-3664] IP 'design_1_demod_pool_core_bpsk_0_0' generated file not found 'f:/Vivado/2023/main/FPGA--main/pl整合/2023_step2_by_ygw/2023_step2_by_ygw.srcs/sources_1/bd/design_1/ip/design_1_demod_pool_core_bpsk_0_0/design_1_demod_pool_core_bpsk_0_0.dcp'. Please regenerate to continue.
WARNING: [IP_Flow 19-3664] IP 'design_1_demod_pool_core_bpsk_0_0' generated file not found 'f:/Vivado/2023/main/FPGA--main/pl整合/2023_step2_by_ygw/2023_step2_by_ygw.srcs/sources_1/bd/design_1/ip/design_1_demod_pool_core_bpsk_0_0/design_1_demod_pool_core_bpsk_0_0_stub.v'. Please regenerate to continue.
WARNING: [IP_Flow 19-3664] IP 'design_1_demod_pool_core_bpsk_0_0' generated file not found 'f:/Vivado/2023/main/FPGA--main/pl整合/2023_step2_by_ygw/2023_step2_by_ygw.srcs/sources_1/bd/design_1/ip/design_1_demod_pool_core_bpsk_0_0/design_1_demod_pool_core_bpsk_0_0_stub.vhdl'. Please regenerate to continue.
WARNING: [IP_Flow 19-3664] IP 'design_1_demod_pool_core_bpsk_0_0' generated file not found 'f:/Vivado/2023/main/FPGA--main/pl整合/2023_step2_by_ygw/2023_step2_by_ygw.srcs/sources_1/bd/design_1/ip/design_1_demod_pool_core_bpsk_0_0/design_1_demod_pool_core_bpsk_0_0_sim_netlist.v'. Please regenerate to continue.
WARNING: [IP_Flow 19-3664] IP 'design_1_demod_pool_core_bpsk_0_0' generated file not found 'f:/Vivado/2023/main/FPGA--main/pl整合/2023_step2_by_ygw/2023_step2_by_ygw.srcs/sources_1/bd/design_1/ip/design_1_demod_pool_core_bpsk_0_0/design_1_demod_pool_core_bpsk_0_0_sim_netlist.vhdl'. Please regenerate to continue.
open_project: Time (s): cpu = 00:00:04 ; elapsed = 00:00:06 . Memory (MB): peak = 423.129 ; gain = 164.934
# open_bd_design [get_files design_1.bd]
Adding cell -- xilinx.com:ip:processing_system7:5.5 - processing_system7_0
Adding cell -- xilinx.com:ip:axi_bram_ctrl:4.1 - axi_bram_ctrl_0
Adding cell -- xilinx.com:ip:blk_mem_gen:8.4 - blk_mem_gen_0
Adding cell -- xilinx.com:ip:proc_sys_reset:5.0 - rst_ps7_0_60M
Adding cell -- xilinx.com:ip:smartconnect:1.0 - axi_smc
Adding cell -- xilinx.com:ip:xlconstant:1.1 - xlconstant_0
Adding cell -- xilinx.com:ip:xlconstant:1.1 - xlconstant_1
Adding cell -- xilinx.com:ip:clk_wiz:6.0 - clk_wiz_0
Adding cell -- xilinx.com:ip:util_vector_logic:2.0 - util_vector_logic_0
Adding cell -- xilinx.com:ip:util_vector_logic:2.0 - util_vector_logic_1
Adding cell -- xilinx.com:ip:proc_sys_reset:5.0 - rst_sample_60M
Adding cell -- xilinx.com:module_ref:feature_bram_writer:1.0 - feature_bram_writer_0
Adding cell -- xilinx.com:module_ref:ddc_stage1_pl2_top:1.0 - ddc_stage1_pl2_top_0
Adding cell -- xilinx.com:module_ref:ad9226_stage1_driver:1.0 - ad9226_stage1_driver_0
Adding cell -- xilinx.com:module_ref:demod_pool_core_bpsk:1.0 - demod_pool_core_bpsk_0
Adding cell -- xilinx.com:ip:ila:6.2 - ila_bpsk_0
INFO: [xilinx.com:ip:ila:6.2-6] /ila_bpsk_0: Xilinx recommends using the System ILA IP in IP Integrator. The System ILA IP is functionally equivalent to an ILA and offers additional benefits in debugging interfaces both within IP Integrator and the Hardware Manager. Consult the Programming and Debug User Guide UG908 for further details.
Successfully read diagram <design_1> from BD file <F:/Vivado/2023/main/FPGA--main/pl整合/2023_step2_by_ygw/2023_step2_by_ygw.srcs/sources_1/bd/design_1/design_1.bd>
# set bpsk_cell [get_bd_cells -quiet demod_pool_core_bpsk_0]
# if {[llength $bpsk_cell] != 1} {
#     error "Expected exactly one BD cell named demod_pool_core_bpsk_0"
# }
# if {[llength [get_bd_cells -quiet ila_bpsk_0]] == 0} {
#     create_bd_cell -type ip -vlnv xilinx.com:ip:ila:6.2 ila_bpsk_0
# }
# set_property -dict [list \
#     CONFIG.C_MON_TYPE {NATIVE} \
#     CONFIG.C_NUM_OF_PROBES {8} \
#     CONFIG.C_DATA_DEPTH {8192} \
#     CONFIG.C_INPUT_PIPE_STAGES {0} \
#     CONFIG.C_ADV_TRIGGER {false} \
#     CONFIG.C_PROBE0_WIDTH {1} \
#     CONFIG.C_PROBE1_WIDTH {1} \
#     CONFIG.C_PROBE2_WIDTH {2} \
#     CONFIG.C_PROBE3_WIDTH {1} \
#     CONFIG.C_PROBE4_WIDTH {1} \
#     CONFIG.C_PROBE5_WIDTH {1} \
#     CONFIG.C_PROBE6_WIDTH {16} \
#     CONFIG.C_PROBE7_WIDTH {1}] [get_bd_cells ila_bpsk_0]
CRITICAL WARNING: [BD 41-1276] Cannot set the parameter C_MON_TYPE on /ila_bpsk_0. Parameter does not exist
# proc connect_once {src dst} {
#     set dst_pin [get_bd_pins $dst]
#     if {[llength [get_bd_nets -quiet -of_objects $dst_pin]] == 0} {
#         connect_bd_net [get_bd_pins $src] $dst_pin
#     }
# }
# connect_once clk_wiz_0/clk_out2                       ila_bpsk_0/clk
# connect_once demod_pool_core_bpsk_0/bpsk_carrier_locked ila_bpsk_0/probe0
# connect_once demod_pool_core_bpsk_0/bpsk_timing_locked  ila_bpsk_0/probe1
# connect_once demod_pool_core_bpsk_0/bpsk_rate_code      ila_bpsk_0/probe2
# connect_once demod_pool_core_bpsk_0/bpsk_bit_data       ila_bpsk_0/probe3
# connect_once demod_pool_core_bpsk_0/bpsk_bit_valid      ila_bpsk_0/probe4
# connect_once demod_pool_core_bpsk_0/bpsk_symbol_strobe  ila_bpsk_0/probe5
# connect_once demod_pool_core_bpsk_0/bpsk_nrz_out        ila_bpsk_0/probe6
# connect_once demod_pool_core_bpsk_0/bpsk_sample_valid   ila_bpsk_0/probe7
# connect_once feature_bram_writer_0/hist_mag_rd_addr demod_pool_core_bpsk_0/hist_mag_rd_addr
# connect_once feature_bram_writer_0/hist_freq_rd_addr demod_pool_core_bpsk_0/hist_freq_rd_addr
# validate_bd_design
WARNING: [BD 41-2180] Resetting the memory initialization file of </blk_mem_gen_0> to default.
WARNING: [BD 41-927] Following properties on pin /feature_bram_writer_0/aclk have been updated from connected ip. They may not be synchronized with cell properties. You can set property on pin directly to confirm the value and resolve the warning.
	CLK_DOMAIN=/clk_wiz_0_clk_out1 
WARNING: [BD 41-927] Following properties on pin /ddc_stage1_pl2_top_0/aclk have been updated from connected ip. They may not be synchronized with cell properties. You can set property on pin directly to confirm the value and resolve the warning.
	CLK_DOMAIN=/clk_wiz_0_clk_out1 
WARNING: [BD 41-927] Following properties on pin /ad9226_stage1_driver_0/clk_60m_adc have been updated from connected ip. They may not be synchronized with cell properties. You can set property on pin directly to confirm the value and resolve the warning.
	CLK_DOMAIN=/clk_wiz_0_clk_out1 
WARNING: [BD 41-927] Following properties on pin /ad9226_stage1_driver_0/clk_60m_sample have been updated from connected ip. They may not be synchronized with cell properties. You can set property on pin directly to confirm the value and resolve the warning.
	CLK_DOMAIN=/clk_wiz_0_clk_out1 
WARNING: [BD 41-927] Following properties on pin /ad9226_stage1_driver_0/ad_clk have been updated from connected ip. They may not be synchronized with cell properties. You can set property on pin directly to confirm the value and resolve the warning.
	CLK_DOMAIN=design_1_ad9226_stage1_driver_0_0_ad_clk 
WARNING: [BD 41-927] Following properties on pin /demod_pool_core_bpsk_0/aclk have been updated from connected ip. They may not be synchronized with cell properties. You can set property on pin directly to confirm the value and resolve the warning.
	CLK_DOMAIN=design_1_processing_system7_0_0_FCLK_CLK0 
validate_bd_design: Time (s): cpu = 00:00:02 ; elapsed = 00:00:06 . Memory (MB): peak = 493.164 ; gain = 53.711
# save_bd_design
Wrote  : <F:\Vivado\2023\main\FPGA--main\pl整合\2023_step2_by_ygw\2023_step2_by_ygw.srcs\sources_1\bd\design_1\design_1.bd> 
# generate_target all [get_files design_1.bd]
INFO: [BD 41-1662] The design 'design_1.bd' is already validated. Therefore parameter propagation will not be re-run.
WARNING: [BD 41-2180] Resetting the memory initialization file of </blk_mem_gen_0> to default.
WARNING: [BD 41-235] Width mismatch when connecting pin: '/blk_mem_gen_0/addra'(32) to net 'axi_bram_ctrl_0_BRAM_PORTA_ADDR'(13) - Only lower order bits will be connected.
VHDL Output written to : F:/Vivado/2023/main/FPGA--main/pl整合/2023_step2_by_ygw/2023_step2_by_ygw.srcs/sources_1/bd/design_1/synth/design_1.v
WARNING: [BD 41-235] Width mismatch when connecting pin: '/blk_mem_gen_0/addra'(32) to net 'axi_bram_ctrl_0_BRAM_PORTA_ADDR'(13) - Only lower order bits will be connected.
VHDL Output written to : F:/Vivado/2023/main/FPGA--main/pl整合/2023_step2_by_ygw/2023_step2_by_ygw.srcs/sources_1/bd/design_1/sim/design_1.v
VHDL Output written to : F:/Vivado/2023/main/FPGA--main/pl整合/2023_step2_by_ygw/2023_step2_by_ygw.srcs/sources_1/bd/design_1/hdl/design_1_wrapper.v
INFO: [BD 41-1029] Generation completed for the IP Integrator block feature_bram_writer_0 .
INFO: [BD 41-1029] Generation completed for the IP Integrator block processing_system7_0 .
INFO: [BD 41-1029] Generation completed for the IP Integrator block axi_bram_ctrl_0 .
INFO: [BD 41-1029] Generation completed for the IP Integrator block blk_mem_gen_0 .
INFO: [BD 41-1029] Generation completed for the IP Integrator block rst_ps7_0_60M .
Exporting to file f:/Vivado/2023/main/FPGA--main/pl整合/2023_step2_by_ygw/2023_step2_by_ygw.srcs/sources_1/bd/design_1/ip/design_1_axi_smc_1/bd_0/hw_handoff/design_1_axi_smc_1.hwh
Generated Block Design Tcl file f:/Vivado/2023/main/FPGA--main/pl整合/2023_step2_by_ygw/2023_step2_by_ygw.srcs/sources_1/bd/design_1/ip/design_1_axi_smc_1/bd_0/hw_handoff/design_1_axi_smc_1_bd.tcl
Generated Hardware Definition File f:/Vivado/2023/main/FPGA--main/pl整合/2023_step2_by_ygw/2023_step2_by_ygw.srcs/sources_1/bd/design_1/ip/design_1_axi_smc_1/bd_0/synth/design_1_axi_smc_1.hwdef
INFO: [BD 41-1029] Generation completed for the IP Integrator block axi_smc .
INFO: [BD 41-1029] Generation completed for the IP Integrator block xlconstant_0 .
INFO: [BD 41-1029] Generation completed for the IP Integrator block xlconstant_1 .
INFO: [BD 41-1029] Generation completed for the IP Integrator block ddc_stage1_pl2_top_0 .
INFO: [BD 41-1029] Generation completed for the IP Integrator block ad9226_stage1_driver_0 .
INFO: [BD 41-1029] Generation completed for the IP Integrator block clk_wiz_0 .
INFO: [BD 41-1029] Generation completed for the IP Integrator block util_vector_logic_0 .
INFO: [BD 41-1029] Generation completed for the IP Integrator block util_vector_logic_1 .
INFO: [BD 41-1029] Generation completed for the IP Integrator block rst_sample_60M .
INFO: [BD 41-1029] Generation completed for the IP Integrator block demod_pool_core_bpsk_0 .
INFO: [BD 41-1029] Generation completed for the IP Integrator block ila_bpsk_0 .
Exporting to file F:/Vivado/2023/main/FPGA--main/pl整合/2023_step2_by_ygw/2023_step2_by_ygw.srcs/sources_1/bd/design_1/hw_handoff/design_1.hwh
Generated Block Design Tcl file F:/Vivado/2023/main/FPGA--main/pl整合/2023_step2_by_ygw/2023_step2_by_ygw.srcs/sources_1/bd/design_1/hw_handoff/design_1_bd.tcl
Generated Hardware Definition File F:/Vivado/2023/main/FPGA--main/pl整合/2023_step2_by_ygw/2023_step2_by_ygw.srcs/sources_1/bd/design_1/synth/design_1.hwdef
generate_target: Time (s): cpu = 00:00:02 ; elapsed = 00:00:05 . Memory (MB): peak = 665.316 ; gain = 151.574
# set wrapper_files [make_wrapper -files [get_files design_1.bd] -top]
# if {[llength $wrapper_files] != 0} {
#     add_files -norecurse $wrapper_files
# }
WARNING: [filemgmt 56-12] File 'F:/Vivado/2023/main/FPGA--main/pl整合/2023_step2_by_ygw/2023_step2_by_ygw.srcs/sources_1/bd/design_1/hdl/design_1_wrapper.v' cannot be added to the project because it already exists in the project, skipping this file
# update_compile_order -fileset sources_1
# close_project
# puts "PASS: ila_bpsk_0 added, connected, and BD validated"
PASS: ila_bpsk_0 added, connected, and BD validated
INFO: [Common 17-206] Exiting Vivado at Sat Jul 25 12:51:07 2026...
