#-----------------------------------------------------------
# Vivado v2018.3 (64-bit)
# SW Build 2405991 on Thu Dec  6 23:38:27 MST 2018
# IP Build 2404404 on Fri Dec  7 01:43:56 MST 2018
# Start of session at: Sat Jul 25 16:48:54 2026
# Process ID: 39192
# Current directory: F:/Vivado/2023_pl_new/2023_step2_by_ygw
# Command line: vivado.exe -mode batch -source F:\Vivado\2023_pl_new\2023_step2_by_ygw\fix_bpsk_clk_reset.tcl -log F:\Vivado\2023_pl_new\2023_step2_by_ygw\fix_bpsk_clk_reset_final.log -journal F:\Vivado\2023_pl_new\2023_step2_by_ygw\fix_bpsk_clk_reset_final.jou
# Log file: F:/Vivado/2023_pl_new/2023_step2_by_ygw/fix_bpsk_clk_reset_final.log
# Journal file: F:\Vivado\2023_pl_new\2023_step2_by_ygw\fix_bpsk_clk_reset_final.jou
#-----------------------------------------------------------
source {F:\Vivado\2023_pl_new\2023_step2_by_ygw\fix_bpsk_clk_reset.tcl}
# set project_file {F:/Vivado/2023_pl_new/2023_step2_by_ygw/2023_step2_by_ygw.xpr}
# set bd_file_pattern {*/design_1.bd}
# proc reconnect_pin {pin_name source_pin_name} {
#     set pin_obj [get_bd_pins $pin_name]
#     set source_pin_obj [get_bd_pins $source_pin_name]
#     set wanted_net [get_bd_nets -of_objects $source_pin_obj]
#     set old_net [get_bd_nets -quiet -of_objects $pin_obj]
#     if {[llength $wanted_net] != 1} {
#         error "Expected one net on $source_pin_name, got: $wanted_net"
#     }
#     if {[llength $old_net] == 1 && $old_net ne $wanted_net} {
#         disconnect_bd_net $old_net $pin_obj
#     }
#     if {[llength [get_bd_nets -quiet -of_objects $pin_obj]] == 0} {
#         connect_bd_net $wanted_net $pin_obj
#     }
#     puts "CODEX_CONNECTED $pin_name -> [get_property NAME $wanted_net]"
# }
# open_project $project_file
Scanning sources...
Finished scanning sources
INFO: [IP_Flow 19-234] Refreshing IP repositories
INFO: [IP_Flow 19-1704] No user IP repositories specified
INFO: [IP_Flow 19-2313] Loaded Vivado IP repository 'D:/xlinks/Vivado/2018.3/data/ip'.
WARNING: [IP_Flow 19-3664] IP 'design_1_feature_bram_writer_0_0' generated file not found 'f:/Vivado/2023_pl_new/2023_step2_by_ygw/2023_step2_by_ygw.srcs/sources_1/bd/design_1/ip/design_1_feature_bram_writer_0_0/design_1_feature_bram_writer_0_0.dcp'. Please regenerate to continue.
WARNING: [IP_Flow 19-3664] IP 'design_1_feature_bram_writer_0_0' generated file not found 'f:/Vivado/2023_pl_new/2023_step2_by_ygw/2023_step2_by_ygw.srcs/sources_1/bd/design_1/ip/design_1_feature_bram_writer_0_0/design_1_feature_bram_writer_0_0_stub.v'. Please regenerate to continue.
WARNING: [IP_Flow 19-3664] IP 'design_1_feature_bram_writer_0_0' generated file not found 'f:/Vivado/2023_pl_new/2023_step2_by_ygw/2023_step2_by_ygw.srcs/sources_1/bd/design_1/ip/design_1_feature_bram_writer_0_0/design_1_feature_bram_writer_0_0_stub.vhdl'. Please regenerate to continue.
WARNING: [IP_Flow 19-3664] IP 'design_1_feature_bram_writer_0_0' generated file not found 'f:/Vivado/2023_pl_new/2023_step2_by_ygw/2023_step2_by_ygw.srcs/sources_1/bd/design_1/ip/design_1_feature_bram_writer_0_0/design_1_feature_bram_writer_0_0_sim_netlist.v'. Please regenerate to continue.
WARNING: [IP_Flow 19-3664] IP 'design_1_feature_bram_writer_0_0' generated file not found 'f:/Vivado/2023_pl_new/2023_step2_by_ygw/2023_step2_by_ygw.srcs/sources_1/bd/design_1/ip/design_1_feature_bram_writer_0_0/design_1_feature_bram_writer_0_0_sim_netlist.vhdl'. Please regenerate to continue.
WARNING: [IP_Flow 19-3664] IP 'design_1_ddc_stage1_pl2_top_0_0' generated file not found 'f:/Vivado/2023_pl_new/2023_step2_by_ygw/2023_step2_by_ygw.srcs/sources_1/bd/design_1/ip/design_1_ddc_stage1_pl2_top_0_0/design_1_ddc_stage1_pl2_top_0_0.dcp'. Please regenerate to continue.
WARNING: [IP_Flow 19-3664] IP 'design_1_ddc_stage1_pl2_top_0_0' generated file not found 'f:/Vivado/2023_pl_new/2023_step2_by_ygw/2023_step2_by_ygw.srcs/sources_1/bd/design_1/ip/design_1_ddc_stage1_pl2_top_0_0/design_1_ddc_stage1_pl2_top_0_0_stub.v'. Please regenerate to continue.
WARNING: [IP_Flow 19-3664] IP 'design_1_ddc_stage1_pl2_top_0_0' generated file not found 'f:/Vivado/2023_pl_new/2023_step2_by_ygw/2023_step2_by_ygw.srcs/sources_1/bd/design_1/ip/design_1_ddc_stage1_pl2_top_0_0/design_1_ddc_stage1_pl2_top_0_0_stub.vhdl'. Please regenerate to continue.
WARNING: [IP_Flow 19-3664] IP 'design_1_ddc_stage1_pl2_top_0_0' generated file not found 'f:/Vivado/2023_pl_new/2023_step2_by_ygw/2023_step2_by_ygw.srcs/sources_1/bd/design_1/ip/design_1_ddc_stage1_pl2_top_0_0/design_1_ddc_stage1_pl2_top_0_0_sim_netlist.v'. Please regenerate to continue.
WARNING: [IP_Flow 19-3664] IP 'design_1_ddc_stage1_pl2_top_0_0' generated file not found 'f:/Vivado/2023_pl_new/2023_step2_by_ygw/2023_step2_by_ygw.srcs/sources_1/bd/design_1/ip/design_1_ddc_stage1_pl2_top_0_0/design_1_ddc_stage1_pl2_top_0_0_sim_netlist.vhdl'. Please regenerate to continue.
WARNING: [IP_Flow 19-3664] IP 'design_1_ad9226_stage1_driver_0_0' generated file not found 'f:/Vivado/2023_pl_new/2023_step2_by_ygw/2023_step2_by_ygw.srcs/sources_1/bd/design_1/ip/design_1_ad9226_stage1_driver_0_0/design_1_ad9226_stage1_driver_0_0.dcp'. Please regenerate to continue.
WARNING: [IP_Flow 19-3664] IP 'design_1_ad9226_stage1_driver_0_0' generated file not found 'f:/Vivado/2023_pl_new/2023_step2_by_ygw/2023_step2_by_ygw.srcs/sources_1/bd/design_1/ip/design_1_ad9226_stage1_driver_0_0/design_1_ad9226_stage1_driver_0_0_stub.v'. Please regenerate to continue.
WARNING: [IP_Flow 19-3664] IP 'design_1_ad9226_stage1_driver_0_0' generated file not found 'f:/Vivado/2023_pl_new/2023_step2_by_ygw/2023_step2_by_ygw.srcs/sources_1/bd/design_1/ip/design_1_ad9226_stage1_driver_0_0/design_1_ad9226_stage1_driver_0_0_stub.vhdl'. Please regenerate to continue.
WARNING: [IP_Flow 19-3664] IP 'design_1_ad9226_stage1_driver_0_0' generated file not found 'f:/Vivado/2023_pl_new/2023_step2_by_ygw/2023_step2_by_ygw.srcs/sources_1/bd/design_1/ip/design_1_ad9226_stage1_driver_0_0/design_1_ad9226_stage1_driver_0_0_sim_netlist.v'. Please regenerate to continue.
WARNING: [IP_Flow 19-3664] IP 'design_1_ad9226_stage1_driver_0_0' generated file not found 'f:/Vivado/2023_pl_new/2023_step2_by_ygw/2023_step2_by_ygw.srcs/sources_1/bd/design_1/ip/design_1_ad9226_stage1_driver_0_0/design_1_ad9226_stage1_driver_0_0_sim_netlist.vhdl'. Please regenerate to continue.
WARNING: [IP_Flow 19-3664] IP 'design_1_demod_pool_core_bpsk_0_0' generated file not found 'f:/Vivado/2023_pl_new/2023_step2_by_ygw/2023_step2_by_ygw.srcs/sources_1/bd/design_1/ip/design_1_demod_pool_core_bpsk_0_0/design_1_demod_pool_core_bpsk_0_0.dcp'. Please regenerate to continue.
WARNING: [IP_Flow 19-3664] IP 'design_1_demod_pool_core_bpsk_0_0' generated file not found 'f:/Vivado/2023_pl_new/2023_step2_by_ygw/2023_step2_by_ygw.srcs/sources_1/bd/design_1/ip/design_1_demod_pool_core_bpsk_0_0/design_1_demod_pool_core_bpsk_0_0_stub.v'. Please regenerate to continue.
WARNING: [IP_Flow 19-3664] IP 'design_1_demod_pool_core_bpsk_0_0' generated file not found 'f:/Vivado/2023_pl_new/2023_step2_by_ygw/2023_step2_by_ygw.srcs/sources_1/bd/design_1/ip/design_1_demod_pool_core_bpsk_0_0/design_1_demod_pool_core_bpsk_0_0_stub.vhdl'. Please regenerate to continue.
WARNING: [IP_Flow 19-3664] IP 'design_1_demod_pool_core_bpsk_0_0' generated file not found 'f:/Vivado/2023_pl_new/2023_step2_by_ygw/2023_step2_by_ygw.srcs/sources_1/bd/design_1/ip/design_1_demod_pool_core_bpsk_0_0/design_1_demod_pool_core_bpsk_0_0_sim_netlist.v'. Please regenerate to continue.
WARNING: [IP_Flow 19-3664] IP 'design_1_demod_pool_core_bpsk_0_0' generated file not found 'f:/Vivado/2023_pl_new/2023_step2_by_ygw/2023_step2_by_ygw.srcs/sources_1/bd/design_1/ip/design_1_demod_pool_core_bpsk_0_0/design_1_demod_pool_core_bpsk_0_0_sim_netlist.vhdl'. Please regenerate to continue.
WARNING: [IP_Flow 19-3664] IP 'design_1_ila_bpsk_0_0' generated file not found 'f:/Vivado/2023_pl_new/2023_step2_by_ygw/2023_step2_by_ygw.srcs/sources_1/bd/design_1/ip/design_1_ila_bpsk_0_0/design_1_ila_bpsk_0_0.dcp'. Please regenerate to continue.
WARNING: [IP_Flow 19-3664] IP 'design_1_ila_bpsk_0_0' generated file not found 'f:/Vivado/2023_pl_new/2023_step2_by_ygw/2023_step2_by_ygw.srcs/sources_1/bd/design_1/ip/design_1_ila_bpsk_0_0/design_1_ila_bpsk_0_0_stub.v'. Please regenerate to continue.
WARNING: [IP_Flow 19-3664] IP 'design_1_ila_bpsk_0_0' generated file not found 'f:/Vivado/2023_pl_new/2023_step2_by_ygw/2023_step2_by_ygw.srcs/sources_1/bd/design_1/ip/design_1_ila_bpsk_0_0/design_1_ila_bpsk_0_0_stub.vhdl'. Please regenerate to continue.
WARNING: [IP_Flow 19-3664] IP 'design_1_ila_bpsk_0_0' generated file not found 'f:/Vivado/2023_pl_new/2023_step2_by_ygw/2023_step2_by_ygw.srcs/sources_1/bd/design_1/ip/design_1_ila_bpsk_0_0/design_1_ila_bpsk_0_0_sim_netlist.v'. Please regenerate to continue.
WARNING: [IP_Flow 19-3664] IP 'design_1_ila_bpsk_0_0' generated file not found 'f:/Vivado/2023_pl_new/2023_step2_by_ygw/2023_step2_by_ygw.srcs/sources_1/bd/design_1/ip/design_1_ila_bpsk_0_0/design_1_ila_bpsk_0_0_sim_netlist.vhdl'. Please regenerate to continue.
# open_bd_design [get_files $bd_file_pattern]
Adding cell -- xilinx.com:ip:processing_system7:5.5 - processing_system7_0
Adding cell -- xilinx.com:ip:axi_bram_ctrl:4.1 - axi_bram_ctrl_0
Adding cell -- xilinx.com:ip:blk_mem_gen:8.4 - blk_mem_gen_0
Adding cell -- xilinx.com:ip:proc_sys_reset:5.0 - rst_ps7_0_60M
Adding cell -- xilinx.com:ip:smartconnect:1.0 - axi_smc
Adding cell -- xilinx.com:ip:xlconstant:1.1 - xlconstant_0
Adding cell -- xilinx.com:ip:xlconstant:1.1 - xlconstant_1
Adding cell -- xilinx.com:ip:clk_wiz:6.0 - clk_wiz_0
Adding cell -- xilinx.com:ip:util_vector_logic:2.0 - util_vector_logic_0
Adding cell -- xilinx.com:ip:util_vector_logic:2.0 - util_vector_logic_1
Adding cell -- xilinx.com:ip:proc_sys_reset:5.0 - rst_sample_60M
Adding cell -- xilinx.com:module_ref:feature_bram_writer:1.0 - feature_bram_writer_0
Adding cell -- xilinx.com:module_ref:ddc_stage1_pl2_top:1.0 - ddc_stage1_pl2_top_0
Adding cell -- xilinx.com:module_ref:ad9226_stage1_driver:1.0 - ad9226_stage1_driver_0
Adding cell -- xilinx.com:module_ref:demod_pool_core_bpsk:1.0 - demod_pool_core_bpsk_0
Adding cell -- xilinx.com:ip:ila:6.2 - ila_bpsk_0
INFO: [xilinx.com:ip:ila:6.2-6] /ila_bpsk_0: Xilinx recommends using the System ILA IP in IP Integrator. The System ILA IP is functionally equivalent to an ILA and offers additional benefits in debugging interfaces both within IP Integrator and the Hardware Manager. Consult the Programming and Debug User Guide UG908 for further details.
Successfully read diagram <design_1> from BD file <F:/Vivado/2023_pl_new/2023_step2_by_ygw/2023_step2_by_ygw.srcs/sources_1/bd/design_1/design_1.bd>
# reconnect_pin demod_pool_core_bpsk_0/aclk clk_wiz_0/clk_out2
CODEX_CONNECTED demod_pool_core_bpsk_0/aclk -> clk_wiz_0_clk_out2
# reconnect_pin demod_pool_core_bpsk_0/aresetn rst_sample_60M/peripheral_aresetn
CODEX_CONNECTED demod_pool_core_bpsk_0/aresetn -> rst_sample_60M_peripheral_aresetn
# set_property -dict [list \
#     CONFIG.CLK_DOMAIN {/clk_wiz_0_clk_out1} \
#     CONFIG.FREQ_HZ {60000000} \
#     CONFIG.PHASE {180.0}] [get_bd_pins demod_pool_core_bpsk_0/aclk]
# validate_bd_design
WARNING: [BD 41-2180] Resetting the memory initialization file of </blk_mem_gen_0> to default.
WARNING: [BD 41-927] Following properties on pin /feature_bram_writer_0/aclk have been updated from connected ip. They may not be synchronized with cell properties. You can set property on pin directly to confirm the value and resolve the warning.
	PHASE=180.0 
WARNING: [BD 41-927] Following properties on pin /ddc_stage1_pl2_top_0/aclk have been updated from connected ip. They may not be synchronized with cell properties. You can set property on pin directly to confirm the value and resolve the warning.
	PHASE=180.0 
WARNING: [BD 41-927] Following properties on pin /ad9226_stage1_driver_0/clk_60m_adc have been updated from connected ip. They may not be synchronized with cell properties. You can set property on pin directly to confirm the value and resolve the warning.
	CLK_DOMAIN=/clk_wiz_0_clk_out1 
WARNING: [BD 41-927] Following properties on pin /ad9226_stage1_driver_0/clk_60m_sample have been updated from connected ip. They may not be synchronized with cell properties. You can set property on pin directly to confirm the value and resolve the warning.
	CLK_DOMAIN=/clk_wiz_0_clk_out1 
WARNING: [BD 41-927] Following properties on pin /ad9226_stage1_driver_0/ad_clk have been updated from connected ip. They may not be synchronized with cell properties. You can set property on pin directly to confirm the value and resolve the warning.
	CLK_DOMAIN=design_1_ad9226_stage1_driver_0_0_ad_clk 
validate_bd_design: Time (s): cpu = 00:00:01 ; elapsed = 00:00:05 . Memory (MB): peak = 487.301 ; gain = 58.156
# save_bd_design
Wrote  : <F:\Vivado\2023_pl_new\2023_step2_by_ygw\2023_step2_by_ygw.srcs\sources_1\bd\design_1\design_1.bd> 
# set bd_file [get_files $bd_file_pattern]
# generate_target all $bd_file
INFO: [BD 41-1662] The design 'design_1.bd' is already validated. Therefore parameter propagation will not be re-run.
WARNING: [BD 41-2180] Resetting the memory initialization file of </blk_mem_gen_0> to default.
WARNING: [BD 41-235] Width mismatch when connecting pin: '/blk_mem_gen_0/addra'(32) to net 'axi_bram_ctrl_0_BRAM_PORTA_ADDR'(13) - Only lower order bits will be connected.
VHDL Output written to : F:/Vivado/2023_pl_new/2023_step2_by_ygw/2023_step2_by_ygw.srcs/sources_1/bd/design_1/synth/design_1.v
WARNING: [BD 41-235] Width mismatch when connecting pin: '/blk_mem_gen_0/addra'(32) to net 'axi_bram_ctrl_0_BRAM_PORTA_ADDR'(13) - Only lower order bits will be connected.
VHDL Output written to : F:/Vivado/2023_pl_new/2023_step2_by_ygw/2023_step2_by_ygw.srcs/sources_1/bd/design_1/sim/design_1.v
VHDL Output written to : F:/Vivado/2023_pl_new/2023_step2_by_ygw/2023_step2_by_ygw.srcs/sources_1/bd/design_1/hdl/design_1_wrapper.v
INFO: [BD 41-1029] Generation completed for the IP Integrator block feature_bram_writer_0 .
INFO: [BD 41-1029] Generation completed for the IP Integrator block processing_system7_0 .
INFO: [BD 41-1029] Generation completed for the IP Integrator block axi_bram_ctrl_0 .
INFO: [BD 41-1029] Generation completed for the IP Integrator block blk_mem_gen_0 .
INFO: [BD 41-1029] Generation completed for the IP Integrator block rst_ps7_0_60M .
Exporting to file f:/Vivado/2023_pl_new/2023_step2_by_ygw/2023_step2_by_ygw.srcs/sources_1/bd/design_1/ip/design_1_axi_smc_1/bd_0/hw_handoff/design_1_axi_smc_1.hwh
Generated Block Design Tcl file f:/Vivado/2023_pl_new/2023_step2_by_ygw/2023_step2_by_ygw.srcs/sources_1/bd/design_1/ip/design_1_axi_smc_1/bd_0/hw_handoff/design_1_axi_smc_1_bd.tcl
Generated Hardware Definition File f:/Vivado/2023_pl_new/2023_step2_by_ygw/2023_step2_by_ygw.srcs/sources_1/bd/design_1/ip/design_1_axi_smc_1/bd_0/synth/design_1_axi_smc_1.hwdef
INFO: [BD 41-1029] Generation completed for the IP Integrator block axi_smc .
INFO: [BD 41-1029] Generation completed for the IP Integrator block xlconstant_0 .
INFO: [BD 41-1029] Generation completed for the IP Integrator block xlconstant_1 .
INFO: [BD 41-1029] Generation completed for the IP Integrator block ddc_stage1_pl2_top_0 .
INFO: [BD 41-1029] Generation completed for the IP Integrator block ad9226_stage1_driver_0 .
INFO: [BD 41-1029] Generation completed for the IP Integrator block clk_wiz_0 .
INFO: [BD 41-1029] Generation completed for the IP Integrator block util_vector_logic_0 .
INFO: [BD 41-1029] Generation completed for the IP Integrator block util_vector_logic_1 .
INFO: [BD 41-1029] Generation completed for the IP Integrator block rst_sample_60M .
INFO: [BD 41-1029] Generation completed for the IP Integrator block demod_pool_core_bpsk_0 .
INFO: [BD 41-1029] Generation completed for the IP Integrator block ila_bpsk_0 .
Exporting to file F:/Vivado/2023_pl_new/2023_step2_by_ygw/2023_step2_by_ygw.srcs/sources_1/bd/design_1/hw_handoff/design_1.hwh
Generated Block Design Tcl file F:/Vivado/2023_pl_new/2023_step2_by_ygw/2023_step2_by_ygw.srcs/sources_1/bd/design_1/hw_handoff/design_1_bd.tcl
Generated Hardware Definition File F:/Vivado/2023_pl_new/2023_step2_by_ygw/2023_step2_by_ygw.srcs/sources_1/bd/design_1/synth/design_1.hwdef
# set wrapper_file [make_wrapper -files $bd_file -top]
# if {[llength [get_files -quiet $wrapper_file]] == 0} {
#     add_files -norecurse $wrapper_file
# }
# update_compile_order -fileset sources_1
# foreach pin_name {
#     demod_pool_core_bpsk_0/aclk
#     demod_pool_core_bpsk_0/aresetn
# } {
#     set pin_obj [get_bd_pins $pin_name]
#     set net_obj [get_bd_nets -of_objects $pin_obj]
#     puts "CODEX_FINAL_NET $pin_name=[get_property NAME $net_obj]"
#     foreach prop {CONFIG.ASSOCIATED_RESET CONFIG.CLK_DOMAIN CONFIG.FREQ_HZ CONFIG.PHASE CONFIG.POLARITY} {
#         if {[lsearch -exact [list_property $pin_obj] $prop] >= 0} {
#             puts "CODEX_FINAL_PROP $pin_name $prop=[get_property $prop $pin_obj]"
#         }
#     }
# }
CODEX_FINAL_NET demod_pool_core_bpsk_0/aclk=clk_wiz_0_clk_out2
CODEX_FINAL_PROP demod_pool_core_bpsk_0/aclk CONFIG.ASSOCIATED_RESET=aresetn
CODEX_FINAL_PROP demod_pool_core_bpsk_0/aclk CONFIG.CLK_DOMAIN=/clk_wiz_0_clk_out1
CODEX_FINAL_PROP demod_pool_core_bpsk_0/aclk CONFIG.FREQ_HZ=60000000
CODEX_FINAL_PROP demod_pool_core_bpsk_0/aclk CONFIG.PHASE=180.0
CODEX_FINAL_NET demod_pool_core_bpsk_0/aresetn=rst_sample_60M_peripheral_aresetn
CODEX_FINAL_PROP demod_pool_core_bpsk_0/aresetn CONFIG.POLARITY=ACTIVE_LOW
# close_project
# exit
INFO: [Common 17-206] Exiting Vivado at Sat Jul 25 16:49:19 2026...
