#-----------------------------------------------------------
# Vivado v2018.3 (64-bit)
# SW Build 2405991 on Thu Dec  6 23:38:27 MST 2018
# IP Build 2404404 on Fri Dec  7 01:43:56 MST 2018
# Start of session at: Sat Jul 25 13:24:25 2026
# Process ID: 25284
# Current directory: F:/Vivado/2023_pl_new/2023_step2_by_ygw
# Command line: vivado.exe -gui_launcher_event rodinguilauncherevent5412 F:\Vivado\2023_pl_new\2023_step2_by_ygw\2023_step2_by_ygw.xpr
# Log file: F:/Vivado/2023_pl_new/2023_step2_by_ygw/vivado.log
# Journal file: F:/Vivado/2023_pl_new/2023_step2_by_ygw\vivado.jou
#-----------------------------------------------------------
start_gui
open_project F:/Vivado/2023_pl_new/2023_step2_by_ygw/2023_step2_by_ygw.xpr
Scanning sources...
Finished scanning sources
INFO: [IP_Flow 19-234] Refreshing IP repositories
INFO: [IP_Flow 19-1704] No user IP repositories specified
INFO: [IP_Flow 19-2313] Loaded Vivado IP repository 'D:/xlinks/Vivado/2018.3/data/ip'.
WARNING: [IP_Flow 19-3664] IP 'design_1_feature_bram_writer_0_0' generated file not found 'f:/Vivado/2023_pl_new/2023_step2_by_ygw/2023_step2_by_ygw.srcs/sources_1/bd/design_1/ip/design_1_feature_bram_writer_0_0/design_1_feature_bram_writer_0_0.dcp'. Please regenerate to continue.
WARNING: [IP_Flow 19-3664] IP 'design_1_feature_bram_writer_0_0' generated file not found 'f:/Vivado/2023_pl_new/2023_step2_by_ygw/2023_step2_by_ygw.srcs/sources_1/bd/design_1/ip/design_1_feature_bram_writer_0_0/design_1_feature_bram_writer_0_0_stub.v'. Please regenerate to continue.
WARNING: [IP_Flow 19-3664] IP 'design_1_feature_bram_writer_0_0' generated file not found 'f:/Vivado/2023_pl_new/2023_step2_by_ygw/2023_step2_by_ygw.srcs/sources_1/bd/design_1/ip/design_1_feature_bram_writer_0_0/design_1_feature_bram_writer_0_0_stub.vhdl'. Please regenerate to continue.
WARNING: [IP_Flow 19-3664] IP 'design_1_feature_bram_writer_0_0' generated file not found 'f:/Vivado/2023_pl_new/2023_step2_by_ygw/2023_step2_by_ygw.srcs/sources_1/bd/design_1/ip/design_1_feature_bram_writer_0_0/design_1_feature_bram_writer_0_0_sim_netlist.v'. Please regenerate to continue.
WARNING: [IP_Flow 19-3664] IP 'design_1_feature_bram_writer_0_0' generated file not found 'f:/Vivado/2023_pl_new/2023_step2_by_ygw/2023_step2_by_ygw.srcs/sources_1/bd/design_1/ip/design_1_feature_bram_writer_0_0/design_1_feature_bram_writer_0_0_sim_netlist.vhdl'. Please regenerate to continue.
WARNING: [IP_Flow 19-3664] IP 'design_1_ddc_stage1_pl2_top_0_0' generated file not found 'f:/Vivado/2023_pl_new/2023_step2_by_ygw/2023_step2_by_ygw.srcs/sources_1/bd/design_1/ip/design_1_ddc_stage1_pl2_top_0_0/design_1_ddc_stage1_pl2_top_0_0.dcp'. Please regenerate to continue.
WARNING: [IP_Flow 19-3664] IP 'design_1_ddc_stage1_pl2_top_0_0' generated file not found 'f:/Vivado/2023_pl_new/2023_step2_by_ygw/2023_step2_by_ygw.srcs/sources_1/bd/design_1/ip/design_1_ddc_stage1_pl2_top_0_0/design_1_ddc_stage1_pl2_top_0_0_stub.v'. Please regenerate to continue.
WARNING: [IP_Flow 19-3664] IP 'design_1_ddc_stage1_pl2_top_0_0' generated file not found 'f:/Vivado/2023_pl_new/2023_step2_by_ygw/2023_step2_by_ygw.srcs/sources_1/bd/design_1/ip/design_1_ddc_stage1_pl2_top_0_0/design_1_ddc_stage1_pl2_top_0_0_stub.vhdl'. Please regenerate to continue.
WARNING: [IP_Flow 19-3664] IP 'design_1_ddc_stage1_pl2_top_0_0' generated file not found 'f:/Vivado/2023_pl_new/2023_step2_by_ygw/2023_step2_by_ygw.srcs/sources_1/bd/design_1/ip/design_1_ddc_stage1_pl2_top_0_0/design_1_ddc_stage1_pl2_top_0_0_sim_netlist.v'. Please regenerate to continue.
WARNING: [IP_Flow 19-3664] IP 'design_1_ddc_stage1_pl2_top_0_0' generated file not found 'f:/Vivado/2023_pl_new/2023_step2_by_ygw/2023_step2_by_ygw.srcs/sources_1/bd/design_1/ip/design_1_ddc_stage1_pl2_top_0_0/design_1_ddc_stage1_pl2_top_0_0_sim_netlist.vhdl'. Please regenerate to continue.
WARNING: [IP_Flow 19-3664] IP 'design_1_ad9226_stage1_driver_0_0' generated file not found 'f:/Vivado/2023_pl_new/2023_step2_by_ygw/2023_step2_by_ygw.srcs/sources_1/bd/design_1/ip/design_1_ad9226_stage1_driver_0_0/design_1_ad9226_stage1_driver_0_0.dcp'. Please regenerate to continue.
WARNING: [IP_Flow 19-3664] IP 'design_1_ad9226_stage1_driver_0_0' generated file not found 'f:/Vivado/2023_pl_new/2023_step2_by_ygw/2023_step2_by_ygw.srcs/sources_1/bd/design_1/ip/design_1_ad9226_stage1_driver_0_0/design_1_ad9226_stage1_driver_0_0_stub.v'. Please regenerate to continue.
WARNING: [IP_Flow 19-3664] IP 'design_1_ad9226_stage1_driver_0_0' generated file not found 'f:/Vivado/2023_pl_new/2023_step2_by_ygw/2023_step2_by_ygw.srcs/sources_1/bd/design_1/ip/design_1_ad9226_stage1_driver_0_0/design_1_ad9226_stage1_driver_0_0_stub.vhdl'. Please regenerate to continue.
WARNING: [IP_Flow 19-3664] IP 'design_1_ad9226_stage1_driver_0_0' generated file not found 'f:/Vivado/2023_pl_new/2023_step2_by_ygw/2023_step2_by_ygw.srcs/sources_1/bd/design_1/ip/design_1_ad9226_stage1_driver_0_0/design_1_ad9226_stage1_driver_0_0_sim_netlist.v'. Please regenerate to continue.
WARNING: [IP_Flow 19-3664] IP 'design_1_ad9226_stage1_driver_0_0' generated file not found 'f:/Vivado/2023_pl_new/2023_step2_by_ygw/2023_step2_by_ygw.srcs/sources_1/bd/design_1/ip/design_1_ad9226_stage1_driver_0_0/design_1_ad9226_stage1_driver_0_0_sim_netlist.vhdl'. Please regenerate to continue.
WARNING: [IP_Flow 19-3664] IP 'design_1_demod_pool_core_bpsk_0_0' generated file not found 'f:/Vivado/2023_pl_new/2023_step2_by_ygw/2023_step2_by_ygw.srcs/sources_1/bd/design_1/ip/design_1_demod_pool_core_bpsk_0_0/design_1_demod_pool_core_bpsk_0_0.dcp'. Please regenerate to continue.
WARNING: [IP_Flow 19-3664] IP 'design_1_demod_pool_core_bpsk_0_0' generated file not found 'f:/Vivado/2023_pl_new/2023_step2_by_ygw/2023_step2_by_ygw.srcs/sources_1/bd/design_1/ip/design_1_demod_pool_core_bpsk_0_0/design_1_demod_pool_core_bpsk_0_0_stub.v'. Please regenerate to continue.
WARNING: [IP_Flow 19-3664] IP 'design_1_demod_pool_core_bpsk_0_0' generated file not found 'f:/Vivado/2023_pl_new/2023_step2_by_ygw/2023_step2_by_ygw.srcs/sources_1/bd/design_1/ip/design_1_demod_pool_core_bpsk_0_0/design_1_demod_pool_core_bpsk_0_0_stub.vhdl'. Please regenerate to continue.
WARNING: [IP_Flow 19-3664] IP 'design_1_demod_pool_core_bpsk_0_0' generated file not found 'f:/Vivado/2023_pl_new/2023_step2_by_ygw/2023_step2_by_ygw.srcs/sources_1/bd/design_1/ip/design_1_demod_pool_core_bpsk_0_0/design_1_demod_pool_core_bpsk_0_0_sim_netlist.v'. Please regenerate to continue.
WARNING: [IP_Flow 19-3664] IP 'design_1_demod_pool_core_bpsk_0_0' generated file not found 'f:/Vivado/2023_pl_new/2023_step2_by_ygw/2023_step2_by_ygw.srcs/sources_1/bd/design_1/ip/design_1_demod_pool_core_bpsk_0_0/design_1_demod_pool_core_bpsk_0_0_sim_netlist.vhdl'. Please regenerate to continue.
WARNING: [IP_Flow 19-3664] IP 'design_1_ila_bpsk_0_0' generated file not found 'f:/Vivado/2023_pl_new/2023_step2_by_ygw/2023_step2_by_ygw.srcs/sources_1/bd/design_1/ip/design_1_ila_bpsk_0_0/design_1_ila_bpsk_0_0.dcp'. Please regenerate to continue.
WARNING: [IP_Flow 19-3664] IP 'design_1_ila_bpsk_0_0' generated file not found 'f:/Vivado/2023_pl_new/2023_step2_by_ygw/2023_step2_by_ygw.srcs/sources_1/bd/design_1/ip/design_1_ila_bpsk_0_0/design_1_ila_bpsk_0_0_stub.v'. Please regenerate to continue.
WARNING: [IP_Flow 19-3664] IP 'design_1_ila_bpsk_0_0' generated file not found 'f:/Vivado/2023_pl_new/2023_step2_by_ygw/2023_step2_by_ygw.srcs/sources_1/bd/design_1/ip/design_1_ila_bpsk_0_0/design_1_ila_bpsk_0_0_stub.vhdl'. Please regenerate to continue.
WARNING: [IP_Flow 19-3664] IP 'design_1_ila_bpsk_0_0' generated file not found 'f:/Vivado/2023_pl_new/2023_step2_by_ygw/2023_step2_by_ygw.srcs/sources_1/bd/design_1/ip/design_1_ila_bpsk_0_0/design_1_ila_bpsk_0_0_sim_netlist.v'. Please regenerate to continue.
WARNING: [IP_Flow 19-3664] IP 'design_1_ila_bpsk_0_0' generated file not found 'f:/Vivado/2023_pl_new/2023_step2_by_ygw/2023_step2_by_ygw.srcs/sources_1/bd/design_1/ip/design_1_ila_bpsk_0_0/design_1_ila_bpsk_0_0_sim_netlist.vhdl'. Please regenerate to continue.
open_project: Time (s): cpu = 00:00:14 ; elapsed = 00:00:11 . Memory (MB): peak = 901.785 ; gain = 241.367
update_compile_order -fileset sources_1
reset_run synth_1
launch_runs synth_1 -jobs 32
[Sat Jul 25 13:25:17 2026] Launched design_1_feature_bram_writer_0_0_synth_1, design_1_ddc_stage1_pl2_top_0_0_synth_1, design_1_ad9226_stage1_driver_0_0_synth_1, design_1_demod_pool_core_bpsk_0_0_synth_1, design_1_ila_bpsk_0_0_synth_1...
Run output will be captured here:
design_1_feature_bram_writer_0_0_synth_1: F:/Vivado/2023_pl_new/2023_step2_by_ygw/2023_step2_by_ygw.runs/design_1_feature_bram_writer_0_0_synth_1/runme.log
design_1_ddc_stage1_pl2_top_0_0_synth_1: F:/Vivado/2023_pl_new/2023_step2_by_ygw/2023_step2_by_ygw.runs/design_1_ddc_stage1_pl2_top_0_0_synth_1/runme.log
design_1_ad9226_stage1_driver_0_0_synth_1: F:/Vivado/2023_pl_new/2023_step2_by_ygw/2023_step2_by_ygw.runs/design_1_ad9226_stage1_driver_0_0_synth_1/runme.log
design_1_demod_pool_core_bpsk_0_0_synth_1: F:/Vivado/2023_pl_new/2023_step2_by_ygw/2023_step2_by_ygw.runs/design_1_demod_pool_core_bpsk_0_0_synth_1/runme.log
design_1_ila_bpsk_0_0_synth_1: F:/Vivado/2023_pl_new/2023_step2_by_ygw/2023_step2_by_ygw.runs/design_1_ila_bpsk_0_0_synth_1/runme.log
[Sat Jul 25 13:25:17 2026] Launched synth_1...
Run output will be captured here: F:/Vivado/2023_pl_new/2023_step2_by_ygw/2023_step2_by_ygw.runs/synth_1/runme.log
exit
INFO: [Common 17-206] Exiting Vivado at Sat Jul 25 13:31:03 2026...
