#-----------------------------------------------------------
# Vivado v2018.3 (64-bit)
# SW Build 2405991 on Thu Dec  6 23:38:27 MST 2018
# IP Build 2404404 on Fri Dec  7 01:43:56 MST 2018
# Start of session at: Sat Jul 25 16:21:18 2026
# Process ID: 2836
# Current directory: F:/Vivado/2023_pl_new/2023_step2_by_ygw
# Command line: vivado.exe -gui_launcher_event rodinguilauncherevent22168 F:\Vivado\2023_pl_new\2023_step2_by_ygw\2023_step2_by_ygw.xpr
# Log file: F:/Vivado/2023_pl_new/2023_step2_by_ygw/vivado.log
# Journal file: F:/Vivado/2023_pl_new/2023_step2_by_ygw\vivado.jou
#-----------------------------------------------------------
start_gui
open_project F:/Vivado/2023_pl_new/2023_step2_by_ygw/2023_step2_by_ygw.xpr
Scanning sources...
Finished scanning sources
INFO: [IP_Flow 19-234] Refreshing IP repositories
INFO: [IP_Flow 19-1704] No user IP repositories specified
INFO: [IP_Flow 19-2313] Loaded Vivado IP repository 'D:/xlinks/Vivado/2018.3/data/ip'.
WARNING: [IP_Flow 19-3664] IP 'design_1_feature_bram_writer_0_0' generated file not found 'f:/Vivado/2023_pl_new/2023_step2_by_ygw/2023_step2_by_ygw.srcs/sources_1/bd/design_1/ip/design_1_feature_bram_writer_0_0/design_1_feature_bram_writer_0_0.dcp'. Please regenerate to continue.
WARNING: [IP_Flow 19-3664] IP 'design_1_feature_bram_writer_0_0' generated file not found 'f:/Vivado/2023_pl_new/2023_step2_by_ygw/2023_step2_by_ygw.srcs/sources_1/bd/design_1/ip/design_1_feature_bram_writer_0_0/design_1_feature_bram_writer_0_0_stub.v'. Please regenerate to continue.
WARNING: [IP_Flow 19-3664] IP 'design_1_feature_bram_writer_0_0' generated file not found 'f:/Vivado/2023_pl_new/2023_step2_by_ygw/2023_step2_by_ygw.srcs/sources_1/bd/design_1/ip/design_1_feature_bram_writer_0_0/design_1_feature_bram_writer_0_0_stub.vhdl'. Please regenerate to continue.
WARNING: [IP_Flow 19-3664] IP 'design_1_feature_bram_writer_0_0' generated file not found 'f:/Vivado/2023_pl_new/2023_step2_by_ygw/2023_step2_by_ygw.srcs/sources_1/bd/design_1/ip/design_1_feature_bram_writer_0_0/design_1_feature_bram_writer_0_0_sim_netlist.v'. Please regenerate to continue.
WARNING: [IP_Flow 19-3664] IP 'design_1_feature_bram_writer_0_0' generated file not found 'f:/Vivado/2023_pl_new/2023_step2_by_ygw/2023_step2_by_ygw.srcs/sources_1/bd/design_1/ip/design_1_feature_bram_writer_0_0/design_1_feature_bram_writer_0_0_sim_netlist.vhdl'. Please regenerate to continue.
WARNING: [IP_Flow 19-3664] IP 'design_1_ddc_stage1_pl2_top_0_0' generated file not found 'f:/Vivado/2023_pl_new/2023_step2_by_ygw/2023_step2_by_ygw.srcs/sources_1/bd/design_1/ip/design_1_ddc_stage1_pl2_top_0_0/design_1_ddc_stage1_pl2_top_0_0.dcp'. Please regenerate to continue.
WARNING: [IP_Flow 19-3664] IP 'design_1_ddc_stage1_pl2_top_0_0' generated file not found 'f:/Vivado/2023_pl_new/2023_step2_by_ygw/2023_step2_by_ygw.srcs/sources_1/bd/design_1/ip/design_1_ddc_stage1_pl2_top_0_0/design_1_ddc_stage1_pl2_top_0_0_stub.v'. Please regenerate to continue.
WARNING: [IP_Flow 19-3664] IP 'design_1_ddc_stage1_pl2_top_0_0' generated file not found 'f:/Vivado/2023_pl_new/2023_step2_by_ygw/2023_step2_by_ygw.srcs/sources_1/bd/design_1/ip/design_1_ddc_stage1_pl2_top_0_0/design_1_ddc_stage1_pl2_top_0_0_stub.vhdl'. Please regenerate to continue.
WARNING: [IP_Flow 19-3664] IP 'design_1_ddc_stage1_pl2_top_0_0' generated file not found 'f:/Vivado/2023_pl_new/2023_step2_by_ygw/2023_step2_by_ygw.srcs/sources_1/bd/design_1/ip/design_1_ddc_stage1_pl2_top_0_0/design_1_ddc_stage1_pl2_top_0_0_sim_netlist.v'. Please regenerate to continue.
WARNING: [IP_Flow 19-3664] IP 'design_1_ddc_stage1_pl2_top_0_0' generated file not found 'f:/Vivado/2023_pl_new/2023_step2_by_ygw/2023_step2_by_ygw.srcs/sources_1/bd/design_1/ip/design_1_ddc_stage1_pl2_top_0_0/design_1_ddc_stage1_pl2_top_0_0_sim_netlist.vhdl'. Please regenerate to continue.
WARNING: [IP_Flow 19-3664] IP 'design_1_ad9226_stage1_driver_0_0' generated file not found 'f:/Vivado/2023_pl_new/2023_step2_by_ygw/2023_step2_by_ygw.srcs/sources_1/bd/design_1/ip/design_1_ad9226_stage1_driver_0_0/design_1_ad9226_stage1_driver_0_0.dcp'. Please regenerate to continue.
WARNING: [IP_Flow 19-3664] IP 'design_1_ad9226_stage1_driver_0_0' generated file not found 'f:/Vivado/2023_pl_new/2023_step2_by_ygw/2023_step2_by_ygw.srcs/sources_1/bd/design_1/ip/design_1_ad9226_stage1_driver_0_0/design_1_ad9226_stage1_driver_0_0_stub.v'. Please regenerate to continue.
WARNING: [IP_Flow 19-3664] IP 'design_1_ad9226_stage1_driver_0_0' generated file not found 'f:/Vivado/2023_pl_new/2023_step2_by_ygw/2023_step2_by_ygw.srcs/sources_1/bd/design_1/ip/design_1_ad9226_stage1_driver_0_0/design_1_ad9226_stage1_driver_0_0_stub.vhdl'. Please regenerate to continue.
WARNING: [IP_Flow 19-3664] IP 'design_1_ad9226_stage1_driver_0_0' generated file not found 'f:/Vivado/2023_pl_new/2023_step2_by_ygw/2023_step2_by_ygw.srcs/sources_1/bd/design_1/ip/design_1_ad9226_stage1_driver_0_0/design_1_ad9226_stage1_driver_0_0_sim_netlist.v'. Please regenerate to continue.
WARNING: [IP_Flow 19-3664] IP 'design_1_ad9226_stage1_driver_0_0' generated file not found 'f:/Vivado/2023_pl_new/2023_step2_by_ygw/2023_step2_by_ygw.srcs/sources_1/bd/design_1/ip/design_1_ad9226_stage1_driver_0_0/design_1_ad9226_stage1_driver_0_0_sim_netlist.vhdl'. Please regenerate to continue.
WARNING: [IP_Flow 19-3664] IP 'design_1_demod_pool_core_bpsk_0_0' generated file not found 'f:/Vivado/2023_pl_new/2023_step2_by_ygw/2023_step2_by_ygw.srcs/sources_1/bd/design_1/ip/design_1_demod_pool_core_bpsk_0_0/design_1_demod_pool_core_bpsk_0_0.dcp'. Please regenerate to continue.
WARNING: [IP_Flow 19-3664] IP 'design_1_demod_pool_core_bpsk_0_0' generated file not found 'f:/Vivado/2023_pl_new/2023_step2_by_ygw/2023_step2_by_ygw.srcs/sources_1/bd/design_1/ip/design_1_demod_pool_core_bpsk_0_0/design_1_demod_pool_core_bpsk_0_0_stub.v'. Please regenerate to continue.
WARNING: [IP_Flow 19-3664] IP 'design_1_demod_pool_core_bpsk_0_0' generated file not found 'f:/Vivado/2023_pl_new/2023_step2_by_ygw/2023_step2_by_ygw.srcs/sources_1/bd/design_1/ip/design_1_demod_pool_core_bpsk_0_0/design_1_demod_pool_core_bpsk_0_0_stub.vhdl'. Please regenerate to continue.
WARNING: [IP_Flow 19-3664] IP 'design_1_demod_pool_core_bpsk_0_0' generated file not found 'f:/Vivado/2023_pl_new/2023_step2_by_ygw/2023_step2_by_ygw.srcs/sources_1/bd/design_1/ip/design_1_demod_pool_core_bpsk_0_0/design_1_demod_pool_core_bpsk_0_0_sim_netlist.v'. Please regenerate to continue.
WARNING: [IP_Flow 19-3664] IP 'design_1_demod_pool_core_bpsk_0_0' generated file not found 'f:/Vivado/2023_pl_new/2023_step2_by_ygw/2023_step2_by_ygw.srcs/sources_1/bd/design_1/ip/design_1_demod_pool_core_bpsk_0_0/design_1_demod_pool_core_bpsk_0_0_sim_netlist.vhdl'. Please regenerate to continue.
WARNING: [IP_Flow 19-3664] IP 'design_1_ila_bpsk_0_0' generated file not found 'f:/Vivado/2023_pl_new/2023_step2_by_ygw/2023_step2_by_ygw.srcs/sources_1/bd/design_1/ip/design_1_ila_bpsk_0_0/design_1_ila_bpsk_0_0.dcp'. Please regenerate to continue.
WARNING: [IP_Flow 19-3664] IP 'design_1_ila_bpsk_0_0' generated file not found 'f:/Vivado/2023_pl_new/2023_step2_by_ygw/2023_step2_by_ygw.srcs/sources_1/bd/design_1/ip/design_1_ila_bpsk_0_0/design_1_ila_bpsk_0_0_stub.v'. Please regenerate to continue.
WARNING: [IP_Flow 19-3664] IP 'design_1_ila_bpsk_0_0' generated file not found 'f:/Vivado/2023_pl_new/2023_step2_by_ygw/2023_step2_by_ygw.srcs/sources_1/bd/design_1/ip/design_1_ila_bpsk_0_0/design_1_ila_bpsk_0_0_stub.vhdl'. Please regenerate to continue.
WARNING: [IP_Flow 19-3664] IP 'design_1_ila_bpsk_0_0' generated file not found 'f:/Vivado/2023_pl_new/2023_step2_by_ygw/2023_step2_by_ygw.srcs/sources_1/bd/design_1/ip/design_1_ila_bpsk_0_0/design_1_ila_bpsk_0_0_sim_netlist.v'. Please regenerate to continue.
WARNING: [IP_Flow 19-3664] IP 'design_1_ila_bpsk_0_0' generated file not found 'f:/Vivado/2023_pl_new/2023_step2_by_ygw/2023_step2_by_ygw.srcs/sources_1/bd/design_1/ip/design_1_ila_bpsk_0_0/design_1_ila_bpsk_0_0_sim_netlist.vhdl'. Please regenerate to continue.
open_project: Time (s): cpu = 00:00:09 ; elapsed = 00:00:08 . Memory (MB): peak = 888.820 ; gain = 202.148
open_bd_design {F:/Vivado/2023_pl_new/2023_step2_by_ygw/2023_step2_by_ygw.srcs/sources_1/bd/design_1/design_1.bd}
Adding cell -- xilinx.com:ip:processing_system7:5.5 - processing_system7_0
Adding cell -- xilinx.com:ip:axi_bram_ctrl:4.1 - axi_bram_ctrl_0
Adding cell -- xilinx.com:ip:blk_mem_gen:8.4 - blk_mem_gen_0
Adding cell -- xilinx.com:ip:proc_sys_reset:5.0 - rst_ps7_0_60M
Adding cell -- xilinx.com:ip:smartconnect:1.0 - axi_smc
Adding cell -- xilinx.com:ip:xlconstant:1.1 - xlconstant_0
Adding cell -- xilinx.com:ip:xlconstant:1.1 - xlconstant_1
Adding cell -- xilinx.com:ip:clk_wiz:6.0 - clk_wiz_0
Adding cell -- xilinx.com:ip:util_vector_logic:2.0 - util_vector_logic_0
Adding cell -- xilinx.com:ip:util_vector_logic:2.0 - util_vector_logic_1
Adding cell -- xilinx.com:ip:proc_sys_reset:5.0 - rst_sample_60M
Adding cell -- xilinx.com:module_ref:feature_bram_writer:1.0 - feature_bram_writer_0
Adding cell -- xilinx.com:module_ref:ddc_stage1_pl2_top:1.0 - ddc_stage1_pl2_top_0
Adding cell -- xilinx.com:module_ref:ad9226_stage1_driver:1.0 - ad9226_stage1_driver_0
Adding cell -- xilinx.com:module_ref:demod_pool_core_bpsk:1.0 - demod_pool_core_bpsk_0
Adding cell -- xilinx.com:ip:ila:6.2 - ila_bpsk_0
INFO: [xilinx.com:ip:ila:6.2-6] /ila_bpsk_0: Xilinx recommends using the System ILA IP in IP Integrator. The System ILA IP is functionally equivalent to an ILA and offers additional benefits in debugging interfaces both within IP Integrator and the Hardware Manager. Consult the Programming and Debug User Guide UG908 for further details.
Successfully read diagram <design_1> from BD file <F:/Vivado/2023_pl_new/2023_step2_by_ygw/2023_step2_by_ygw.srcs/sources_1/bd/design_1/design_1.bd>
update_compile_order -fileset sources_1
delete_bd_objs [get_bd_nets processing_system7_0_FCLK_CLK0]
exit
INFO: [Common 17-206] Exiting Vivado at Sat Jul 25 16:22:04 2026...
