
*** Running vivado
    with args -log design_1_demod_pool_core_bpsk_0_0.vds -m64 -product Vivado -mode batch -messageDb vivado.pb -notrace -source design_1_demod_pool_core_bpsk_0_0.tcl


****** Vivado v2018.3 (64-bit)
  **** SW Build 2405991 on Thu Dec  6 23:38:27 MST 2018
  **** IP Build 2404404 on Fri Dec  7 01:43:56 MST 2018
    ** Copyright 1986-2018 Xilinx, Inc. All Rights Reserved.

source design_1_demod_pool_core_bpsk_0_0.tcl -notrace
Command: synth_design -top design_1_demod_pool_core_bpsk_0_0 -part xc7z020clg400-2 -mode out_of_context
Starting synth_design
Attempting to get a license for feature 'Synthesis' and/or device 'xc7z020'
INFO: [Common 17-349] Got license for feature 'Synthesis' and/or device 'xc7z020'
INFO: Launching helper process for spawning children vivado processes
INFO: Helper process launched with PID 53136 
---------------------------------------------------------------------------------
Starting RTL Elaboration : Time (s): cpu = 00:00:02 ; elapsed = 00:00:03 . Memory (MB): peak = 478.473 ; gain = 98.914
---------------------------------------------------------------------------------
INFO: [Synth 8-6157] synthesizing module 'design_1_demod_pool_core_bpsk_0_0' [c:/Users/Toph Beifong/Desktop/2023_step2_by_ygw_v4/2023_step2_by_ygw.srcs/sources_1/bd/design_1/ip/design_1_demod_pool_core_bpsk_0_0/synth/design_1_demod_pool_core_bpsk_0_0.v:58]
INFO: [Synth 8-6157] synthesizing module 'demod_pool_core_bpsk' [C:/Users/Toph Beifong/Desktop/2023_step2_by_ygw_v4/2023_step2_by_ygw.srcs/sources_1/imports/rtl/demod_pool_core_bpsk.v:5]
	Parameter LGN bound to: 13 - type: integer 
	Parameter MAG_GATE bound to: 24'b000000110011001100110011 
INFO: [Synth 8-6157] synthesizing module 'demod_pool_core' [C:/Users/Toph Beifong/Desktop/2023_step2_by_ygw_v4/2023_step2_by_ygw.srcs/sources_1/imports/rtl/demod_pool_core.v:9]
	Parameter LGN bound to: 13 - type: integer 
	Parameter MAG_GATE bound to: 24'b000000110011001100110011 
INFO: [Synth 8-638] synthesizing module 'cordic_translate_0' [c:/Users/Toph Beifong/Desktop/2023_step2_by_ygw_v4/2023_step2_by_ygw.srcs/sources_1/ip/cordic_translate_0/synth/cordic_translate_0.vhd:72]
	Parameter C_ARCHITECTURE bound to: 2 - type: integer 
	Parameter C_CORDIC_FUNCTION bound to: 1 - type: integer 
	Parameter C_COARSE_ROTATE bound to: 1 - type: integer 
	Parameter C_DATA_FORMAT bound to: 0 - type: integer 
	Parameter C_XDEVICEFAMILY bound to: zynq - type: string 
	Parameter C_HAS_ACLKEN bound to: 0 - type: integer 
	Parameter C_HAS_ACLK bound to: 1 - type: integer 
	Parameter C_HAS_S_AXIS_CARTESIAN bound to: 1 - type: integer 
	Parameter C_HAS_S_AXIS_PHASE bound to: 0 - type: integer 
	Parameter C_HAS_ARESETN bound to: 1 - type: integer 
	Parameter C_INPUT_WIDTH bound to: 16 - type: integer 
	Parameter C_ITERATIONS bound to: 0 - type: integer 
	Parameter C_OUTPUT_WIDTH bound to: 24 - type: integer 
	Parameter C_PHASE_FORMAT bound to: 1 - type: integer 
	Parameter C_PIPELINE_MODE bound to: -2 - type: integer 
	Parameter C_PRECISION bound to: 0 - type: integer 
	Parameter C_ROUND_MODE bound to: 3 - type: integer 
	Parameter C_SCALE_COMP bound to: 3 - type: integer 
	Parameter C_THROTTLE_SCHEME bound to: 2 - type: integer 
	Parameter C_TLAST_RESOLUTION bound to: 0 - type: integer 
	Parameter C_HAS_S_AXIS_PHASE_TUSER bound to: 0 - type: integer 
	Parameter C_HAS_S_AXIS_PHASE_TLAST bound to: 0 - type: integer 
	Parameter C_S_AXIS_PHASE_TDATA_WIDTH bound to: 16 - type: integer 
	Parameter C_S_AXIS_PHASE_TUSER_WIDTH bound to: 1 - type: integer 
	Parameter C_HAS_S_AXIS_CARTESIAN_TUSER bound to: 0 - type: integer 
	Parameter C_HAS_S_AXIS_CARTESIAN_TLAST bound to: 0 - type: integer 
	Parameter C_S_AXIS_CARTESIAN_TDATA_WIDTH bound to: 32 - type: integer 
	Parameter C_S_AXIS_CARTESIAN_TUSER_WIDTH bound to: 1 - type: integer 
	Parameter C_M_AXIS_DOUT_TDATA_WIDTH bound to: 48 - type: integer 
	Parameter C_M_AXIS_DOUT_TUSER_WIDTH bound to: 1 - type: integer 
INFO: [Synth 8-3491] module 'cordic_v6_0_14' declared at 'c:/Users/Toph Beifong/Desktop/2023_step2_by_ygw_v4/2023_step2_by_ygw.srcs/sources_1/ip/cordic_translate_0/hdl/cordic_v6_0_vh_rfs.vhd:10135' bound to instance 'U0' of component 'cordic_v6_0_14' [c:/Users/Toph Beifong/Desktop/2023_step2_by_ygw_v4/2023_step2_by_ygw.srcs/sources_1/ip/cordic_translate_0/synth/cordic_translate_0.vhd:151]
INFO: [Synth 8-256] done synthesizing module 'cordic_translate_0' (30#1) [c:/Users/Toph Beifong/Desktop/2023_step2_by_ygw_v4/2023_step2_by_ygw.srcs/sources_1/ip/cordic_translate_0/synth/cordic_translate_0.vhd:72]
INFO: [Synth 8-6157] synthesizing module 'phase_diff_wrap' [C:/Users/Toph Beifong/Desktop/2023_step2_by_ygw_v4/2023_step2_by_ygw.srcs/sources_1/imports/rtl/phase_diff_wrap.v:5]
	Parameter PHASE_W bound to: 24 - type: integer 
	Parameter FRAC_W bound to: 21 - type: integer 
	Parameter PI_RAW bound to: 25'sb0001000000000000000000000 
	Parameter TWO_PI_RAW bound to: 25'sb0010000000000000000000000 
INFO: [Synth 8-6155] done synthesizing module 'phase_diff_wrap' (31#1) [C:/Users/Toph Beifong/Desktop/2023_step2_by_ygw_v4/2023_step2_by_ygw.srcs/sources_1/imports/rtl/phase_diff_wrap.v:5]
INFO: [Synth 8-6157] synthesizing module 'running_stats16' [C:/Users/Toph Beifong/Desktop/2023_step2_by_ygw_v4/2023_step2_by_ygw.srcs/sources_1/imports/rtl/running_stats16.v:5]
	Parameter LGN bound to: 13 - type: integer 
	Parameter N bound to: 8192 - type: integer 
INFO: [Synth 8-5534] Detected attribute (* use_dsp = "yes" *) [C:/Users/Toph Beifong/Desktop/2023_step2_by_ygw_v4/2023_step2_by_ygw.srcs/sources_1/imports/rtl/running_stats16.v:53]
INFO: [Synth 8-6155] done synthesizing module 'running_stats16' (32#1) [C:/Users/Toph Beifong/Desktop/2023_step2_by_ygw_v4/2023_step2_by_ygw.srcs/sources_1/imports/rtl/running_stats16.v:5]
INFO: [Synth 8-6157] synthesizing module 'hist16_snapshot' [C:/Users/Toph Beifong/Desktop/2023_step2_by_ygw_v4/2023_step2_by_ygw.srcs/sources_1/imports/rtl/hist16_snapshot.v:4]
	Parameter LGN bound to: 13 - type: integer 
	Parameter N bound to: 8192 - type: integer 
INFO: [Synth 8-6155] done synthesizing module 'hist16_snapshot' (33#1) [C:/Users/Toph Beifong/Desktop/2023_step2_by_ygw_v4/2023_step2_by_ygw.srcs/sources_1/imports/rtl/hist16_snapshot.v:4]
INFO: [Synth 8-6157] synthesizing module 'psk_spike_detector' [C:/Users/Toph Beifong/Desktop/2023_step2_by_ygw_v4/2023_step2_by_ygw.srcs/sources_1/imports/rtl/psk_spike_detector.v:5]
	Parameter PHASE_W bound to: 24 - type: integer 
	Parameter LGN bound to: 13 - type: integer 
	Parameter SPIKE_TH bound to: 943718 - type: integer 
	Parameter MIN_SPIKES bound to: 4 - type: integer 
	Parameter N bound to: 8192 - type: integer 
INFO: [Synth 8-6155] done synthesizing module 'psk_spike_detector' (34#1) [C:/Users/Toph Beifong/Desktop/2023_step2_by_ygw_v4/2023_step2_by_ygw.srcs/sources_1/imports/rtl/psk_spike_detector.v:5]
INFO: [Synth 8-6155] done synthesizing module 'demod_pool_core' (35#1) [C:/Users/Toph Beifong/Desktop/2023_step2_by_ygw_v4/2023_step2_by_ygw.srcs/sources_1/imports/rtl/demod_pool_core.v:9]
INFO: [Synth 8-6157] synthesizing module 'bpsk_rx_chain' [C:/Users/Toph Beifong/Desktop/2023_step2_by_ygw_v4/2023_step2_by_ygw.srcs/sources_1/imports/rtl/bpsk_rx_chain.v:5]
INFO: [Synth 8-6157] synthesizing module 'bpsk_costas_loop' [C:/Users/Toph Beifong/Desktop/2023_step2_by_ygw_v4/2023_step2_by_ygw.srcs/sources_1/imports/rtl/bpsk_costas_loop.v:8]
	Parameter KP_LSHIFT bound to: 5 - type: integer 
	Parameter KI_RSHIFT bound to: 3 - type: integer 
	Parameter LP_RSHIFT bound to: 3 - type: integer 
	Parameter FREQ_LIMIT bound to: 419430 - type: integer 
	Parameter MAG_GATE bound to: 16'b0000001100110011 
INFO: [Synth 8-6157] synthesizing module 'bpsk_nco_lut' [C:/Users/Toph Beifong/Desktop/2023_step2_by_ygw_v4/2023_step2_by_ygw.srcs/sources_1/imports/rtl/bpsk_nco_lut.v:82]
INFO: [Synth 8-6157] synthesizing module 'bpsk_quarter_sine' [C:/Users/Toph Beifong/Desktop/2023_step2_by_ygw_v4/2023_step2_by_ygw.srcs/sources_1/imports/rtl/bpsk_nco_lut.v:5]
INFO: [Synth 8-6155] done synthesizing module 'bpsk_quarter_sine' (36#1) [C:/Users/Toph Beifong/Desktop/2023_step2_by_ygw_v4/2023_step2_by_ygw.srcs/sources_1/imports/rtl/bpsk_nco_lut.v:5]
INFO: [Synth 8-6155] done synthesizing module 'bpsk_nco_lut' (37#1) [C:/Users/Toph Beifong/Desktop/2023_step2_by_ygw_v4/2023_step2_by_ygw.srcs/sources_1/imports/rtl/bpsk_nco_lut.v:82]
WARNING: [Synth 8-6014] Unused sequential element pipeline_overrun_sticky_reg was removed.  [C:/Users/Toph Beifong/Desktop/2023_step2_by_ygw_v4/2023_step2_by_ygw.srcs/sources_1/imports/rtl/bpsk_costas_loop.v:189]
INFO: [Synth 8-6155] done synthesizing module 'bpsk_costas_loop' (38#1) [C:/Users/Toph Beifong/Desktop/2023_step2_by_ygw_v4/2023_step2_by_ygw.srcs/sources_1/imports/rtl/bpsk_costas_loop.v:8]
INFO: [Synth 8-6157] synthesizing module 'bpsk_rate_detector' [C:/Users/Toph Beifong/Desktop/2023_step2_by_ygw_v4/2023_step2_by_ygw.srcs/sources_1/imports/rtl/bpsk_rate_detector.v:21]
	Parameter WORK_IDLE bound to: 3'b000 
	Parameter WORK_PREPARE bound to: 3'b001 
	Parameter WORK_SCAN bound to: 3'b010 
	Parameter WORK_SCORE bound to: 3'b011 
	Parameter WORK_CLASSIFY bound to: 3'b100 
INFO: [Synth 8-6155] done synthesizing module 'bpsk_rate_detector' (39#1) [C:/Users/Toph Beifong/Desktop/2023_step2_by_ygw_v4/2023_step2_by_ygw.srcs/sources_1/imports/rtl/bpsk_rate_detector.v:21]
INFO: [Synth 8-6157] synthesizing module 'bpsk_timing_recovery' [C:/Users/Toph Beifong/Desktop/2023_step2_by_ygw_v4/2023_step2_by_ygw.srcs/sources_1/imports/rtl/bpsk_timing_recovery.v:7]
	Parameter NRZ_LEVEL bound to: 16'sb0010000000000000 
INFO: [Synth 8-4471] merging register 'bit_valid_reg' into 'symbol_strobe_reg' [C:/Users/Toph Beifong/Desktop/2023_step2_by_ygw_v4/2023_step2_by_ygw.srcs/sources_1/imports/rtl/bpsk_timing_recovery.v:48]
WARNING: [Synth 8-6014] Unused sequential element bit_valid_reg was removed.  [C:/Users/Toph Beifong/Desktop/2023_step2_by_ygw_v4/2023_step2_by_ygw.srcs/sources_1/imports/rtl/bpsk_timing_recovery.v:48]
INFO: [Synth 8-6155] done synthesizing module 'bpsk_timing_recovery' (40#1) [C:/Users/Toph Beifong/Desktop/2023_step2_by_ygw_v4/2023_step2_by_ygw.srcs/sources_1/imports/rtl/bpsk_timing_recovery.v:7]
INFO: [Synth 8-6155] done synthesizing module 'bpsk_rx_chain' (41#1) [C:/Users/Toph Beifong/Desktop/2023_step2_by_ygw_v4/2023_step2_by_ygw.srcs/sources_1/imports/rtl/bpsk_rx_chain.v:5]
INFO: [Synth 8-6155] done synthesizing module 'demod_pool_core_bpsk' (42#1) [C:/Users/Toph Beifong/Desktop/2023_step2_by_ygw_v4/2023_step2_by_ygw.srcs/sources_1/imports/rtl/demod_pool_core_bpsk.v:5]
INFO: [Synth 8-6155] done synthesizing module 'design_1_demod_pool_core_bpsk_0_0' (43#1) [c:/Users/Toph Beifong/Desktop/2023_step2_by_ygw_v4/2023_step2_by_ygw.srcs/sources_1/bd/design_1/ip/design_1_demod_pool_core_bpsk_0_0/synth/design_1_demod_pool_core_bpsk_0_0.v:58]
WARNING: [Synth 8-3331] design bpsk_rate_detector has unconnected port i_recovered[14]
WARNING: [Synth 8-3331] design bpsk_rate_detector has unconnected port i_recovered[13]
WARNING: [Synth 8-3331] design bpsk_rate_detector has unconnected port i_recovered[12]
WARNING: [Synth 8-3331] design bpsk_rate_detector has unconnected port i_recovered[11]
WARNING: [Synth 8-3331] design bpsk_rate_detector has unconnected port i_recovered[10]
WARNING: [Synth 8-3331] design bpsk_rate_detector has unconnected port i_recovered[9]
WARNING: [Synth 8-3331] design bpsk_rate_detector has unconnected port i_recovered[8]
WARNING: [Synth 8-3331] design bpsk_rate_detector has unconnected port i_recovered[7]
WARNING: [Synth 8-3331] design bpsk_rate_detector has unconnected port i_recovered[6]
WARNING: [Synth 8-3331] design bpsk_rate_detector has unconnected port i_recovered[5]
WARNING: [Synth 8-3331] design bpsk_rate_detector has unconnected port i_recovered[4]
WARNING: [Synth 8-3331] design bpsk_rate_detector has unconnected port i_recovered[3]
WARNING: [Synth 8-3331] design bpsk_rate_detector has unconnected port i_recovered[2]
WARNING: [Synth 8-3331] design bpsk_rate_detector has unconnected port i_recovered[1]
WARNING: [Synth 8-3331] design bpsk_rate_detector has unconnected port i_recovered[0]
WARNING: [Synth 8-3331] design axi_slave_2to1 has unconnected port s_axis_a_tuser[0]
WARNING: [Synth 8-3331] design axi_slave_2to1 has unconnected port s_axis_a_tlast
WARNING: [Synth 8-3331] design axi_slave_2to1 has unconnected port s_axis_b_tuser[0]
WARNING: [Synth 8-3331] design axi_slave_2to1 has unconnected port s_axis_b_tlast
WARNING: [Synth 8-3331] design xbip_pipe_v3_0_5_viv has unconnected port CE
WARNING: [Synth 8-3331] design xbip_pipe_v3_0_5_viv has unconnected port SCLR
WARNING: [Synth 8-3331] design xbip_pipe_v3_0_5_viv has unconnected port SSET
WARNING: [Synth 8-3331] design xbip_pipe_v3_0_5_viv has unconnected port SINIT
WARNING: [Synth 8-3331] design delay__parameterized8 has unconnected port SCLR
WARNING: [Synth 8-3331] design delay_line__parameterized7 has unconnected port CLK
WARNING: [Synth 8-3331] design delay_line__parameterized7 has unconnected port CE
WARNING: [Synth 8-3331] design delay_line__parameterized7 has unconnected port SCLR
WARNING: [Synth 8-3331] design delay_line__parameterized6 has unconnected port CE
WARNING: [Synth 8-3331] design delay_line__parameterized5 has unconnected port CE
WARNING: [Synth 8-3331] design delay_line__parameterized4 has unconnected port CE
WARNING: [Synth 8-3331] design delay_line__parameterized3 has unconnected port CLK
WARNING: [Synth 8-3331] design delay_line__parameterized3 has unconnected port CE
WARNING: [Synth 8-3331] design delay_line__parameterized3 has unconnected port SCLR
WARNING: [Synth 8-3331] design delay_line__parameterized2 has unconnected port CE
WARNING: [Synth 8-3331] design delay_line__parameterized1 has unconnected port CE
WARNING: [Synth 8-3331] design delay_line has unconnected port CLK
WARNING: [Synth 8-3331] design delay_line has unconnected port CE
WARNING: [Synth 8-3331] design delay_line has unconnected port SCLR
WARNING: [Synth 8-3331] design delay_line__parameterized0 has unconnected port CLK
WARNING: [Synth 8-3331] design delay_line__parameterized0 has unconnected port CE
WARNING: [Synth 8-3331] design delay_line__parameterized0 has unconnected port SCLR
WARNING: [Synth 8-3331] design dsp has unconnected port D_PORT[24]
WARNING: [Synth 8-3331] design dsp has unconnected port D_PORT[23]
WARNING: [Synth 8-3331] design dsp has unconnected port D_PORT[22]
WARNING: [Synth 8-3331] design dsp has unconnected port D_PORT[21]
WARNING: [Synth 8-3331] design dsp has unconnected port D_PORT[20]
WARNING: [Synth 8-3331] design dsp has unconnected port D_PORT[19]
WARNING: [Synth 8-3331] design dsp has unconnected port D_PORT[18]
WARNING: [Synth 8-3331] design dsp has unconnected port D_PORT[17]
WARNING: [Synth 8-3331] design dsp has unconnected port D_PORT[16]
WARNING: [Synth 8-3331] design dsp has unconnected port D_PORT[15]
WARNING: [Synth 8-3331] design dsp has unconnected port D_PORT[14]
WARNING: [Synth 8-3331] design dsp has unconnected port D_PORT[13]
WARNING: [Synth 8-3331] design dsp has unconnected port D_PORT[12]
WARNING: [Synth 8-3331] design dsp has unconnected port D_PORT[11]
WARNING: [Synth 8-3331] design dsp has unconnected port D_PORT[10]
WARNING: [Synth 8-3331] design dsp has unconnected port D_PORT[9]
WARNING: [Synth 8-3331] design dsp has unconnected port D_PORT[8]
WARNING: [Synth 8-3331] design dsp has unconnected port D_PORT[7]
WARNING: [Synth 8-3331] design dsp has unconnected port D_PORT[6]
WARNING: [Synth 8-3331] design dsp has unconnected port D_PORT[5]
WARNING: [Synth 8-3331] design dsp has unconnected port D_PORT[4]
WARNING: [Synth 8-3331] design dsp has unconnected port D_PORT[3]
WARNING: [Synth 8-3331] design dsp has unconnected port D_PORT[2]
WARNING: [Synth 8-3331] design dsp has unconnected port D_PORT[1]
WARNING: [Synth 8-3331] design dsp has unconnected port D_PORT[0]
WARNING: [Synth 8-3331] design dsp has unconnected port CARRY_IN
WARNING: [Synth 8-3331] design ccm has unconnected port B[28]
WARNING: [Synth 8-3331] design ccm has unconnected port B[27]
WARNING: [Synth 8-3331] design ccm has unconnected port B[26]
WARNING: [Synth 8-3331] design ccm has unconnected port B[25]
WARNING: [Synth 8-3331] design ccm has unconnected port B[24]
WARNING: [Synth 8-3331] design ccm has unconnected port B[23]
WARNING: [Synth 8-3331] design ccm has unconnected port B[22]
WARNING: [Synth 8-3331] design ccm has unconnected port B[21]
WARNING: [Synth 8-3331] design ccm has unconnected port B[20]
WARNING: [Synth 8-3331] design ccm has unconnected port B[19]
WARNING: [Synth 8-3331] design ccm has unconnected port B[18]
WARNING: [Synth 8-3331] design ccm has unconnected port B[17]
WARNING: [Synth 8-3331] design ccm has unconnected port B[16]
WARNING: [Synth 8-3331] design ccm has unconnected port B[15]
WARNING: [Synth 8-3331] design ccm has unconnected port B[14]
WARNING: [Synth 8-3331] design ccm has unconnected port B[13]
WARNING: [Synth 8-3331] design ccm has unconnected port B[12]
WARNING: [Synth 8-3331] design ccm has unconnected port B[11]
WARNING: [Synth 8-3331] design ccm has unconnected port B[10]
WARNING: [Synth 8-3331] design ccm has unconnected port B[9]
WARNING: [Synth 8-3331] design ccm has unconnected port B[8]
WARNING: [Synth 8-3331] design ccm has unconnected port B[7]
WARNING: [Synth 8-3331] design ccm has unconnected port B[6]
WARNING: [Synth 8-3331] design ccm has unconnected port B[5]
WARNING: [Synth 8-3331] design ccm has unconnected port B[4]
WARNING: [Synth 8-3331] design ccm has unconnected port B[3]
WARNING: [Synth 8-3331] design ccm has unconnected port B[2]
WARNING: [Synth 8-3331] design ccm has unconnected port B[1]
WARNING: [Synth 8-3331] design ccm has unconnected port B[0]
WARNING: [Synth 8-3331] design mult_gen_v12_0_14_viv has unconnected port CE
WARNING: [Synth 8-3331] design c_reg_fd_v12_0_5_viv__parameterized2 has unconnected port CE
WARNING: [Synth 8-3331] design c_reg_fd_v12_0_5_viv__parameterized2 has unconnected port AINIT
WARNING: [Synth 8-3331] design c_reg_fd_v12_0_5_viv__parameterized2 has unconnected port ACLR
INFO: [Common 17-14] Message 'Synth 8-3331' appears 100 times and further instances of the messages will be disabled. Use the Tcl command set_msg_config to change the current settings.
---------------------------------------------------------------------------------
Finished RTL Elaboration : Time (s): cpu = 00:00:19 ; elapsed = 00:00:21 . Memory (MB): peak = 665.992 ; gain = 286.434
---------------------------------------------------------------------------------

Report Check Netlist: 
+------+------------------+-------+---------+-------+------------------+
|      |Item              |Errors |Warnings |Status |Description       |
+------+------------------+-------+---------+-------+------------------+
|1     |multi_driven_nets |      0|        0|Passed |Multi driven nets |
+------+------------------+-------+---------+-------+------------------+
---------------------------------------------------------------------------------
Start Handling Custom Attributes
---------------------------------------------------------------------------------
---------------------------------------------------------------------------------
Finished Handling Custom Attributes : Time (s): cpu = 00:00:19 ; elapsed = 00:00:21 . Memory (MB): peak = 665.992 ; gain = 286.434
---------------------------------------------------------------------------------
---------------------------------------------------------------------------------
Finished RTL Optimization Phase 1 : Time (s): cpu = 00:00:19 ; elapsed = 00:00:21 . Memory (MB): peak = 665.992 ; gain = 286.434
---------------------------------------------------------------------------------
INFO: [Netlist 29-17] Analyzing 4315 Unisim elements for replacement
INFO: [Netlist 29-28] Unisim Transformation completed in 0 CPU seconds
INFO: [Device 21-403] Loading part xc7z020clg400-2
INFO: [Project 1-570] Preparing netlist for logic optimization

Processing XDC Constraints
Initializing timing engine
Parsing XDC File [c:/Users/Toph Beifong/Desktop/2023_step2_by_ygw_v4/2023_step2_by_ygw.srcs/sources_1/bd/design_1/ip/design_1_demod_pool_core_bpsk_0_0/design_1_demod_pool_core_bpsk_0_0_ooc.xdc] for cell 'inst'
Finished Parsing XDC File [c:/Users/Toph Beifong/Desktop/2023_step2_by_ygw_v4/2023_step2_by_ygw.srcs/sources_1/bd/design_1/ip/design_1_demod_pool_core_bpsk_0_0/design_1_demod_pool_core_bpsk_0_0_ooc.xdc] for cell 'inst'
Parsing XDC File [C:/Users/Toph Beifong/Desktop/2023_step2_by_ygw_v4/2023_step2_by_ygw.runs/design_1_demod_pool_core_bpsk_0_0_synth_1/dont_touch.xdc]
Finished Parsing XDC File [C:/Users/Toph Beifong/Desktop/2023_step2_by_ygw_v4/2023_step2_by_ygw.runs/design_1_demod_pool_core_bpsk_0_0_synth_1/dont_touch.xdc]
Completed Processing XDC Constraints

Netlist sorting complete. Time (s): cpu = 00:00:00 ; elapsed = 00:00:00.003 . Memory (MB): peak = 938.918 ; gain = 0.000
INFO: [Project 1-111] Unisim Transformation Summary:
No Unisim elements were transformed.

Netlist sorting complete. Time (s): cpu = 00:00:00 ; elapsed = 00:00:00.003 . Memory (MB): peak = 944.559 ; gain = 0.000
Constraint Validation Runtime : Time (s): cpu = 00:00:00 ; elapsed = 00:00:00.114 . Memory (MB): peak = 946.129 ; gain = 7.211
---------------------------------------------------------------------------------
Finished Constraint Validation : Time (s): cpu = 00:00:25 ; elapsed = 00:00:28 . Memory (MB): peak = 946.129 ; gain = 566.570
---------------------------------------------------------------------------------
---------------------------------------------------------------------------------
Start Loading Part and Timing Information
---------------------------------------------------------------------------------
Loading part: xc7z020clg400-2
---------------------------------------------------------------------------------
Finished Loading Part and Timing Information : Time (s): cpu = 00:00:25 ; elapsed = 00:00:28 . Memory (MB): peak = 946.129 ; gain = 566.570
---------------------------------------------------------------------------------
---------------------------------------------------------------------------------
Start Applying 'set_property' XDC Constraints
---------------------------------------------------------------------------------
Applied set_property DONT_TOUCH = true for inst. (constraint file  {C:/Users/Toph Beifong/Desktop/2023_step2_by_ygw_v4/2023_step2_by_ygw.runs/design_1_demod_pool_core_bpsk_0_0_synth_1/dont_touch.xdc}, line 12).
Applied set_property DONT_TOUCH = true for inst/u_feature_core/u_cordic_translate. (constraint file  auto generated constraint, line ).
---------------------------------------------------------------------------------
Finished applying 'set_property' XDC Constraints : Time (s): cpu = 00:00:25 ; elapsed = 00:00:28 . Memory (MB): peak = 946.129 ; gain = 566.570
---------------------------------------------------------------------------------
INFO: [Synth 8-5546] ROM "sum" won't be mapped to RAM because it is too sparse
INFO: [Synth 8-5546] ROM "sumsq" won't be mapped to RAM because it is too sparse
INFO: [Synth 8-5544] ROM "live_reg[0]" won't be mapped to Block RAM because address size (4) smaller than threshold (5)
INFO: [Synth 8-5544] ROM "live_reg[1]" won't be mapped to Block RAM because address size (4) smaller than threshold (5)
INFO: [Synth 8-5544] ROM "live_reg[2]" won't be mapped to Block RAM because address size (4) smaller than threshold (5)
INFO: [Synth 8-5544] ROM "live_reg[3]" won't be mapped to Block RAM because address size (4) smaller than threshold (5)
INFO: [Synth 8-5544] ROM "live_reg[4]" won't be mapped to Block RAM because address size (4) smaller than threshold (5)
INFO: [Synth 8-5544] ROM "live_reg[5]" won't be mapped to Block RAM because address size (4) smaller than threshold (5)
INFO: [Synth 8-5544] ROM "live_reg[6]" won't be mapped to Block RAM because address size (4) smaller than threshold (5)
INFO: [Synth 8-5544] ROM "live_reg[7]" won't be mapped to Block RAM because address size (4) smaller than threshold (5)
INFO: [Synth 8-5544] ROM "live_reg[8]" won't be mapped to Block RAM because address size (4) smaller than threshold (5)
INFO: [Synth 8-5544] ROM "live_reg[9]" won't be mapped to Block RAM because address size (4) smaller than threshold (5)
INFO: [Synth 8-5544] ROM "live_reg[10]" won't be mapped to Block RAM because address size (4) smaller than threshold (5)
INFO: [Synth 8-5544] ROM "live_reg[11]" won't be mapped to Block RAM because address size (4) smaller than threshold (5)
INFO: [Synth 8-5544] ROM "live_reg[12]" won't be mapped to Block RAM because address size (4) smaller than threshold (5)
INFO: [Synth 8-5544] ROM "live_reg[13]" won't be mapped to Block RAM because address size (4) smaller than threshold (5)
INFO: [Synth 8-5544] ROM "live_reg[14]" won't be mapped to Block RAM because address size (4) smaller than threshold (5)
INFO: [Synth 8-5544] ROM "live_reg[15]" won't be mapped to Block RAM because address size (4) smaller than threshold (5)
INFO: [Synth 8-5546] ROM "snap" won't be mapped to RAM because it is too sparse
INFO: [Synth 8-5546] ROM "live_spikes" won't be mapped to RAM because it is too sparse
INFO: [Synth 8-5818] HDL ADVISOR - The operator resource <adder> is shared. To prevent sharing consider applying a KEEP on the output of the operator [C:/Users/Toph Beifong/Desktop/2023_step2_by_ygw_v4/2023_step2_by_ygw.srcs/sources_1/imports/rtl/bpsk_rate_detector.v:55]
INFO: [Synth 8-5818] HDL ADVISOR - The operator resource <adder> is shared. To prevent sharing consider applying a KEEP on the output of the operator [C:/Users/Toph Beifong/Desktop/2023_step2_by_ygw_v4/2023_step2_by_ygw.srcs/sources_1/imports/rtl/bpsk_rate_detector.v:55]
INFO: [Synth 8-5818] HDL ADVISOR - The operator resource <adder> is shared. To prevent sharing consider applying a KEEP on the output of the operator [C:/Users/Toph Beifong/Desktop/2023_step2_by_ygw_v4/2023_step2_by_ygw.srcs/sources_1/imports/rtl/bpsk_rate_detector.v:55]
INFO: [Synth 8-5544] ROM "work_state" won't be mapped to Block RAM because address size (3) smaller than threshold (5)
INFO: [Synth 8-5544] ROM "candidate_index" won't be mapped to Block RAM because address size (3) smaller than threshold (5)
INFO: [Synth 8-5544] ROM "active_rate" won't be mapped to Block RAM because address size (2) smaller than threshold (5)
---------------------------------------------------------------------------------
Finished RTL Optimization Phase 2 : Time (s): cpu = 00:00:26 ; elapsed = 00:00:29 . Memory (MB): peak = 946.129 ; gain = 566.570
---------------------------------------------------------------------------------

Report RTL Partitions: 
+-+--------------+------------+----------+
| |RTL Partition |Replication |Instances |
+-+--------------+------------+----------+
+-+--------------+------------+----------+
---------------------------------------------------------------------------------
Start RTL Component Statistics 
---------------------------------------------------------------------------------
---------------------------------------------------------------------------------
Finished RTL Component Statistics 
---------------------------------------------------------------------------------
---------------------------------------------------------------------------------
Start RTL Hierarchical Component Statistics 
---------------------------------------------------------------------------------
---------------------------------------------------------------------------------
Finished RTL Hierarchical Component Statistics
---------------------------------------------------------------------------------
---------------------------------------------------------------------------------
Start Part Resource Summary
---------------------------------------------------------------------------------
Part Resources:
DSPs: 220 (col length:60)
BRAMs: 280 (col length: RAMB18 60 RAMB36 30)
---------------------------------------------------------------------------------
Finished Part Resource Summary
---------------------------------------------------------------------------------
---------------------------------------------------------------------------------
Start Cross Boundary and Area Optimization
---------------------------------------------------------------------------------
Warning: Parallel synthesis criteria is not met 
INFO: [Synth 8-5546] ROM "sumsq" won't be mapped to RAM because it is too sparse
INFO: [Synth 8-5546] ROM "sum" won't be mapped to RAM because it is too sparse
INFO: [Synth 8-5845] Not enough pipeline registers after wide multiplier. Recommended levels of pipeline registers is 4 [C:/Users/Toph Beifong/Desktop/2023_step2_by_ygw_v4/2023_step2_by_ygw.srcs/sources_1/imports/rtl/running_stats16.v:61]
INFO: [Synth 8-5546] ROM "sumsq" won't be mapped to RAM because it is too sparse
INFO: [Synth 8-5546] ROM "sum" won't be mapped to RAM because it is too sparse
INFO: [Synth 8-5546] ROM "snap" won't be mapped to RAM because it is too sparse
INFO: [Synth 8-5546] ROM "snap" won't be mapped to RAM because it is too sparse
INFO: [Synth 8-5546] ROM "live_spikes" won't be mapped to RAM because it is too sparse
INFO: [Synth 8-4471] merging register 'cosine_pipe_reg[15:0]' into 'cosine_pipe_reg[15:0]' [C:/Users/Toph Beifong/Desktop/2023_step2_by_ygw_v4/2023_step2_by_ygw.srcs/sources_1/imports/rtl/bpsk_costas_loop.v:165]
INFO: [Synth 8-4471] merging register 'sine_pipe_reg[15:0]' into 'sine_pipe_reg[15:0]' [C:/Users/Toph Beifong/Desktop/2023_step2_by_ygw_v4/2023_step2_by_ygw.srcs/sources_1/imports/rtl/bpsk_costas_loop.v:164]
INFO: [Synth 8-4471] merging register 'sample_q_pipe_reg[15:0]' into 'sample_q_pipe_reg[15:0]' [C:/Users/Toph Beifong/Desktop/2023_step2_by_ygw_v4/2023_step2_by_ygw.srcs/sources_1/imports/rtl/bpsk_costas_loop.v:163]
INFO: [Synth 8-4471] merging register 'sample_i_pipe_reg[15:0]' into 'sample_i_pipe_reg[15:0]' [C:/Users/Toph Beifong/Desktop/2023_step2_by_ygw_v4/2023_step2_by_ygw.srcs/sources_1/imports/rtl/bpsk_costas_loop.v:162]
Why this net has no driver: _order_recur <const0>
INFO: [Synth 8-5544] ROM "candidate_index" won't be mapped to Block RAM because address size (3) smaller than threshold (5)
INFO: [Synth 8-5544] ROM "work_state" won't be mapped to Block RAM because address size (3) smaller than threshold (5)
INFO: [Synth 8-5546] ROM "p_0_out" won't be mapped to RAM because it is too sparse
INFO: [Synth 8-3886] merging instance 'inst/u_bpsk_rx/u_costas/frequency_commit_pipe_reg[0]' (FDRE) to 'inst/u_bpsk_rx/u_costas/phase_correction_pipe_reg[0]'
INFO: [Synth 8-3886] merging instance 'inst/u_bpsk_rx/u_costas/frequency_commit_pipe_reg[1]' (FDRE) to 'inst/u_bpsk_rx/u_costas/phase_correction_pipe_reg[1]'
INFO: [Synth 8-3886] merging instance 'inst/u_bpsk_rx/u_costas/frequency_commit_pipe_reg[2]' (FDRE) to 'inst/u_bpsk_rx/u_costas/phase_correction_pipe_reg[2]'
INFO: [Synth 8-3886] merging instance 'inst/u_bpsk_rx/u_costas/frequency_commit_pipe_reg[3]' (FDRE) to 'inst/u_bpsk_rx/u_costas/phase_correction_pipe_reg[3]'
INFO: [Synth 8-3886] merging instance 'inst/u_feature_core/u_freq_stats/n_sumsq_pipe_reg[0]' (FDRE) to 'inst/u_feature_core/u_freq_stats/n_sumsq_pipe_reg[63]'
INFO: [Synth 8-3886] merging instance 'inst/u_feature_core/u_mag_stats/n_sumsq_pipe_reg[0]' (FDRE) to 'inst/u_feature_core/u_mag_stats/n_sumsq_pipe_reg[63]'
INFO: [Synth 8-3886] merging instance 'inst/u_feature_core/u_freq_stats/n_sumsq_pipe_reg[1]' (FDRE) to 'inst/u_feature_core/u_freq_stats/n_sumsq_pipe_reg[63]'
INFO: [Synth 8-3886] merging instance 'inst/u_feature_core/u_freq_stats/n_sumsq_pipe_reg[2]' (FDRE) to 'inst/u_feature_core/u_freq_stats/n_sumsq_pipe_reg[63]'
INFO: [Synth 8-3886] merging instance 'inst/u_feature_core/u_freq_stats/n_sumsq_pipe_reg[3]' (FDRE) to 'inst/u_feature_core/u_freq_stats/n_sumsq_pipe_reg[63]'
INFO: [Synth 8-3886] merging instance 'inst/u_feature_core/u_freq_stats/n_sumsq_pipe_reg[4]' (FDRE) to 'inst/u_feature_core/u_freq_stats/n_sumsq_pipe_reg[63]'
INFO: [Synth 8-3886] merging instance 'inst/u_feature_core/u_freq_stats/n_sumsq_pipe_reg[5]' (FDRE) to 'inst/u_feature_core/u_freq_stats/n_sumsq_pipe_reg[63]'
INFO: [Synth 8-3886] merging instance 'inst/u_feature_core/u_freq_stats/n_sumsq_pipe_reg[6]' (FDRE) to 'inst/u_feature_core/u_freq_stats/n_sumsq_pipe_reg[63]'
INFO: [Synth 8-3886] merging instance 'inst/u_feature_core/u_freq_stats/n_sumsq_pipe_reg[7]' (FDRE) to 'inst/u_feature_core/u_freq_stats/n_sumsq_pipe_reg[63]'
INFO: [Synth 8-3886] merging instance 'inst/u_feature_core/u_freq_stats/n_sumsq_pipe_reg[8]' (FDRE) to 'inst/u_feature_core/u_freq_stats/n_sumsq_pipe_reg[63]'
INFO: [Synth 8-3886] merging instance 'inst/u_feature_core/u_freq_stats/n_sumsq_pipe_reg[9]' (FDRE) to 'inst/u_feature_core/u_freq_stats/n_sumsq_pipe_reg[63]'
INFO: [Synth 8-3886] merging instance 'inst/u_feature_core/u_freq_stats/n_sumsq_pipe_reg[10]' (FDRE) to 'inst/u_feature_core/u_freq_stats/n_sumsq_pipe_reg[63]'
INFO: [Synth 8-3886] merging instance 'inst/u_feature_core/u_freq_stats/n_sumsq_pipe_reg[11]' (FDRE) to 'inst/u_feature_core/u_freq_stats/n_sumsq_pipe_reg[63]'
INFO: [Synth 8-3886] merging instance 'inst/u_feature_core/u_freq_stats/n_sumsq_pipe_reg[12]' (FDRE) to 'inst/u_feature_core/u_freq_stats/n_sumsq_pipe_reg[63]'
INFO: [Synth 8-3886] merging instance 'inst/u_feature_core/u_freq_stats/n_sumsq_pipe_reg[61]' (FDRE) to 'inst/u_feature_core/u_freq_stats/n_sumsq_pipe_reg[63]'
INFO: [Synth 8-3886] merging instance 'inst/u_feature_core/u_freq_stats/n_sumsq_pipe_reg[62]' (FDRE) to 'inst/u_feature_core/u_freq_stats/n_sumsq_pipe_reg[63]'
INFO: [Synth 8-3333] propagating constant 0 across sequential element (inst/u_feature_core/\u_freq_stats/n_sumsq_pipe_reg[63] )
INFO: [Synth 8-3886] merging instance 'inst/u_feature_core/u_mag_stats/n_sumsq_pipe_reg[1]' (FDRE) to 'inst/u_feature_core/u_mag_stats/n_sumsq_pipe_reg[63]'
INFO: [Synth 8-3886] merging instance 'inst/u_feature_core/u_mag_stats/n_sumsq_pipe_reg[2]' (FDRE) to 'inst/u_feature_core/u_mag_stats/n_sumsq_pipe_reg[63]'
INFO: [Synth 8-3886] merging instance 'inst/u_feature_core/u_mag_stats/n_sumsq_pipe_reg[3]' (FDRE) to 'inst/u_feature_core/u_mag_stats/n_sumsq_pipe_reg[63]'
INFO: [Synth 8-3886] merging instance 'inst/u_feature_core/u_mag_stats/n_sumsq_pipe_reg[4]' (FDRE) to 'inst/u_feature_core/u_mag_stats/n_sumsq_pipe_reg[63]'
INFO: [Synth 8-3886] merging instance 'inst/u_feature_core/u_mag_stats/n_sumsq_pipe_reg[5]' (FDRE) to 'inst/u_feature_core/u_mag_stats/n_sumsq_pipe_reg[63]'
INFO: [Synth 8-3886] merging instance 'inst/u_feature_core/u_mag_stats/n_sumsq_pipe_reg[6]' (FDRE) to 'inst/u_feature_core/u_mag_stats/n_sumsq_pipe_reg[63]'
INFO: [Synth 8-3886] merging instance 'inst/u_feature_core/u_mag_stats/n_sumsq_pipe_reg[7]' (FDRE) to 'inst/u_feature_core/u_mag_stats/n_sumsq_pipe_reg[63]'
INFO: [Synth 8-3886] merging instance 'inst/u_feature_core/u_mag_stats/n_sumsq_pipe_reg[8]' (FDRE) to 'inst/u_feature_core/u_mag_stats/n_sumsq_pipe_reg[63]'
INFO: [Synth 8-3886] merging instance 'inst/u_feature_core/u_mag_stats/n_sumsq_pipe_reg[9]' (FDRE) to 'inst/u_feature_core/u_mag_stats/n_sumsq_pipe_reg[63]'
INFO: [Synth 8-3886] merging instance 'inst/u_feature_core/u_mag_stats/n_sumsq_pipe_reg[10]' (FDRE) to 'inst/u_feature_core/u_mag_stats/n_sumsq_pipe_reg[63]'
INFO: [Synth 8-3886] merging instance 'inst/u_feature_core/u_mag_stats/n_sumsq_pipe_reg[11]' (FDRE) to 'inst/u_feature_core/u_mag_stats/n_sumsq_pipe_reg[63]'
INFO: [Synth 8-3886] merging instance 'inst/u_feature_core/u_mag_stats/n_sumsq_pipe_reg[12]' (FDRE) to 'inst/u_feature_core/u_mag_stats/n_sumsq_pipe_reg[63]'
INFO: [Synth 8-3886] merging instance 'inst/u_feature_core/u_mag_stats/n_sumsq_pipe_reg[61]' (FDRE) to 'inst/u_feature_core/u_mag_stats/n_sumsq_pipe_reg[63]'
INFO: [Synth 8-3886] merging instance 'inst/u_feature_core/u_mag_stats/n_sumsq_pipe_reg[62]' (FDRE) to 'inst/u_feature_core/u_mag_stats/n_sumsq_pipe_reg[63]'
INFO: [Synth 8-3333] propagating constant 0 across sequential element (inst/u_feature_core/\u_mag_stats/n_sumsq_pipe_reg[63] )
INFO: [Synth 8-3886] merging instance 'inst/u_bpsk_rx/u_timing/nrz_out_reg[0]' (FDRE) to 'inst/u_bpsk_rx/u_timing/nrz_out_reg[1]'
INFO: [Synth 8-3886] merging instance 'inst/u_bpsk_rx/u_timing/nrz_out_reg[1]' (FDRE) to 'inst/u_bpsk_rx/u_timing/nrz_out_reg[2]'
INFO: [Synth 8-3886] merging instance 'inst/u_bpsk_rx/u_timing/nrz_out_reg[2]' (FDRE) to 'inst/u_bpsk_rx/u_timing/nrz_out_reg[3]'
INFO: [Synth 8-3886] merging instance 'inst/u_bpsk_rx/u_timing/nrz_out_reg[3]' (FDRE) to 'inst/u_bpsk_rx/u_timing/nrz_out_reg[4]'
INFO: [Synth 8-3886] merging instance 'inst/u_bpsk_rx/u_timing/nrz_out_reg[4]' (FDRE) to 'inst/u_bpsk_rx/u_timing/nrz_out_reg[5]'
INFO: [Synth 8-3886] merging instance 'inst/u_bpsk_rx/u_timing/nrz_out_reg[5]' (FDRE) to 'inst/u_bpsk_rx/u_timing/nrz_out_reg[6]'
INFO: [Synth 8-3886] merging instance 'inst/u_bpsk_rx/u_timing/nrz_out_reg[6]' (FDRE) to 'inst/u_bpsk_rx/u_timing/nrz_out_reg[7]'
INFO: [Synth 8-3886] merging instance 'inst/u_bpsk_rx/u_timing/nrz_out_reg[7]' (FDRE) to 'inst/u_bpsk_rx/u_timing/nrz_out_reg[8]'
INFO: [Synth 8-3886] merging instance 'inst/u_bpsk_rx/u_timing/nrz_out_reg[8]' (FDRE) to 'inst/u_bpsk_rx/u_timing/nrz_out_reg[9]'
INFO: [Synth 8-3886] merging instance 'inst/u_bpsk_rx/u_timing/nrz_out_reg[9]' (FDRE) to 'inst/u_bpsk_rx/u_timing/nrz_out_reg[10]'
INFO: [Synth 8-3886] merging instance 'inst/u_bpsk_rx/u_timing/nrz_out_reg[10]' (FDRE) to 'inst/u_bpsk_rx/u_timing/nrz_out_reg[11]'
INFO: [Synth 8-3886] merging instance 'inst/u_bpsk_rx/u_timing/nrz_out_reg[11]' (FDRE) to 'inst/u_bpsk_rx/u_timing/nrz_out_reg[12]'
INFO: [Synth 8-3333] propagating constant 0 across sequential element (inst/u_bpsk_rx/\u_timing/nrz_out_reg[12] )
INFO: [Synth 8-3886] merging instance 'inst/u_bpsk_rx/u_timing/nrz_out_reg[14]' (FDRE) to 'inst/u_bpsk_rx/u_timing/nrz_out_reg[15]'
WARNING: [Synth 8-3332] Sequential element (u_mag_stats/sum_square_pipe_reg[47]) is unused and will be removed from module demod_pool_core.
WARNING: [Synth 8-3332] Sequential element (u_mag_stats/sum_square_pipe_reg[46]) is unused and will be removed from module demod_pool_core.
WARNING: [Synth 8-3332] Sequential element (u_mag_stats/sum_square_pipe_reg[45]) is unused and will be removed from module demod_pool_core.
WARNING: [Synth 8-3332] Sequential element (u_mag_stats/sum_square_pipe_reg[44]) is unused and will be removed from module demod_pool_core.
WARNING: [Synth 8-3332] Sequential element (u_mag_stats/sum_square_pipe_reg[43]) is unused and will be removed from module demod_pool_core.
WARNING: [Synth 8-3332] Sequential element (u_mag_stats/sum_square_pipe_reg[42]) is unused and will be removed from module demod_pool_core.
WARNING: [Synth 8-3332] Sequential element (u_mag_stats/sum_square_pipe_reg[41]) is unused and will be removed from module demod_pool_core.
WARNING: [Synth 8-3332] Sequential element (u_mag_stats/sum_square_pipe_reg[40]) is unused and will be removed from module demod_pool_core.
WARNING: [Synth 8-3332] Sequential element (u_mag_stats/sum_square_pipe_reg[39]) is unused and will be removed from module demod_pool_core.
WARNING: [Synth 8-3332] Sequential element (u_mag_stats/sum_square_pipe_reg[38]) is unused and will be removed from module demod_pool_core.
WARNING: [Synth 8-3332] Sequential element (u_mag_stats/sum_square_pipe_reg[37]) is unused and will be removed from module demod_pool_core.
WARNING: [Synth 8-3332] Sequential element (u_mag_stats/sum_square_pipe_reg[36]) is unused and will be removed from module demod_pool_core.
WARNING: [Synth 8-3332] Sequential element (u_mag_stats/sum_square_pipe_reg[35]) is unused and will be removed from module demod_pool_core.
WARNING: [Synth 8-3332] Sequential element (u_mag_stats/sum_square_pipe_reg[34]) is unused and will be removed from module demod_pool_core.
WARNING: [Synth 8-3332] Sequential element (u_mag_stats/sum_square_pipe_reg[33]) is unused and will be removed from module demod_pool_core.
WARNING: [Synth 8-3332] Sequential element (u_mag_stats/sum_square_pipe_reg[32]) is unused and will be removed from module demod_pool_core.
WARNING: [Synth 8-3332] Sequential element (u_mag_stats/sum_square_pipe_reg[31]) is unused and will be removed from module demod_pool_core.
WARNING: [Synth 8-3332] Sequential element (u_mag_stats/sum_square_pipe_reg[30]) is unused and will be removed from module demod_pool_core.
WARNING: [Synth 8-3332] Sequential element (u_mag_stats/sum_square_pipe_reg[29]) is unused and will be removed from module demod_pool_core.
WARNING: [Synth 8-3332] Sequential element (u_mag_stats/sum_square_pipe_reg[28]) is unused and will be removed from module demod_pool_core.
WARNING: [Synth 8-3332] Sequential element (u_mag_stats/sum_square_pipe_reg[27]) is unused and will be removed from module demod_pool_core.
WARNING: [Synth 8-3332] Sequential element (u_mag_stats/sum_square_pipe_reg[26]) is unused and will be removed from module demod_pool_core.
WARNING: [Synth 8-3332] Sequential element (u_mag_stats/sum_square_pipe_reg[25]) is unused and will be removed from module demod_pool_core.
WARNING: [Synth 8-3332] Sequential element (u_mag_stats/sum_square_pipe_reg[24]) is unused and will be removed from module demod_pool_core.
WARNING: [Synth 8-3332] Sequential element (u_mag_stats/sum_square_pipe_reg[23]) is unused and will be removed from module demod_pool_core.
WARNING: [Synth 8-3332] Sequential element (u_mag_stats/sum_square_pipe_reg[22]) is unused and will be removed from module demod_pool_core.
WARNING: [Synth 8-3332] Sequential element (u_mag_stats/sum_square_pipe_reg[21]) is unused and will be removed from module demod_pool_core.
WARNING: [Synth 8-3332] Sequential element (u_mag_stats/sum_square_pipe_reg[20]) is unused and will be removed from module demod_pool_core.
WARNING: [Synth 8-3332] Sequential element (u_mag_stats/sum_square_pipe_reg[19]) is unused and will be removed from module demod_pool_core.
WARNING: [Synth 8-3332] Sequential element (u_mag_stats/sum_square_pipe_reg[18]) is unused and will be removed from module demod_pool_core.
WARNING: [Synth 8-3332] Sequential element (u_mag_stats/sum_square_pipe_reg[17]) is unused and will be removed from module demod_pool_core.
WARNING: [Synth 8-3332] Sequential element (u_mag_stats/sum_square_pipe_reg[47]__0) is unused and will be removed from module demod_pool_core.
WARNING: [Synth 8-3332] Sequential element (u_mag_stats/sum_square_pipe_reg[46]__0) is unused and will be removed from module demod_pool_core.
WARNING: [Synth 8-3332] Sequential element (u_mag_stats/sum_square_pipe_reg[45]__0) is unused and will be removed from module demod_pool_core.
WARNING: [Synth 8-3332] Sequential element (u_mag_stats/sum_square_pipe_reg[44]__0) is unused and will be removed from module demod_pool_core.
WARNING: [Synth 8-3332] Sequential element (u_mag_stats/sum_square_pipe_reg[43]__0) is unused and will be removed from module demod_pool_core.
WARNING: [Synth 8-3332] Sequential element (u_mag_stats/sum_square_pipe_reg[42]__0) is unused and will be removed from module demod_pool_core.
WARNING: [Synth 8-3332] Sequential element (u_mag_stats/sum_square_pipe_reg[41]__0) is unused and will be removed from module demod_pool_core.
WARNING: [Synth 8-3332] Sequential element (u_mag_stats/sum_square_pipe_reg[40]__0) is unused and will be removed from module demod_pool_core.
WARNING: [Synth 8-3332] Sequential element (u_mag_stats/sum_square_pipe_reg[39]__0) is unused and will be removed from module demod_pool_core.
WARNING: [Synth 8-3332] Sequential element (u_mag_stats/sum_square_pipe_reg[38]__0) is unused and will be removed from module demod_pool_core.
WARNING: [Synth 8-3332] Sequential element (u_mag_stats/sum_square_pipe_reg[37]__0) is unused and will be removed from module demod_pool_core.
WARNING: [Synth 8-3332] Sequential element (u_mag_stats/sum_square_pipe_reg[36]__0) is unused and will be removed from module demod_pool_core.
WARNING: [Synth 8-3332] Sequential element (u_mag_stats/sum_square_pipe_reg[35]__0) is unused and will be removed from module demod_pool_core.
WARNING: [Synth 8-3332] Sequential element (u_mag_stats/sum_square_pipe_reg[34]__0) is unused and will be removed from module demod_pool_core.
WARNING: [Synth 8-3332] Sequential element (u_mag_stats/sum_square_pipe_reg[33]__0) is unused and will be removed from module demod_pool_core.
WARNING: [Synth 8-3332] Sequential element (u_mag_stats/sum_square_pipe_reg[32]__0) is unused and will be removed from module demod_pool_core.
WARNING: [Synth 8-3332] Sequential element (u_mag_stats/sum_square_pipe_reg[31]__0) is unused and will be removed from module demod_pool_core.
WARNING: [Synth 8-3332] Sequential element (u_mag_stats/sum_square_pipe_reg[30]__0) is unused and will be removed from module demod_pool_core.
WARNING: [Synth 8-3332] Sequential element (u_mag_stats/sum_square_pipe_reg[29]__0) is unused and will be removed from module demod_pool_core.
WARNING: [Synth 8-3332] Sequential element (u_mag_stats/sum_square_pipe_reg[28]__0) is unused and will be removed from module demod_pool_core.
WARNING: [Synth 8-3332] Sequential element (u_mag_stats/sum_square_pipe_reg[27]__0) is unused and will be removed from module demod_pool_core.
WARNING: [Synth 8-3332] Sequential element (u_mag_stats/sum_square_pipe_reg[26]__0) is unused and will be removed from module demod_pool_core.
WARNING: [Synth 8-3332] Sequential element (u_mag_stats/sum_square_pipe_reg[25]__0) is unused and will be removed from module demod_pool_core.
WARNING: [Synth 8-3332] Sequential element (u_mag_stats/sum_square_pipe_reg[24]__0) is unused and will be removed from module demod_pool_core.
WARNING: [Synth 8-3332] Sequential element (u_mag_stats/sum_square_pipe_reg[23]__0) is unused and will be removed from module demod_pool_core.
WARNING: [Synth 8-3332] Sequential element (u_mag_stats/sum_square_pipe_reg[22]__0) is unused and will be removed from module demod_pool_core.
WARNING: [Synth 8-3332] Sequential element (u_mag_stats/sum_square_pipe_reg[21]__0) is unused and will be removed from module demod_pool_core.
WARNING: [Synth 8-3332] Sequential element (u_mag_stats/sum_square_pipe_reg[20]__0) is unused and will be removed from module demod_pool_core.
WARNING: [Synth 8-3332] Sequential element (u_mag_stats/sum_square_pipe_reg[19]__0) is unused and will be removed from module demod_pool_core.
WARNING: [Synth 8-3332] Sequential element (u_mag_stats/sum_square_pipe_reg[18]__0) is unused and will be removed from module demod_pool_core.
WARNING: [Synth 8-3332] Sequential element (u_mag_stats/sum_square_pipe_reg[17]__0) is unused and will be removed from module demod_pool_core.
WARNING: [Synth 8-3332] Sequential element (u_freq_stats/sum_square_pipe_reg[47]) is unused and will be removed from module demod_pool_core.
WARNING: [Synth 8-3332] Sequential element (u_freq_stats/sum_square_pipe_reg[46]) is unused and will be removed from module demod_pool_core.
WARNING: [Synth 8-3332] Sequential element (u_freq_stats/sum_square_pipe_reg[45]) is unused and will be removed from module demod_pool_core.
WARNING: [Synth 8-3332] Sequential element (u_freq_stats/sum_square_pipe_reg[44]) is unused and will be removed from module demod_pool_core.
WARNING: [Synth 8-3332] Sequential element (u_freq_stats/sum_square_pipe_reg[43]) is unused and will be removed from module demod_pool_core.
WARNING: [Synth 8-3332] Sequential element (u_freq_stats/sum_square_pipe_reg[42]) is unused and will be removed from module demod_pool_core.
WARNING: [Synth 8-3332] Sequential element (u_freq_stats/sum_square_pipe_reg[41]) is unused and will be removed from module demod_pool_core.
WARNING: [Synth 8-3332] Sequential element (u_freq_stats/sum_square_pipe_reg[40]) is unused and will be removed from module demod_pool_core.
WARNING: [Synth 8-3332] Sequential element (u_freq_stats/sum_square_pipe_reg[39]) is unused and will be removed from module demod_pool_core.
WARNING: [Synth 8-3332] Sequential element (u_freq_stats/sum_square_pipe_reg[38]) is unused and will be removed from module demod_pool_core.
WARNING: [Synth 8-3332] Sequential element (u_freq_stats/sum_square_pipe_reg[37]) is unused and will be removed from module demod_pool_core.
WARNING: [Synth 8-3332] Sequential element (u_freq_stats/sum_square_pipe_reg[36]) is unused and will be removed from module demod_pool_core.
WARNING: [Synth 8-3332] Sequential element (u_freq_stats/sum_square_pipe_reg[35]) is unused and will be removed from module demod_pool_core.
WARNING: [Synth 8-3332] Sequential element (u_freq_stats/sum_square_pipe_reg[34]) is unused and will be removed from module demod_pool_core.
WARNING: [Synth 8-3332] Sequential element (u_freq_stats/sum_square_pipe_reg[33]) is unused and will be removed from module demod_pool_core.
WARNING: [Synth 8-3332] Sequential element (u_freq_stats/sum_square_pipe_reg[32]) is unused and will be removed from module demod_pool_core.
WARNING: [Synth 8-3332] Sequential element (u_freq_stats/sum_square_pipe_reg[31]) is unused and will be removed from module demod_pool_core.
WARNING: [Synth 8-3332] Sequential element (u_freq_stats/sum_square_pipe_reg[30]) is unused and will be removed from module demod_pool_core.
WARNING: [Synth 8-3332] Sequential element (u_freq_stats/sum_square_pipe_reg[29]) is unused and will be removed from module demod_pool_core.
WARNING: [Synth 8-3332] Sequential element (u_freq_stats/sum_square_pipe_reg[28]) is unused and will be removed from module demod_pool_core.
WARNING: [Synth 8-3332] Sequential element (u_freq_stats/sum_square_pipe_reg[27]) is unused and will be removed from module demod_pool_core.
WARNING: [Synth 8-3332] Sequential element (u_freq_stats/sum_square_pipe_reg[26]) is unused and will be removed from module demod_pool_core.
WARNING: [Synth 8-3332] Sequential element (u_freq_stats/sum_square_pipe_reg[25]) is unused and will be removed from module demod_pool_core.
WARNING: [Synth 8-3332] Sequential element (u_freq_stats/sum_square_pipe_reg[24]) is unused and will be removed from module demod_pool_core.
WARNING: [Synth 8-3332] Sequential element (u_freq_stats/sum_square_pipe_reg[23]) is unused and will be removed from module demod_pool_core.
WARNING: [Synth 8-3332] Sequential element (u_freq_stats/sum_square_pipe_reg[22]) is unused and will be removed from module demod_pool_core.
WARNING: [Synth 8-3332] Sequential element (u_freq_stats/sum_square_pipe_reg[21]) is unused and will be removed from module demod_pool_core.
WARNING: [Synth 8-3332] Sequential element (u_freq_stats/sum_square_pipe_reg[20]) is unused and will be removed from module demod_pool_core.
WARNING: [Synth 8-3332] Sequential element (u_freq_stats/sum_square_pipe_reg[19]) is unused and will be removed from module demod_pool_core.
WARNING: [Synth 8-3332] Sequential element (u_freq_stats/sum_square_pipe_reg[18]) is unused and will be removed from module demod_pool_core.
WARNING: [Synth 8-3332] Sequential element (u_freq_stats/sum_square_pipe_reg[17]) is unused and will be removed from module demod_pool_core.
WARNING: [Synth 8-3332] Sequential element (u_freq_stats/sum_square_pipe_reg[47]__0) is unused and will be removed from module demod_pool_core.
WARNING: [Synth 8-3332] Sequential element (u_freq_stats/sum_square_pipe_reg[46]__0) is unused and will be removed from module demod_pool_core.
WARNING: [Synth 8-3332] Sequential element (u_freq_stats/sum_square_pipe_reg[45]__0) is unused and will be removed from module demod_pool_core.
WARNING: [Synth 8-3332] Sequential element (u_freq_stats/sum_square_pipe_reg[44]__0) is unused and will be removed from module demod_pool_core.
WARNING: [Synth 8-3332] Sequential element (u_freq_stats/sum_square_pipe_reg[43]__0) is unused and will be removed from module demod_pool_core.
WARNING: [Synth 8-3332] Sequential element (u_freq_stats/sum_square_pipe_reg[42]__0) is unused and will be removed from module demod_pool_core.
WARNING: [Synth 8-3332] Sequential element (u_freq_stats/sum_square_pipe_reg[41]__0) is unused and will be removed from module demod_pool_core.
INFO: [Common 17-14] Message 'Synth 8-3332' appears 100 times and further instances of the messages will be disabled. Use the Tcl command set_msg_config to change the current settings.
INFO: [Synth 8-3886] merging instance 'inst/u_feature_core/u_cordic_translate/U0/i_synth/i_synth/gen_cordic.input_stage/gen_rotation.gen_rot_control.gen_nd_cr/gen_rtl.gen_dly.gen_regs.delay_bus_reg[0]' (FDRE) to 'inst/u_feature_core/u_cordic_translate/U0/i_synth/i_synth/gen_cordic.cordic_engine/gen_para_arch.gen_iteration[0].eng/cntrl/engine_mode_dly/gen_rtl.gen_reg.d_reg_reg'
INFO: [Synth 8-3886] merging instance 'inst/u_feature_core/u_cordic_translate/U0/i_synth/i_synth/gen_cordic.input_stage/gen_rotation.gen_rot_control.gen_nd_cr/gen_rtl.gen_dly.gen_regs.delay_bus_reg[1]' (FDRE) to 'inst/u_feature_core/u_cordic_translate/U0/i_synth/i_synth/gen_cordic.cordic_engine/gen_para_arch.gen_iteration[1].eng/cntrl/engine_mode_dly/gen_rtl.gen_reg.d_reg_reg'
INFO: [Synth 8-3886] merging instance 'inst/u_feature_core/u_cordic_translate/U0/i_synth/i_synth/gen_cordic.cordic_engine/gen_para_arch.gen_iteration[0].eng/cntrl/cntrl_vect_dly/gen_rtl.gen_reg.d_reg_reg[0]' (FDRE) to 'inst/u_feature_core/u_cordic_translate/U0/i_synth/i_synth/gen_cordic.cordic_engine/gen_para_arch.gen_iteration[2].eng/cntrl/engine_mode_dly/gen_rtl.gen_reg.d_reg_reg'
INFO: [Synth 8-3886] merging instance 'inst/u_feature_core/u_cordic_translate/U0/i_synth/i_synth/gen_cordic.cordic_engine/gen_para_arch.gen_iteration[1].eng/cntrl/cntrl_vect_dly/gen_rtl.gen_reg.d_reg_reg[0]' (FDRE) to 'inst/u_feature_core/u_cordic_translate/U0/i_synth/i_synth/gen_cordic.cordic_engine/gen_para_arch.gen_iteration[3].eng/cntrl/engine_mode_dly/gen_rtl.gen_reg.d_reg_reg'
INFO: [Synth 8-3886] merging instance 'inst/u_feature_core/u_cordic_translate/U0/i_synth/i_synth/gen_cordic.input_stage/gen_rotation.gen_rot_xy.gen_data_y_int_dly/gen_rtl.gen_reg.d_reg_reg[0]' (FDRE) to 'inst/u_feature_core/u_cordic_translate/U0/i_synth/i_synth/gen_cordic.output_stage/gen_rotation.gen_translate.gen_phase_rot_reg/gen_rtl.gen_reg.d_reg_reg[0]'
INFO: [Synth 8-3886] merging instance 'inst/u_feature_core/u_cordic_translate/U0/i_synth/i_synth/gen_cordic.input_stage/gen_rotation.gen_rot_xy.gen_data_x_int_dly/gen_rtl.gen_reg.d_reg_reg[0]' (FDRE) to 'inst/u_feature_core/u_cordic_translate/U0/i_synth/i_synth/gen_cordic.output_stage/gen_rotation.gen_translate.gen_phase_rot_reg/gen_rtl.gen_reg.d_reg_reg[0]'
INFO: [Synth 8-3886] merging instance 'inst/u_feature_core/u_cordic_translate/U0/i_synth/i_synth/gen_cordic.input_stage/gen_rotation.gen_rot_xy.gen_data_y_int_dly/gen_rtl.gen_reg.d_reg_reg[1]' (FDRE) to 'inst/u_feature_core/u_cordic_translate/U0/i_synth/i_synth/gen_cordic.output_stage/gen_rotation.gen_translate.gen_phase_rot_reg/gen_rtl.gen_reg.d_reg_reg[0]'
INFO: [Synth 8-3886] merging instance 'inst/u_feature_core/u_cordic_translate/U0/i_synth/i_synth/gen_cordic.input_stage/gen_rotation.gen_rot_xy.gen_data_x_int_dly/gen_rtl.gen_reg.d_reg_reg[1]' (FDRE) to 'inst/u_feature_core/u_cordic_translate/U0/i_synth/i_synth/gen_cordic.output_stage/gen_rotation.gen_translate.gen_phase_rot_reg/gen_rtl.gen_reg.d_reg_reg[0]'
INFO: [Synth 8-3886] merging instance 'inst/u_feature_core/u_cordic_translate/U0/i_synth/i_synth/gen_cordic.input_stage/gen_rotation.gen_rot_xy.gen_data_y_int_dly/gen_rtl.gen_reg.d_reg_reg[2]' (FDRE) to 'inst/u_feature_core/u_cordic_translate/U0/i_synth/i_synth/gen_cordic.output_stage/gen_rotation.gen_translate.gen_phase_rot_reg/gen_rtl.gen_reg.d_reg_reg[0]'
INFO: [Synth 8-3886] merging instance 'inst/u_feature_core/u_cordic_translate/U0/i_synth/i_synth/gen_cordic.input_stage/gen_rotation.gen_rot_xy.gen_data_x_int_dly/gen_rtl.gen_reg.d_reg_reg[2]' (FDRE) to 'inst/u_feature_core/u_cordic_translate/U0/i_synth/i_synth/gen_cordic.output_stage/gen_rotation.gen_translate.gen_phase_rot_reg/gen_rtl.gen_reg.d_reg_reg[0]'
INFO: [Synth 8-3886] merging instance 'inst/u_feature_core/u_cordic_translate/U0/i_synth/i_synth/gen_cordic.input_stage/gen_rotation.gen_rot_xy.gen_data_y_int_dly/gen_rtl.gen_reg.d_reg_reg[3]' (FDRE) to 'inst/u_feature_core/u_cordic_translate/U0/i_synth/i_synth/gen_cordic.output_stage/gen_rotation.gen_translate.gen_phase_rot_reg/gen_rtl.gen_reg.d_reg_reg[0]'
INFO: [Synth 8-3886] merging instance 'inst/u_feature_core/u_cordic_translate/U0/i_synth/i_synth/gen_cordic.input_stage/gen_rotation.gen_rot_xy.gen_data_x_int_dly/gen_rtl.gen_reg.d_reg_reg[3]' (FDRE) to 'inst/u_feature_core/u_cordic_translate/U0/i_synth/i_synth/gen_cordic.output_stage/gen_rotation.gen_translate.gen_phase_rot_reg/gen_rtl.gen_reg.d_reg_reg[0]'
INFO: [Synth 8-3886] merging instance 'inst/u_feature_core/u_cordic_translate/U0/i_synth/i_synth/gen_cordic.input_stage/gen_rotation.gen_rot_xy.gen_data_y_int_dly/gen_rtl.gen_reg.d_reg_reg[4]' (FDRE) to 'inst/u_feature_core/u_cordic_translate/U0/i_synth/i_synth/gen_cordic.output_stage/gen_rotation.gen_translate.gen_phase_rot_reg/gen_rtl.gen_reg.d_reg_reg[0]'
INFO: [Synth 8-3886] merging instance 'inst/u_feature_core/u_cordic_translate/U0/i_synth/i_synth/gen_cordic.input_stage/gen_rotation.gen_rot_xy.gen_data_x_int_dly/gen_rtl.gen_reg.d_reg_reg[4]' (FDRE) to 'inst/u_feature_core/u_cordic_translate/U0/i_synth/i_synth/gen_cordic.output_stage/gen_rotation.gen_translate.gen_phase_rot_reg/gen_rtl.gen_reg.d_reg_reg[0]'
INFO: [Synth 8-3886] merging instance 'inst/u_feature_core/u_cordic_translate/U0/i_synth/i_synth/gen_cordic.input_stage/gen_rotation.gen_rot_xy.gen_data_y_int_dly/gen_rtl.gen_reg.d_reg_reg[5]' (FDRE) to 'inst/u_feature_core/u_cordic_translate/U0/i_synth/i_synth/gen_cordic.output_stage/gen_rotation.gen_translate.gen_phase_rot_reg/gen_rtl.gen_reg.d_reg_reg[0]'
INFO: [Synth 8-3886] merging instance 'inst/u_feature_core/u_cordic_translate/U0/i_synth/i_synth/gen_cordic.input_stage/gen_rotation.gen_rot_xy.gen_data_x_int_dly/gen_rtl.gen_reg.d_reg_reg[5]' (FDRE) to 'inst/u_feature_core/u_cordic_translate/U0/i_synth/i_synth/gen_cordic.output_stage/gen_rotation.gen_translate.gen_phase_rot_reg/gen_rtl.gen_reg.d_reg_reg[0]'
INFO: [Synth 8-3886] merging instance 'inst/u_feature_core/u_cordic_translate/U0/i_synth/i_synth/gen_cordic.input_stage/gen_rotation.gen_rot_xy.gen_data_y_int_dly/gen_rtl.gen_reg.d_reg_reg[6]' (FDRE) to 'inst/u_feature_core/u_cordic_translate/U0/i_synth/i_synth/gen_cordic.output_stage/gen_rotation.gen_translate.gen_phase_rot_reg/gen_rtl.gen_reg.d_reg_reg[0]'
INFO: [Synth 8-3886] merging instance 'inst/u_feature_core/u_cordic_translate/U0/i_synth/i_synth/gen_cordic.input_stage/gen_rotation.gen_rot_xy.gen_data_x_int_dly/gen_rtl.gen_reg.d_reg_reg[6]' (FDRE) to 'inst/u_feature_core/u_cordic_translate/U0/i_synth/i_synth/gen_cordic.output_stage/gen_rotation.gen_translate.gen_phase_rot_reg/gen_rtl.gen_reg.d_reg_reg[0]'
INFO: [Synth 8-3886] merging instance 'inst/u_feature_core/u_cordic_translate/U0/i_synth/i_synth/gen_cordic.input_stage/gen_rotation.gen_rot_xy.gen_data_y_int_dly/gen_rtl.gen_reg.d_reg_reg[7]' (FDRE) to 'inst/u_feature_core/u_cordic_translate/U0/i_synth/i_synth/gen_cordic.output_stage/gen_rotation.gen_translate.gen_phase_rot_reg/gen_rtl.gen_reg.d_reg_reg[0]'
INFO: [Synth 8-3886] merging instance 'inst/u_feature_core/u_cordic_translate/U0/i_synth/i_synth/gen_cordic.input_stage/gen_rotation.gen_rot_xy.gen_data_x_int_dly/gen_rtl.gen_reg.d_reg_reg[7]' (FDRE) to 'inst/u_feature_core/u_cordic_translate/U0/i_synth/i_synth/gen_cordic.output_stage/gen_rotation.gen_translate.gen_phase_rot_reg/gen_rtl.gen_reg.d_reg_reg[0]'
INFO: [Synth 8-3886] merging instance 'inst/u_feature_core/u_cordic_translate/U0/i_synth/i_synth/gen_cordic.input_stage/gen_rotation.gen_rot_xy.gen_data_y_int_dly/gen_rtl.gen_reg.d_reg_reg[8]' (FDRE) to 'inst/u_feature_core/u_cordic_translate/U0/i_synth/i_synth/gen_cordic.output_stage/gen_rotation.gen_translate.gen_phase_rot_reg/gen_rtl.gen_reg.d_reg_reg[0]'
INFO: [Synth 8-3886] merging instance 'inst/u_feature_core/u_cordic_translate/U0/i_synth/i_synth/gen_cordic.input_stage/gen_rotation.gen_rot_xy.gen_data_x_int_dly/gen_rtl.gen_reg.d_reg_reg[8]' (FDRE) to 'inst/u_feature_core/u_cordic_translate/U0/i_synth/i_synth/gen_cordic.output_stage/gen_rotation.gen_translate.gen_phase_rot_reg/gen_rtl.gen_reg.d_reg_reg[0]'
INFO: [Synth 8-3886] merging instance 'inst/u_feature_core/u_cordic_translate/U0/i_synth/i_synth/gen_cordic.input_stage/gen_rotation.gen_rot_xy.gen_data_y_int_dly/gen_rtl.gen_reg.d_reg_reg[9]' (FDRE) to 'inst/u_feature_core/u_cordic_translate/U0/i_synth/i_synth/gen_cordic.output_stage/gen_rotation.gen_translate.gen_phase_rot_reg/gen_rtl.gen_reg.d_reg_reg[0]'
INFO: [Synth 8-3886] merging instance 'inst/u_feature_core/u_cordic_translate/U0/i_synth/i_synth/gen_cordic.input_stage/gen_rotation.gen_rot_xy.gen_data_x_int_dly/gen_rtl.gen_reg.d_reg_reg[9]' (FDRE) to 'inst/u_feature_core/u_cordic_translate/U0/i_synth/i_synth/gen_cordic.output_stage/gen_rotation.gen_translate.gen_phase_rot_reg/gen_rtl.gen_reg.d_reg_reg[0]'
INFO: [Synth 8-3886] merging instance 'inst/u_feature_core/u_cordic_translate/U0/i_synth/i_synth/gen_cordic.input_stage/gen_rotation.gen_rot_xy.gen_data_y_int_dly/gen_rtl.gen_reg.d_reg_reg[10]' (FDRE) to 'inst/u_feature_core/u_cordic_translate/U0/i_synth/i_synth/gen_cordic.output_stage/gen_rotation.gen_translate.gen_phase_rot_reg/gen_rtl.gen_reg.d_reg_reg[0]'
INFO: [Synth 8-3886] merging instance 'inst/u_feature_core/u_cordic_translate/U0/i_synth/i_synth/gen_cordic.input_stage/gen_rotation.gen_rot_xy.gen_data_x_int_dly/gen_rtl.gen_reg.d_reg_reg[10]' (FDRE) to 'inst/u_feature_core/u_cordic_translate/U0/i_synth/i_synth/gen_cordic.output_stage/gen_rotation.gen_translate.gen_phase_rot_reg/gen_rtl.gen_reg.d_reg_reg[0]'
INFO: [Synth 8-3886] merging instance 'inst/u_feature_core/u_cordic_translate/U0/i_synth/i_synth/gen_cordic.input_stage/gen_rotation.gen_rot_xy.gen_data_y_int_dly/gen_rtl.gen_reg.d_reg_reg[11]' (FDRE) to 'inst/u_feature_core/u_cordic_translate/U0/i_synth/i_synth/gen_cordic.output_stage/gen_rotation.gen_translate.gen_phase_rot_reg/gen_rtl.gen_reg.d_reg_reg[0]'
INFO: [Synth 8-3886] merging instance 'inst/u_feature_core/u_cordic_translate/U0/i_synth/i_synth/gen_cordic.input_stage/gen_rotation.gen_rot_xy.gen_data_x_int_dly/gen_rtl.gen_reg.d_reg_reg[11]' (FDRE) to 'inst/u_feature_core/u_cordic_translate/U0/i_synth/i_synth/gen_cordic.output_stage/gen_rotation.gen_translate.gen_phase_rot_reg/gen_rtl.gen_reg.d_reg_reg[0]'
INFO: [Synth 8-3886] merging instance 'inst/u_feature_core/u_cordic_translate/U0/i_synth/i_synth/gen_cordic.input_stage/gen_rotation.gen_rot_xy.gen_data_y_int_dly/gen_rtl.gen_reg.d_reg_reg[12]' (FDRE) to 'inst/u_feature_core/u_cordic_translate/U0/i_synth/i_synth/gen_cordic.output_stage/gen_rotation.gen_translate.gen_phase_rot_reg/gen_rtl.gen_reg.d_reg_reg[0]'
INFO: [Synth 8-3886] merging instance 'inst/u_feature_core/u_cordic_translate/U0/i_synth/i_synth/gen_cordic.input_stage/gen_rotation.gen_rot_xy.gen_data_x_int_dly/gen_rtl.gen_reg.d_reg_reg[12]' (FDRE) to 'inst/u_feature_core/u_cordic_translate/U0/i_synth/i_synth/gen_cordic.output_stage/gen_rotation.gen_translate.gen_phase_rot_reg/gen_rtl.gen_reg.d_reg_reg[0]'
INFO: [Synth 8-3886] merging instance 'inst/u_feature_core/u_cordic_translate/U0/i_synth/i_synth/gen_cordic.cordic_engine/gen_para_arch.gen_iteration[2].eng/cntrl/cntrl_vect_dly/gen_rtl.gen_reg.d_reg_reg[0]' (FDRE) to 'inst/u_feature_core/u_cordic_translate/U0/i_synth/i_synth/gen_cordic.cordic_engine/gen_para_arch.gen_iteration[4].eng/cntrl/engine_mode_dly/gen_rtl.gen_reg.d_reg_reg'
INFO: [Synth 8-3886] merging instance 'inst/u_feature_core/u_cordic_translate/U0/i_synth/i_synth/gen_cordic.cordic_engine/gen_para_arch.gen_iteration[3].eng/cntrl/cntrl_vect_dly/gen_rtl.gen_reg.d_reg_reg[0]' (FDRE) to 'inst/u_feature_core/u_cordic_translate/U0/i_synth/i_synth/gen_cordic.cordic_engine/gen_para_arch.gen_iteration[5].eng/cntrl/engine_mode_dly/gen_rtl.gen_reg.d_reg_reg'
INFO: [Synth 8-3886] merging instance 'inst/u_feature_core/u_cordic_translate/U0/i_synth/i_synth/gen_cordic.cordic_engine/gen_para_arch.gen_iteration[4].eng/cntrl/cntrl_vect_dly/gen_rtl.gen_reg.d_reg_reg[0]' (FDRE) to 'inst/u_feature_core/u_cordic_translate/U0/i_synth/i_synth/gen_cordic.cordic_engine/gen_para_arch.gen_iteration[6].eng/cntrl/engine_mode_dly/gen_rtl.gen_reg.d_reg_reg'
INFO: [Synth 8-3886] merging instance 'inst/u_feature_core/u_cordic_translate/U0/i_synth/i_synth/gen_cordic.cordic_engine/gen_para_arch.gen_iteration[5].eng/cntrl/cntrl_vect_dly/gen_rtl.gen_reg.d_reg_reg[0]' (FDRE) to 'inst/u_feature_core/u_cordic_translate/U0/i_synth/i_synth/gen_cordic.cordic_engine/gen_para_arch.gen_iteration[7].eng/cntrl/engine_mode_dly/gen_rtl.gen_reg.d_reg_reg'
INFO: [Synth 8-3886] merging instance 'inst/u_feature_core/u_cordic_translate/U0/i_synth/i_synth/gen_cordic.cordic_engine/gen_para_arch.gen_iteration[6].eng/cntrl/cntrl_vect_dly/gen_rtl.gen_reg.d_reg_reg[0]' (FDRE) to 'inst/u_feature_core/u_cordic_translate/U0/i_synth/i_synth/gen_cordic.cordic_engine/gen_para_arch.gen_iteration[8].eng/cntrl/engine_mode_dly/gen_rtl.gen_reg.d_reg_reg'
INFO: [Synth 8-3886] merging instance 'inst/u_feature_core/u_cordic_translate/U0/i_synth/i_synth/gen_cordic.cordic_engine/gen_para_arch.gen_iteration[7].eng/cntrl/cntrl_vect_dly/gen_rtl.gen_reg.d_reg_reg[0]' (FDRE) to 'inst/u_feature_core/u_cordic_translate/U0/i_synth/i_synth/gen_cordic.cordic_engine/gen_para_arch.gen_iteration[9].eng/cntrl/engine_mode_dly/gen_rtl.gen_reg.d_reg_reg'
INFO: [Synth 8-3886] merging instance 'inst/u_feature_core/u_cordic_translate/U0/i_synth/i_synth/gen_cordic.cordic_engine/gen_para_arch.gen_iteration[8].eng/cntrl/cntrl_vect_dly/gen_rtl.gen_reg.d_reg_reg[0]' (FDRE) to 'inst/u_feature_core/u_cordic_translate/U0/i_synth/i_synth/gen_cordic.cordic_engine/gen_para_arch.gen_iteration[10].eng/cntrl/engine_mode_dly/gen_rtl.gen_reg.d_reg_reg'
INFO: [Synth 8-3886] merging instance 'inst/u_feature_core/u_cordic_translate/U0/i_synth/i_synth/gen_cordic.cordic_engine/gen_para_arch.gen_iteration[9].eng/cntrl/cntrl_vect_dly/gen_rtl.gen_reg.d_reg_reg[0]' (FDRE) to 'inst/u_feature_core/u_cordic_translate/U0/i_synth/i_synth/gen_cordic.cordic_engine/gen_para_arch.gen_iteration[11].eng/cntrl/engine_mode_dly/gen_rtl.gen_reg.d_reg_reg'
INFO: [Synth 8-3886] merging instance 'inst/u_feature_core/u_cordic_translate/U0/i_synth/i_synth/gen_cordic.cordic_engine/gen_para_arch.gen_iteration[10].eng/cntrl/cntrl_vect_dly/gen_rtl.gen_reg.d_reg_reg[0]' (FDRE) to 'inst/u_feature_core/u_cordic_translate/U0/i_synth/i_synth/gen_cordic.cordic_engine/gen_para_arch.gen_iteration[12].eng/cntrl/engine_mode_dly/gen_rtl.gen_reg.d_reg_reg'
INFO: [Synth 8-3886] merging instance 'inst/u_feature_core/u_cordic_translate/U0/i_synth/i_synth/gen_cordic.cordic_engine/gen_para_arch.gen_iteration[11].eng/cntrl/cntrl_vect_dly/gen_rtl.gen_reg.d_reg_reg[0]' (FDRE) to 'inst/u_feature_core/u_cordic_translate/U0/i_synth/i_synth/gen_cordic.cordic_engine/gen_para_arch.gen_iteration[13].eng/cntrl/engine_mode_dly/gen_rtl.gen_reg.d_reg_reg'
INFO: [Synth 8-3886] merging instance 'inst/u_feature_core/u_cordic_translate/U0/i_synth/i_synth/gen_cordic.cordic_engine/gen_para_arch.gen_iteration[12].eng/cntrl/cntrl_vect_dly/gen_rtl.gen_reg.d_reg_reg[0]' (FDRE) to 'inst/u_feature_core/u_cordic_translate/U0/i_synth/i_synth/gen_cordic.cordic_engine/gen_para_arch.gen_iteration[14].eng/cntrl/engine_mode_dly/gen_rtl.gen_reg.d_reg_reg'
INFO: [Synth 8-3886] merging instance 'inst/u_feature_core/u_cordic_translate/U0/i_synth/i_synth/gen_cordic.cordic_engine/gen_para_arch.gen_iteration[13].eng/cntrl/cntrl_vect_dly/gen_rtl.gen_reg.d_reg_reg[0]' (FDRE) to 'inst/u_feature_core/u_cordic_translate/U0/i_synth/i_synth/gen_cordic.cordic_engine/gen_para_arch.gen_iteration[15].eng/cntrl/engine_mode_dly/gen_rtl.gen_reg.d_reg_reg'
INFO: [Synth 8-3886] merging instance 'inst/u_feature_core/u_cordic_translate/U0/i_synth/i_synth/gen_cordic.cordic_engine/gen_para_arch.gen_iteration[14].eng/cntrl/cntrl_vect_dly/gen_rtl.gen_reg.d_reg_reg[0]' (FDRE) to 'inst/u_feature_core/u_cordic_translate/U0/i_synth/i_synth/gen_cordic.cordic_engine/gen_para_arch.gen_iteration[16].eng/cntrl/engine_mode_dly/gen_rtl.gen_reg.d_reg_reg'
INFO: [Synth 8-3886] merging instance 'inst/u_feature_core/u_cordic_translate/U0/i_synth/i_synth/gen_cordic.cordic_engine/gen_para_arch.gen_iteration[15].eng/cntrl/cntrl_vect_dly/gen_rtl.gen_reg.d_reg_reg[0]' (FDRE) to 'inst/u_feature_core/u_cordic_translate/U0/i_synth/i_synth/gen_cordic.cordic_engine/gen_para_arch.gen_iteration[17].eng/cntrl/engine_mode_dly/gen_rtl.gen_reg.d_reg_reg'
INFO: [Synth 8-3886] merging instance 'inst/u_feature_core/u_cordic_translate/U0/i_synth/i_synth/gen_cordic.cordic_engine/gen_para_arch.gen_iteration[16].eng/cntrl/cntrl_vect_dly/gen_rtl.gen_reg.d_reg_reg[0]' (FDRE) to 'inst/u_feature_core/u_cordic_translate/U0/i_synth/i_synth/gen_cordic.cordic_engine/gen_para_arch.gen_iteration[18].eng/cntrl/engine_mode_dly/gen_rtl.gen_reg.d_reg_reg'
INFO: [Synth 8-3886] merging instance 'inst/u_feature_core/u_cordic_translate/U0/i_synth/i_synth/gen_cordic.cordic_engine/gen_para_arch.gen_iteration[17].eng/cntrl/cntrl_vect_dly/gen_rtl.gen_reg.d_reg_reg[0]' (FDRE) to 'inst/u_feature_core/u_cordic_translate/U0/i_synth/i_synth/gen_cordic.cordic_engine/gen_para_arch.gen_iteration[19].eng/cntrl/engine_mode_dly/gen_rtl.gen_reg.d_reg_reg'
INFO: [Synth 8-3886] merging instance 'inst/u_feature_core/u_cordic_translate/U0/i_synth/i_synth/gen_cordic.cordic_engine/gen_para_arch.gen_iteration[18].eng/cntrl/cntrl_vect_dly/gen_rtl.gen_reg.d_reg_reg[0]' (FDRE) to 'inst/u_feature_core/u_cordic_translate/U0/i_synth/i_synth/gen_cordic.cordic_engine/gen_para_arch.gen_iteration[20].eng/cntrl/engine_mode_dly/gen_rtl.gen_reg.d_reg_reg'
INFO: [Synth 8-3886] merging instance 'inst/u_feature_core/u_cordic_translate/U0/i_synth/i_synth/gen_cordic.output_stage/gen_rotation.gen_translate.gen_phase_rot_reg/gen_rtl.gen_reg.d_reg_reg[0]' (FDRE) to 'inst/u_feature_core/u_cordic_translate/U0/i_synth/i_synth/gen_cordic.output_stage/gen_rotation.gen_translate.gen_phase_rot_reg/gen_rtl.gen_reg.d_reg_reg[1]'
INFO: [Synth 8-3886] merging instance 'inst/u_feature_core/u_cordic_translate/U0/i_synth/i_synth/gen_cordic.output_stage/gen_rotation.gen_translate.gen_phase_rot_reg/gen_rtl.gen_reg.d_reg_reg[1]' (FDRE) to 'inst/u_feature_core/u_cordic_translate/U0/i_synth/i_synth/gen_cordic.output_stage/gen_rotation.gen_translate.gen_phase_rot_reg/gen_rtl.gen_reg.d_reg_reg[2]'
INFO: [Synth 8-3886] merging instance 'inst/u_feature_core/u_cordic_translate/U0/i_synth/i_synth/gen_cordic.output_stage/gen_rotation.gen_translate.gen_phase_rot_reg/gen_rtl.gen_reg.d_reg_reg[2]' (FDRE) to 'inst/u_feature_core/u_cordic_translate/U0/i_synth/i_synth/gen_cordic.output_stage/gen_rotation.gen_translate.gen_phase_rot_reg/gen_rtl.gen_reg.d_reg_reg[3]'
INFO: [Synth 8-3886] merging instance 'inst/u_feature_core/u_cordic_translate/U0/i_synth/i_synth/gen_cordic.output_stage/gen_rotation.gen_translate.gen_phase_rot_reg/gen_rtl.gen_reg.d_reg_reg[3]' (FDRE) to 'inst/u_feature_core/u_cordic_translate/U0/i_synth/i_synth/gen_cordic.output_stage/gen_rotation.gen_translate.gen_phase_rot_reg/gen_rtl.gen_reg.d_reg_reg[4]'
INFO: [Synth 8-3886] merging instance 'inst/u_feature_core/u_cordic_translate/U0/i_synth/i_synth/gen_cordic.output_stage/gen_rotation.gen_translate.gen_phase_rot_reg/gen_rtl.gen_reg.d_reg_reg[4]' (FDRE) to 'inst/u_feature_core/u_cordic_translate/U0/i_synth/i_synth/gen_cordic.output_stage/gen_rotation.gen_translate.gen_phase_rot_reg/gen_rtl.gen_reg.d_reg_reg[5]'
INFO: [Synth 8-3886] merging instance 'inst/u_feature_core/u_cordic_translate/U0/i_synth/i_synth/gen_cordic.output_stage/gen_rotation.gen_translate.gen_phase_rot_reg/gen_rtl.gen_reg.d_reg_reg[5]' (FDRE) to 'inst/u_feature_core/u_cordic_translate/U0/i_synth/i_synth/gen_cordic.output_stage/gen_rotation.gen_translate.gen_phase_rot_reg/gen_rtl.gen_reg.d_reg_reg[6]'
INFO: [Common 17-14] Message 'Synth 8-3886' appears 100 times and further instances of the messages will be disabled. Use the Tcl command set_msg_config to change the current settings.
INFO: [Synth 8-3333] propagating constant 0 across sequential element (inst/u_feature_core/u_cordic_translate/U0/i_synth/\i_synth/gen_cordic.output_stage/gen_rotation.gen_translate.gen_phase_rot_reg/gen_rtl.gen_reg.d_reg_reg[24] )
INFO: [Synth 8-3333] propagating constant 0 across sequential element (inst/u_feature_core/u_cordic_translate/U0/i_synth/\i_synth/gen_cordic.output_stage/gen_scaling.gen_x_out.scale/multiplier /\gCCM.iCCM/emb_mult_ccm.dsp_ccm.dsp48_array/use_prim.iBdelx[1].iBdely[1].need_delay_line.Bdelay/dN.std_srl.shift_reg_reg[0][10] )
INFO: [Synth 8-3333] propagating constant 0 across sequential element (inst/u_feature_core/u_cordic_translate/U0/i_synth/\i_synth/gen_cordic.output_stage/gen_scaling.gen_x_out.scale/multiplier /\gCCM.iCCM/emb_mult_ccm.dsp_ccm.dsp48_array/use_prim.iBdelx[1].iBdely[1].need_delay_line.Bdelay/dN.std_srl.shift_reg_reg[0][10] )
---------------------------------------------------------------------------------
Finished Cross Boundary and Area Optimization : Time (s): cpu = 00:00:35 ; elapsed = 00:00:38 . Memory (MB): peak = 946.129 ; gain = 566.570
---------------------------------------------------------------------------------

Report RTL Partitions: 
+-+--------------+------------+----------+
| |RTL Partition |Replication |Instances |
+-+--------------+------------+----------+
+-+--------------+------------+----------+
---------------------------------------------------------------------------------
Start Applying XDC Timing Constraints
---------------------------------------------------------------------------------
---------------------------------------------------------------------------------
Finished Applying XDC Timing Constraints : Time (s): cpu = 00:00:41 ; elapsed = 00:00:44 . Memory (MB): peak = 1012.148 ; gain = 632.590
---------------------------------------------------------------------------------
---------------------------------------------------------------------------------
Start Timing Optimization
---------------------------------------------------------------------------------
---------------------------------------------------------------------------------
Finished Timing Optimization : Time (s): cpu = 00:00:43 ; elapsed = 00:00:47 . Memory (MB): peak = 1084.004 ; gain = 704.445
---------------------------------------------------------------------------------

Report RTL Partitions: 
+-+--------------+------------+----------+
| |RTL Partition |Replication |Instances |
+-+--------------+------------+----------+
+-+--------------+------------+----------+
---------------------------------------------------------------------------------
Start Technology Mapping
---------------------------------------------------------------------------------
---------------------------------------------------------------------------------
Finished Technology Mapping : Time (s): cpu = 00:00:46 ; elapsed = 00:00:50 . Memory (MB): peak = 1088.207 ; gain = 708.648
---------------------------------------------------------------------------------

Report RTL Partitions: 
+-+--------------+------------+----------+
| |RTL Partition |Replication |Instances |
+-+--------------+------------+----------+
+-+--------------+------------+----------+
---------------------------------------------------------------------------------
Start IO Insertion
---------------------------------------------------------------------------------
---------------------------------------------------------------------------------
Start Flattening Before IO Insertion
---------------------------------------------------------------------------------
---------------------------------------------------------------------------------
Finished Flattening Before IO Insertion
---------------------------------------------------------------------------------
---------------------------------------------------------------------------------
Start Final Netlist Cleanup
---------------------------------------------------------------------------------
---------------------------------------------------------------------------------
Finished Final Netlist Cleanup
---------------------------------------------------------------------------------
---------------------------------------------------------------------------------
Finished IO Insertion : Time (s): cpu = 00:00:47 ; elapsed = 00:00:50 . Memory (MB): peak = 1088.207 ; gain = 708.648
---------------------------------------------------------------------------------

Report Check Netlist: 
+------+------------------+-------+---------+-------+------------------+
|      |Item              |Errors |Warnings |Status |Description       |
+------+------------------+-------+---------+-------+------------------+
|1     |multi_driven_nets |      0|        0|Passed |Multi driven nets |
+------+------------------+-------+---------+-------+------------------+
---------------------------------------------------------------------------------
Start Renaming Generated Instances
---------------------------------------------------------------------------------
---------------------------------------------------------------------------------
Finished Renaming Generated Instances : Time (s): cpu = 00:00:47 ; elapsed = 00:00:50 . Memory (MB): peak = 1088.207 ; gain = 708.648
---------------------------------------------------------------------------------

Report RTL Partitions: 
+-+--------------+------------+----------+
| |RTL Partition |Replication |Instances |
+-+--------------+------------+----------+
+-+--------------+------------+----------+
---------------------------------------------------------------------------------
Start Rebuilding User Hierarchy
---------------------------------------------------------------------------------
---------------------------------------------------------------------------------
Finished Rebuilding User Hierarchy : Time (s): cpu = 00:00:47 ; elapsed = 00:00:51 . Memory (MB): peak = 1088.207 ; gain = 708.648
---------------------------------------------------------------------------------
---------------------------------------------------------------------------------
Start Renaming Generated Ports
---------------------------------------------------------------------------------
---------------------------------------------------------------------------------
Finished Renaming Generated Ports : Time (s): cpu = 00:00:47 ; elapsed = 00:00:51 . Memory (MB): peak = 1088.207 ; gain = 708.648
---------------------------------------------------------------------------------
---------------------------------------------------------------------------------
Start Handling Custom Attributes
---------------------------------------------------------------------------------
---------------------------------------------------------------------------------
Finished Handling Custom Attributes : Time (s): cpu = 00:00:48 ; elapsed = 00:00:51 . Memory (MB): peak = 1088.207 ; gain = 708.648
---------------------------------------------------------------------------------
---------------------------------------------------------------------------------
Start Renaming Generated Nets
---------------------------------------------------------------------------------
---------------------------------------------------------------------------------
Finished Renaming Generated Nets : Time (s): cpu = 00:00:48 ; elapsed = 00:00:51 . Memory (MB): peak = 1088.207 ; gain = 708.648
---------------------------------------------------------------------------------
---------------------------------------------------------------------------------
Start Writing Synthesis Report
---------------------------------------------------------------------------------

Report BlackBoxes: 
+-+--------------+----------+
| |BlackBox name |Instances |
+-+--------------+----------+
+-+--------------+----------+

Report Cell Usage: 
+------+-----------+------+
|      |Cell       |Count |
+------+-----------+------+
|1     |CARRY4     |   668|
|2     |DSP48E1    |     1|
|3     |DSP48E1_1  |     1|
|4     |DSP48E1_10 |     2|
|5     |DSP48E1_2  |     1|
|6     |DSP48E1_3  |     1|
|7     |DSP48E1_4  |     5|
|8     |DSP48E1_5  |     4|
|9     |DSP48E1_6  |     1|
|10    |DSP48E1_8  |     1|
|11    |DSP48E1_9  |     1|
|12    |LUT1       |   366|
|13    |LUT2       |  1510|
|14    |LUT3       |  1528|
|15    |LUT4       |   283|
|16    |LUT5       |   215|
|17    |LUT6       |   846|
|18    |MUXCY      |  2018|
|19    |MUXF7      |   178|
|20    |MUXF8      |    64|
|21    |SRL16E     |    29|
|22    |SRLC32E    |    99|
|23    |XORCY      |  2000|
|24    |FDRE       |  5765|
|25    |FDSE       |    23|
+------+-----------+------+
---------------------------------------------------------------------------------
Finished Writing Synthesis Report : Time (s): cpu = 00:00:48 ; elapsed = 00:00:51 . Memory (MB): peak = 1088.207 ; gain = 708.648
---------------------------------------------------------------------------------
Synthesis finished with 0 errors, 0 critical warnings and 556 warnings.
Synthesis Optimization Runtime : Time (s): cpu = 00:00:24 ; elapsed = 00:00:46 . Memory (MB): peak = 1088.207 ; gain = 428.512
Synthesis Optimization Complete : Time (s): cpu = 00:00:48 ; elapsed = 00:00:51 . Memory (MB): peak = 1088.207 ; gain = 708.648
INFO: [Project 1-571] Translating synthesized netlist
INFO: [Netlist 29-17] Analyzing 4946 Unisim elements for replacement
INFO: [Netlist 29-28] Unisim Transformation completed in 0 CPU seconds
INFO: [Project 1-570] Preparing netlist for logic optimization
INFO: [Opt 31-138] Pushed 0 inverter(s) to 0 load pin(s).
Netlist sorting complete. Time (s): cpu = 00:00:00 ; elapsed = 00:00:00.003 . Memory (MB): peak = 1088.207 ; gain = 0.000
INFO: [Project 1-111] Unisim Transformation Summary:
  A total of 576 instances were transformed.
  (MUXCY,XORCY) => CARRY4: 576 instances

INFO: [Common 17-83] Releasing license: Synthesis
194 Infos, 202 Warnings, 0 Critical Warnings and 0 Errors encountered.
synth_design completed successfully
synth_design: Time (s): cpu = 00:00:51 ; elapsed = 00:00:55 . Memory (MB): peak = 1088.207 ; gain = 720.164
Netlist sorting complete. Time (s): cpu = 00:00:00 ; elapsed = 00:00:00.003 . Memory (MB): peak = 1088.207 ; gain = 0.000
WARNING: [Constraints 18-5210] No constraints selected for write.
Resolution: This message can indicate that there are no constraints for the design, or it can indicate that the used_in flags are set such that the constraints are ignored. This later case is used when running synth_design to not write synthesis constraints to the resulting checkpoint. Instead, project constraints are read when the synthesized design is opened.
INFO: [Common 17-1381] The checkpoint 'C:/Users/Toph Beifong/Desktop/2023_step2_by_ygw_v4/2023_step2_by_ygw.runs/design_1_demod_pool_core_bpsk_0_0_synth_1/design_1_demod_pool_core_bpsk_0_0.dcp' has been generated.
INFO: [Coretcl 2-1174] Renamed 586 cell refs.
Netlist sorting complete. Time (s): cpu = 00:00:00 ; elapsed = 00:00:00.003 . Memory (MB): peak = 1088.207 ; gain = 0.000
WARNING: [Constraints 18-5210] No constraints selected for write.
Resolution: This message can indicate that there are no constraints for the design, or it can indicate that the used_in flags are set such that the constraints are ignored. This later case is used when running synth_design to not write synthesis constraints to the resulting checkpoint. Instead, project constraints are read when the synthesized design is opened.
INFO: [Common 17-1381] The checkpoint 'C:/Users/Toph Beifong/Desktop/2023_step2_by_ygw_v4/2023_step2_by_ygw.runs/design_1_demod_pool_core_bpsk_0_0_synth_1/design_1_demod_pool_core_bpsk_0_0.dcp' has been generated.
INFO: [runtcl-4] Executing : report_utilization -file design_1_demod_pool_core_bpsk_0_0_utilization_synth.rpt -pb design_1_demod_pool_core_bpsk_0_0_utilization_synth.pb
INFO: [Common 17-206] Exiting Vivado at Sun Jul 26 02:06:20 2026...
